Microchip MPLAB XC8 Compiler V2.05 ()

Linker command line:

-W-3 --edf=D:\Program Files (x86)\Microchip\xc8\v2.05\pic\dat\en_msgs.txt \
  -cs -h+dist/default/production\MasterProyecto.X.production.sym \
  --cmf=dist/default/production\MasterProyecto.X.production.cmf -z -Q16F887 \
  -oC:\Users\kit_s\AppData\Local\Temp\siag.2 --defsym=__MPLAB_BUILD=1 \
  -Mdist/default/production/MasterProyecto.X.production.map -E1 -ver=XC8 \
  --acfsm=1493 -ASTACK=0110h-016Fh -pstack=STACK -ACODE=00h-07FFhx4 \
  -ASTRCODE=00h-01FFFh -ASTRING=00h-0FFhx32 -ACONST=00h-0FFhx32 \
  -AENTRY=00h-0FFhx32 -ACOMMON=070h-07Fh -ABANK0=020h-06Fh \
  -ABANK1=0A0h-0EFh -ABANK2=0110h-016Fh -ABANK3=0190h-01EFh \
  -ARAM=020h-06Fh,0A0h-0EFh,0110h-016Fh,0190h-01EFh \
  -AABS1=020h-07Fh,0A0h-0EFh,0110h-016Fh,0190h-01EFh -ASFR0=00h-01Fh \
  -ASFR1=080h-09Fh -ASFR2=0100h-010Fh -ASFR3=0180h-018Fh \
  -preset_vec=00h,intentry=04h,init,end_init -ppowerup=CODE -pcinit=CODE \
  -pfunctab=ENTRY -ACONFIG=02007h-02008h -pconfig=CONFIG -DCONFIG=2 \
  -AIDLOC=02000h-02003h -pidloc=IDLOC -DIDLOC=2 -AEEDATA=00h-0FFh/02100h \
  -peeprom_data=EEDATA -DEEDATA=2 -DCODE=2 -DSTRCODE=2 -DSTRING=2 -DCONST=2 \
  -DENTRY=2 -k C:\Users\kit_s\AppData\Local\Temp\siag.o \
  dist/default/production\MasterProyecto.X.production.o 

Object code version is 3.11

Machine type is 16F887



                Name                               Link     Load   Length Selector   Space Scale
C:\Users\kit_s\AppData\Local\Temp\siag.o
                end_init                              C        C        3        8       0
                reset_vec                             0        0        3        0       0
                config                             2007     2007        2     400E       0
dist/default/production\MasterProyecto.X.production.o
                cinit                                 F        F        E        8       0
                intentry                              4        4        8        8       0
                text40                              A7A      A7A       1F     14F4       0
                text39                              A10      A10       1A     1420       0
                text38                              A2A      A2A       1A     1454       0
                text37                              7F2      7F2        B      D80       0
                text36                              D66      D66       50     1ACC       0
                text35                              BE1      BE1       39     17C2       0
                text34                              C92      C92       41     1924       0
                text33                              9C1      9C1        6     1382       0
                text32                              9F5      9F5        A     13EA       0
                text31                              E5C      E5C       5B     1CB8       0
                text30                              D19      D19       4D     1A32       0
                text29                              9EC      9EC        9     13D8       0
                text28                              9C7      9C7        7     138E       0
                text27                              9CE      9CE        7     139C       0
                text26                              9DC      9DC        8     13B8       0
                text25                              A44      A44       1B     1488       0
                text24                              5D1      5D1       2E        8       0
                text23                              A99      A99       23     1532       0
                text22                              ABC      ABC       23     1578       0
                text21                              9D5      9D5        7     13AA       0
                text20                              C1A      C1A       3A     1834       0
                text19                              ADF      ADF       23     15BE       0
                text18                              9FF      9FF       11     13FE       0
                text17                              C54      C54       3E     18A8       0
                text16                              B75      B75       34     16EA       0
                text15                              41F      41F       DA        8       0
                text14                              B25      B25       24     164A       0
                text13                              6C0      6C0       A3      D80       0
                text12                              F77      F77       89     1EEE       0
                text11                              B02      B02       23     1604       0
                text10                              A5F      A5F       1B     14BE       0
                text9                               EB7      EB7       60     1D6E       0
                text8                               BA9      BA9       38     1752       0
                text7                               F17      F17       60     1E2E       0
                text6                               763      763       8F      D80       0
                text5                               4F9      4F9       D8        8       0
                text4                               E07      E07       55     1C0E       0
                text3                               DB6      DB6       51     1B6C       0
                text2                               B49      B49       2C     1692       0
                text1                               CD3      CD3       46     19A6       0
                maintext                             1D       1D      402        8       0
                cstackBANK0                          20       20       25       20       1
                cstackCOMMON                         70       70        8       70       1
                clrtext                             9E4      9E4        8     13C8       0
                bssBANK0                             45       45       20       20       1
                bssCOMMON                            78       78        3       70       1
                strings                             600      600       C0      C00       0

TOTAL           Name                               Link     Load   Length     Space
        CLASS   STACK          

        CLASS   CODE           
                end_init                              C        C        3         0
                cinit                                 F        F        E         0
                intentry                              4        4        8         0
                reset_vec                             0        0        3         0
                text40                              A7A      A7A       1F         0
                text39                              A10      A10       1A         0
                text38                              A2A      A2A       1A         0
                text37                              7F2      7F2        B         0
                text36                              D66      D66       50         0
                text35                              BE1      BE1       39         0
                text34                              C92      C92       41         0
                text33                              9C1      9C1        6         0
                text32                              9F5      9F5        A         0
                text31                              E5C      E5C       5B         0
                text30                              D19      D19       4D         0
                text29                              9EC      9EC        9         0
                text28                              9C7      9C7        7         0
                text27                              9CE      9CE        7         0
                text26                              9DC      9DC        8         0
                text25                              A44      A44       1B         0
                text24                              5D1      5D1       2E         0
                text23                              A99      A99       23         0
                text22                              ABC      ABC       23         0
                text21                              9D5      9D5        7         0
                text20                              C1A      C1A       3A         0
                text19                              ADF      ADF       23         0
                text18                              9FF      9FF       11         0
                text17                              C54      C54       3E         0
                text16                              B75      B75       34         0
                text15                              41F      41F       DA         0
                text14                              B25      B25       24         0
                text13                              6C0      6C0       A3         0
                text12                              F77      F77       89         0
                text11                              B02      B02       23         0
                text10                              A5F      A5F       1B         0
                text9                               EB7      EB7       60         0
                text8                               BA9      BA9       38         0
                text7                               F17      F17       60         0
                text6                               763      763       8F         0
                text5                               4F9      4F9       D8         0
                text4                               E07      E07       55         0
                text3                               DB6      DB6       51         0
                text2                               B49      B49       2C         0
                text1                               CD3      CD3       46         0
                maintext                             1D       1D      402         0
                clrtext                             9E4      9E4        8         0

        CLASS   STRCODE        

        CLASS   STRING         
                strings                             600      600       C0         0

        CLASS   CONST          

        CLASS   ENTRY          

        CLASS   COMMON         
                cstackCOMMON                         70       70        8         1
                bssCOMMON                            78       78        3         1

        CLASS   BANK0          
                cstackBANK0                          20       20       25         1
                bssBANK0                             45       45       20         1

        CLASS   BANK1          

        CLASS   BANK2          

        CLASS   BANK3          

        CLASS   RAM            

        CLASS   ABS1           
                abs_s1                               7E       7E        2         1

        CLASS   SFR0           

        CLASS   SFR1           

        CLASS   SFR2           

        CLASS   SFR3           

        CLASS   CONFIG         
                config                             2007     2007        2         0

        CLASS   IDLOC          

        CLASS   EEDATA         



SEGMENTS        Name                           Load    Length   Top    Selector   Space  Class     Delta

                reset_vec                      000000  000003  000003         0       0  CODE        2
                intentry                       000004  0005FB  0005FF         8       0  CODE        2
                cstackBANK0                    000020  000045  000065        20       1  BANK0       1
                cstackCOMMON                   000070  00000B  00007B        70       1  COMMON      1
                strings                        000600  0000C0  0006C0       C00       0  STRING      2
                text13                         0006C0  00013D  0007FD       D80       0  CODE        2
                text33                         0009C1  000006  0009C7      1382       0  CODE        2
                text28                         0009C7  000007  0009CE      138E       0  CODE        2
                text27                         0009CE  000007  0009D5      139C       0  CODE        2
                text21                         0009D5  000007  0009DC      13AA       0  CODE        2
                text26                         0009DC  000008  0009E4      13B8       0  CODE        2
                clrtext                        0009E4  000008  0009EC      13C8       0  CODE        2
                text29                         0009EC  000009  0009F5      13D8       0  CODE        2
                text32                         0009F5  00000A  0009FF      13EA       0  CODE        2
                text18                         0009FF  000011  000A10      13FE       0  CODE        2
                text39                         000A10  00001A  000A2A      1420       0  CODE        2
                text38                         000A2A  00001A  000A44      1454       0  CODE        2
                text25                         000A44  00001B  000A5F      1488       0  CODE        2
                text10                         000A5F  00001B  000A7A      14BE       0  CODE        2
                text40                         000A7A  00001F  000A99      14F4       0  CODE        2
                text23                         000A99  000023  000ABC      1532       0  CODE        2
                text22                         000ABC  000023  000ADF      1578       0  CODE        2
                text19                         000ADF  000023  000B02      15BE       0  CODE        2
                text11                         000B02  000023  000B25      1604       0  CODE        2
                text14                         000B25  000024  000B49      164A       0  CODE        2
                text2                          000B49  00002C  000B75      1692       0  CODE        2
                text16                         000B75  000034  000BA9      16EA       0  CODE        2
                text8                          000BA9  000038  000BE1      1752       0  CODE        2
                text35                         000BE1  000039  000C1A      17C2       0  CODE        2
                text20                         000C1A  00003A  000C54      1834       0  CODE        2
                text17                         000C54  00003E  000C92      18A8       0  CODE        2
                text34                         000C92  000041  000CD3      1924       0  CODE        2
                text1                          000CD3  000046  000D19      19A6       0  CODE        2
                text30                         000D19  00004D  000D66      1A32       0  CODE        2
                text36                         000D66  000050  000DB6      1ACC       0  CODE        2
                text3                          000DB6  000051  000E07      1B6C       0  CODE        2
                text4                          000E07  000055  000E5C      1C0E       0  CODE        2
                text31                         000E5C  00005B  000EB7      1CB8       0  CODE        2
                text9                          000EB7  000060  000F17      1D6E       0  CODE        2
                text7                          000F17  000060  000F77      1E2E       0  CODE        2
                text12                         000F77  000089  001000      1EEE       0  CODE        2
                config                         002007  000002  002009      400E       0  CONFIG      2


UNUSED ADDRESS RANGES

        Name                Unused          Largest block    Delta
        BANK0            0065-006F              B           1
        BANK1            00A0-00EF             50           1
        BANK2            0110-016F             60           1
        BANK3            0190-01EF             60           1
        CODE             0003-0003              1           2
                         05FF-05FF              1
                         07FD-09C0              3
                         1000-1FFF            800
        COMMON           007B-007D              3           1
        CONST            0003-0003              1           2
                         05FF-05FF              1
                         07FD-09C0            100
                         1000-1FFF            100
        EEDATA           2100-21FF            100           2
        ENTRY            0003-0003              1           2
                         05FF-05FF              1
                         07FD-09C0            100
                         1000-1FFF            100
        IDLOC            2000-2003              4           2
        RAM              0065-006F              B           1
                         00A0-00EF             50
                         0110-016F             60
                         0190-01EF             60
        SFR0             0000-001F             20           1
        SFR1             0080-009F             20           1
        SFR2             0100-010F             10           1
        SFR3             0180-018F             10           1
        STACK            0110-016F             60           1
        STRCODE          0003-0003              1           2
                         05FF-05FF              1
                         07FD-09C0            1C4
                         1000-1FFF           1000
        STRING           0003-0003              1           2
                         05FF-05FF              1
                         07FD-09C0            100
                         1000-1FFF            100

                                  Symbol Table

?_I2C_Master_Read                  cstackCOMMON 0073
?___aldiv                          cstackBANK0  0020
?___awdiv                          cstackCOMMON 0073
?___awmod                          cstackCOMMON 0073
?___lldiv                          cstackBANK0  0020
?___lwdiv                          cstackCOMMON 0073
?___lwmod                          cstackBANK0  0023
?_sprintf                          cstackBANK0  0029
?_strcmp                           cstackCOMMON 0073
I2C_Master_Init@c                  cstackBANK0  002D
I2C_Master_Read@a                  cstackCOMMON 0073
I2C_Master_Read@temp               cstackBANK0  0020
I2C_Master_Write@d                 cstackCOMMON 0073
Lcd_Cmd@a                          cstackCOMMON 0076
Lcd_Port@a                         cstackCOMMON 0073
Lcd_Set_Cursor@a                   cstackBANK0  0022
Lcd_Set_Cursor@b                   cstackCOMMON 0077
Lcd_Set_Cursor@temp                cstackBANK0  0025
Lcd_Set_Cursor@y                   cstackBANK0  0024
Lcd_Set_Cursor@z                   cstackBANK0  0023
Lcd_Write_Char@a                   cstackCOMMON 0077
Lcd_Write_Char@temp                cstackCOMMON 0075
Lcd_Write_Char@y                   cstackCOMMON 0076
Lcd_Write_String@a                 cstackBANK0  0020
Lcd_Write_String@i                 cstackBANK0  0025
UART_Init@baudrate                 cstackBANK0  002E
UART_Init@x                        cstackCOMMON 0074
UART_Write@data                    cstackCOMMON 0073
_ANSEL                             (abs)        0188
_ANSELH                            (abs)        0189
_BRGH                              (abs)        04C2
_CREN                              (abs)        00C4
_GIE                               (abs)        005F
_I2C_Master_Init                   text8        0BA9
_I2C_Master_Read                   text24       05D1
_I2C_Master_RepeatedStart          text21       09D5
_I2C_Master_Start                  text28       09C7
_I2C_Master_Stop                   text27       09CE
_I2C_Master_Wait                   text29       09EC
_I2C_Master_Write                  text26       09DC
_INTCONbits                        (abs)        000B
_IR                                bssBANK0     0055
_Lcd_Clear                         text37       07F2
_Lcd_Cmd                           text38       0A2A
_Lcd_Init                          text7        0F17
_Lcd_Port                          text39       0A10
_Lcd_Set_Cursor                    text36       0D66
_Lcd_Write_Char                    text35       0BE1
_Lcd_Write_String                  text34       0C92
_OPTION_REGbits                    (abs)        0081
_OSCCONbits                        (abs)        008F
_PEIE                              (abs)        005E
_PIR                               bssBANK0     0056
_PORTA                             (abs)        0005
_PORTAbits                         (abs)        0005
_PORTB                             (abs)        0006
_PORTBbits                         (abs)        0006
_PORTC                             (abs)        0007
_PORTCbits                         (abs)        0007
_PORTDbits                         (abs)        0008
_RCEN                              (abs)        048B
_RCIF                              (abs)        0065
_RCREG                             (abs)        001A
_RCSTAbits                         (abs)        0018
_SPBRG                             (abs)        0099
_SPEN                              (abs)        00C7
_SSPADD                            (abs)        0093
_SSPBUF                            (abs)        0013
_SSPCON                            (abs)        0014
_SSPCON2                           (abs)        0091
_SSPCON2bits                       (abs)        0091
_SSPCONbits                        (abs)        0014
_SSPIE                             (abs)        0463
_SSPIF                             (abs)        0063
_SSPSTAT                           (abs)        0094
_SYNC                              (abs)        04C4
_TMR0                              (abs)        0001
_TRISA                             (abs)        0085
_TRISB                             (abs)        0086
_TRISC                             (abs)        0087
_TRISC3                            (abs)        043B
_TRISC4                            (abs)        043C
_TRISC6                            (abs)        043E
_TRISC7                            (abs)        043F
_TRISCbits                         (abs)        0087
_TRISD                             (abs)        0088
_TRMT                              (abs)        04C1
_TXEN                              (abs)        04C5
_TXREG                             (abs)        0019
_UART_Init                         text5        04F9
_UART_TX_Empty                     text33       09C1
_UART_Write                        text32       09F5
__CFG_BOR4V$BOR40V                 (abs)        0000
__CFG_BOREN$OFF                    (abs)        0000
__CFG_CP$OFF                       (abs)        0000
__CFG_CPD$OFF                      (abs)        0000
__CFG_FCMEN$OFF                    (abs)        0000
__CFG_FOSC$INTRC_NOCLKOUT          (abs)        0000
__CFG_IESO$OFF                     (abs)        0000
__CFG_LVP$OFF                      (abs)        0000
__CFG_MCLRE$ON                     (abs)        0000
__CFG_PWRTE$OFF                    (abs)        0000
__CFG_WDTE$OFF                     (abs)        0000
__CFG_WRT$OFF                      (abs)        0000
__Habs1                            abs1         0000
__Hbank0                           bank0        0000
__Hbank1                           bank1        0000
__Hbank2                           bank2        0000
__Hbank3                           bank3        0000
__HbssBANK0                        bssBANK0     0000
__HbssCOMMON                       bssCOMMON    0000
__Hcinit                           cinit        001D
__Hclrtext                         clrtext      0000
__Hcode                            code         0000
__Hcommon                          common       0000
__Hconfig                          config       2009
__HcstackBANK0                     cstackBANK0  0000
__HcstackCOMMON                    cstackCOMMON 0000
__Heeprom_data                     eeprom_data  0000
__Hend_init                        end_init     000F
__Hfunctab                         functab      0000
__Hidloc                           idloc        0000
__Hinit                            init         000C
__Hintentry                        intentry     000C
__Hmaintext                        maintext     0000
__Hpowerup                         powerup      0000
__Hram                             ram          0000
__Hreset_vec                       reset_vec    0003
__Hsfr0                            sfr0         0000
__Hsfr1                            sfr1         0000
__Hsfr2                            sfr2         0000
__Hsfr3                            sfr3         0000
__Hspace_0                         (abs)        2009
__Hspace_1                         (abs)        007B
__Hspace_2                         (abs)        0000
__Hspace_3                         (abs)        0000
__Hstack                           stack        0000
__Hstrings                         strings      0000
__Htext                            text         0000
__Labs1                            abs1         0000
__Lbank0                           bank0        0000
__Lbank1                           bank1        0000
__Lbank2                           bank2        0000
__Lbank3                           bank3        0000
__LbssBANK0                        bssBANK0     0000
__LbssCOMMON                       bssCOMMON    0000
__Lcinit                           cinit        000F
__Lclrtext                         clrtext      0000
__Lcode                            code         0000
__Lcommon                          common       0000
__Lconfig                          config       2007
__LcstackBANK0                     cstackBANK0  0000
__LcstackCOMMON                    cstackCOMMON 0000
__Leeprom_data                     eeprom_data  0000
__Lend_init                        end_init     000C
__Lfunctab                         functab      0000
__Lidloc                           idloc        0000
__Linit                            init         000C
__Lintentry                        intentry     0004
__Lmaintext                        maintext     0000
__Lpowerup                         powerup      0000
__Lram                             ram          0000
__Lreset_vec                       reset_vec    0000
__Lsfr0                            sfr0         0000
__Lsfr1                            sfr1         0000
__Lsfr2                            sfr2         0000
__Lsfr3                            sfr3         0000
__Lspace_0                         (abs)        0000
__Lspace_1                         (abs)        0000
__Lspace_2                         (abs)        0000
__Lspace_3                         (abs)        0000
__Lstack                           stack        0000
__Lstrings                         strings      0000
__Ltext                            text         0000
__S0                               (abs)        2009
__S1                               (abs)        007B
__S2                               (abs)        0000
__S3                               (abs)        0000
___aldiv                           text6        0763
___aldiv@counter                   cstackBANK0  0028
___aldiv@dividend                  cstackBANK0  0024
___aldiv@divisor                   cstackBANK0  0020
___aldiv@quotient                  cstackBANK0  002A
___aldiv@sign                      cstackBANK0  0029
___awdiv                           text31       0E5C
___awdiv@counter                   cstackBANK0  0020
___awdiv@dividend                  cstackCOMMON 0075
___awdiv@divisor                   cstackCOMMON 0073
___awdiv@quotient                  cstackBANK0  0022
___awdiv@sign                      cstackBANK0  0021
___awmod                           text30       0D19
___awmod@counter                   cstackBANK0  0020
___awmod@dividend                  cstackCOMMON 0075
___awmod@divisor                   cstackCOMMON 0073
___awmod@sign                      cstackBANK0  0021
___bmul                            text18       09FF
___bmul@multiplicand               cstackCOMMON 0073
___bmul@multiplier                 cstackCOMMON 0076
___bmul@product                    cstackCOMMON 0075
___int_sp                          stack        0000
___latbits                         (abs)        0002
___lldiv                           text9        0EB7
___lldiv@counter                   cstackBANK0  002C
___lldiv@dividend                  cstackBANK0  0024
___lldiv@divisor                   cstackBANK0  0020
___lldiv@quotient                  cstackBANK0  0028
___lwdiv                           text17       0C54
___lwdiv@counter                   cstackBANK0  0020
___lwdiv@dividend                  cstackCOMMON 0075
___lwdiv@divisor                   cstackCOMMON 0073
___lwdiv@quotient                  cstackBANK0  0021
___lwmod                           text16       0B75
___lwmod@counter                   cstackBANK0  0028
___lwmod@dividend                  cstackBANK0  0025
___lwmod@divisor                   cstackBANK0  0023
___sp                              stack        0000
___stackhi                         (abs)        0000
___stacklo                         (abs)        0000
__end_of_I2C_Master_Init           text8        0BE1
__end_of_I2C_Master_Read           text24       05FF
__end_of_I2C_Master_RepeatedStart  text21       09DC
__end_of_I2C_Master_Start          text28       09CE
__end_of_I2C_Master_Stop           text27       09D5
__end_of_I2C_Master_Wait           text29       09F5
__end_of_I2C_Master_Write          text26       09E4
__end_of_Lcd_Clear                 text37       07FD
__end_of_Lcd_Cmd                   text38       0A44
__end_of_Lcd_Init                  text7        0F77
__end_of_Lcd_Port                  text39       0A2A
__end_of_Lcd_Set_Cursor            text36       0DB6
__end_of_Lcd_Write_Char            text35       0C1A
__end_of_Lcd_Write_String          text34       0CD3
__end_of_UART_Init                 text5        05D1
__end_of_UART_TX_Empty             text33       09C7
__end_of_UART_Write                text32       09FF
__end_of___aldiv                   text6        07F2
__end_of___awdiv                   text31       0EB7
__end_of___awmod                   text30       0D66
__end_of___bmul                    text18       0A10
__end_of___lldiv                   text9        0F17
__end_of___lwdiv                   text17       0C92
__end_of___lwmod                   text16       0BA9
__end_of__initialization           cinit        0019
__end_of__stringtab                strings      0610
__end_of_close_door                text25       0A5F
__end_of_dpowers                   strings      061A
__end_of_get_IR                    text23       0ABC
__end_of_get_PIR                   text22       0ADF
__end_of_get_day                   text20       0C54
__end_of_get_hall                  text19       0B02
__end_of_get_temp                  text13       0763
__end_of_get_time                  text12       1000
__end_of_get_tripwire              text11       0B25
__end_of_initOscilador             text4        0E5C
__end_of_main                      maintext     041F
__end_of_manual_pwm                text40       0A99
__end_of_open_door                 text10       0A7A
__end_of_setup                     text3        0E07
__end_of_sprintf                   text15       04F9
__end_of_strcat                    text14       0B49
__end_of_strcmp                    text2        0B75
__end_of_write_RTC                 text1        0D19
__initialization                   cinit        000F
__pbssBANK0                        bssBANK0     0045
__pbssCOMMON                       bssCOMMON    0078
__pcstackBANK0                     cstackBANK0  0020
__pcstackCOMMON                    cstackCOMMON 0070
__pintentry                        intentry     0004
__pmaintext                        maintext     001D
__pstrings                         strings      0600
__ptext1                           text1        0CD3
__ptext10                          text10       0A5F
__ptext11                          text11       0B02
__ptext12                          text12       0F77
__ptext13                          text13       06C0
__ptext14                          text14       0B25
__ptext15                          text15       041F
__ptext16                          text16       0B75
__ptext17                          text17       0C54
__ptext18                          text18       09FF
__ptext19                          text19       0ADF
__ptext2                           text2        0B49
__ptext20                          text20       0C1A
__ptext21                          text21       09D5
__ptext22                          text22       0ABC
__ptext23                          text23       0A99
__ptext24                          text24       05D1
__ptext25                          text25       0A44
__ptext26                          text26       09DC
__ptext27                          text27       09CE
__ptext28                          text28       09C7
__ptext29                          text29       09EC
__ptext3                           text3        0DB6
__ptext30                          text30       0D19
__ptext31                          text31       0E5C
__ptext32                          text32       09F5
__ptext33                          text33       09C1
__ptext34                          text34       0C92
__ptext35                          text35       0BE1
__ptext36                          text36       0D66
__ptext37                          text37       07F2
__ptext38                          text38       0A2A
__ptext39                          text39       0A10
__ptext4                           text4        0E07
__ptext40                          text40       0A7A
__ptext5                           text5        04F9
__ptext6                           text6        0763
__ptext7                           text7        0F17
__ptext8                           text8        0BA9
__ptext9                           text9        0EB7
__size_of_I2C_Master_Init          (abs)        0000
__size_of_I2C_Master_Read          (abs)        0000
__size_of_I2C_Master_RepeatedStart (abs)        0000
__size_of_I2C_Master_Start         (abs)        0000
__size_of_I2C_Master_Stop          (abs)        0000
__size_of_I2C_Master_Wait          (abs)        0000
__size_of_I2C_Master_Write         (abs)        0000
__size_of_Lcd_Clear                (abs)        0000
__size_of_Lcd_Cmd                  (abs)        0000
__size_of_Lcd_Init                 (abs)        0000
__size_of_Lcd_Port                 (abs)        0000
__size_of_Lcd_Set_Cursor           (abs)        0000
__size_of_Lcd_Write_Char           (abs)        0000
__size_of_Lcd_Write_String         (abs)        0000
__size_of_UART_Init                (abs)        0000
__size_of_UART_TX_Empty            (abs)        0000
__size_of_UART_Write               (abs)        0000
__size_of___aldiv                  (abs)        0000
__size_of___awdiv                  (abs)        0000
__size_of___awmod                  (abs)        0000
__size_of___bmul                   (abs)        0000
__size_of___lldiv                  (abs)        0000
__size_of___lwdiv                  (abs)        0000
__size_of___lwmod                  (abs)        0000
__size_of_close_door               (abs)        0000
__size_of_get_IR                   (abs)        0000
__size_of_get_PIR                  (abs)        0000
__size_of_get_day                  (abs)        0000
__size_of_get_hall                 (abs)        0000
__size_of_get_temp                 (abs)        0000
__size_of_get_time                 (abs)        0000
__size_of_get_tripwire             (abs)        0000
__size_of_initOscilador            (abs)        0000
__size_of_main                     (abs)        0000
__size_of_manual_pwm               (abs)        0000
__size_of_open_door                (abs)        0000
__size_of_setup                    (abs)        0000
__size_of_sprintf                  (abs)        0000
__size_of_strcat                   (abs)        0000
__size_of_strcmp                   (abs)        0000
__size_of_write_RTC                (abs)        0000
__stringbase                       strings      060F
__stringtab                        strings      0600
_alarm                             bssBANK0     004D
_bank                              bssBANK0     004C
_change                            bssBANK0     0051
_change1                           bssBANK0     0050
_close_door                        text25       0A44
_cont                              bssBANK0     004B
_day1                              bssBANK0     0054
_day2                              bssBANK0     0058
_door                              bssCOMMON    007A
_dpowers                           strings      0610
_get_IR                            text23       0A99
_get_PIR                           text22       0ABC
_get_day                           text20       0C1A
_get_hall                          text19       0ADF
_get_temp                          text13       06C0
_get_time                          text12       0F77
_get_tripwire                      text11       0B02
_hour                              bssBANK0     0049
_i                                 bssBANK0     0053
_initOscilador                     text4        0E07
_j                                 bssBANK0     0052
_main                              maintext     001D
_manual_pwm                        text40       0A7A
_min                               bssBANK0     0048
_newhour                           bssCOMMON    0078
_newmin                            bssBANK0     0047
_open_door                         text10       0A5F
_setup                             text3        0DB6
_sprintf                           text15       041F
_state                             bssCOMMON    0079
_strcat                            text14       0B25
_strcmp                            text2        0B49
_temp                              bssBANK0     0059
_time                              bssBANK0     005F
_trip                              bssBANK0     0057
_val                               bssBANK0     004A
_write_RTC                         text1        0CD3
btemp                              (abs)        007E
clear_ram0                         clrtext      09E4
end_of_initialization              cinit        0019
get_IR@IR                          cstackBANK0  0022
get_PIR@PIR                        cstackBANK0  0022
get_day@d                          cstackBANK0  0022
get_hall@key                       cstackBANK0  0022
get_temp@decimal                   cstackBANK0  0039
get_temp@tempLSB                   cstackBANK0  003E
get_temp@tempMSB                   cstackBANK0  003C
get_temp@temp_string               cstackBANK0  003D
get_time@hour                      cstackBANK0  0024
get_time@min                       cstackBANK0  0025
get_time@time_string               cstackBANK0  0026
get_tripwire@trip                  cstackBANK0  0022
initOscilador@option               cstackCOMMON 0075
interrupt_function                 intentry     0004
intlevel0                          functab      0000
intlevel1                          functab      0000
intlevel2                          functab      0000
intlevel3                          functab      0000
intlevel4                          functab      0000
intlevel5                          functab      0000
reset_vec                          reset_vec    0000
saved_w                            (abs)        007E
sprintf@ap                         cstackBANK0  002F
sprintf@c                          cstackBANK0  0035
sprintf@f                          cstackBANK0  0029
sprintf@flag                       cstackBANK0  0030
sprintf@prec                       cstackBANK0  0031
sprintf@sp                         cstackBANK0  0034
sprintf@val                        cstackBANK0  0032
start                              init         000C
start_initialization               cinit        000F
strcat@cp                          cstackCOMMON 0076
strcat@from                        cstackCOMMON 0073
strcat@to                          cstackCOMMON 0075
strcmp@r                           cstackBANK0  0020
strcmp@s1                          cstackBANK0  0021
strcmp@s2                          cstackCOMMON 0073
write_RTC@day                      cstackCOMMON 0076
write_RTC@hour                     cstackCOMMON 0077
write_RTC@minutes                  cstackCOMMON 0075
wtemp0                             (abs)        007E


FUNCTION INFORMATION:

 *************** function _main *****************
 Defined at:
		line 78 in file "mainMaster.c"
 Parameters:    Size  Location     Type
		None
 Auto vars:     Size  Location     Type
		None
 Return value:  Size  Location     Type
                  1    wreg      void 
 Registers used:
		wreg, fsr0l, fsr0h, status,2, status,0, btemp+1, pclath, cstack
 Tracked objects:
		On entry : 
		On exit  : 
		Unchanged: 
 Data sizes:     COMMON   BANK0   BANK1   BANK3   BANK2
      Params:         0       0       0       0       0
      Locals:         0       0       0       0       0
      Temps:          0       6       0       0       0
      Totals:         0       6       0       0       0
Total ram usage:        6 bytes
 Hardware stack levels required when called:    5
 This function calls:
		_Lcd_Clear
		_Lcd_Set_Cursor
		_Lcd_Write_Char
		_Lcd_Write_String
		_UART_TX_Empty
		_UART_Write
		___awdiv
		___awmod
		___bmul
		_close_door
		_get_IR
		_get_PIR
		_get_day
		_get_hall
		_get_temp
		_get_time
		_get_tripwire
		_open_door
		_setup
		_strcmp
		_write_RTC
 This function is called by:
		Startup code after reset
 This function uses a non-reentrant model


 *************** function _write_RTC *****************
 Defined at:
		line 384 in file "mainMaster.c"
 Parameters:    Size  Location     Type
  hour            1    wreg     unsigned char 
  minutes         1    5[COMMON] unsigned char 
  day             1    6[COMMON] unsigned char 
 Auto vars:     Size  Location     Type
  hour            1    7[COMMON] unsigned char 
 Return value:  Size  Location     Type
                  1    wreg      void 
 Registers used:
		wreg, status,2, status,0, pclath, cstack
 Tracked objects:
		On entry : 
		On exit  : 
		Unchanged: 
 Data sizes:     COMMON   BANK0   BANK1   BANK3   BANK2
      Params:         2       0       0       0       0
      Locals:         1       0       0       0       0
      Temps:          0       2       0       0       0
      Totals:         3       2       0       0       0
Total ram usage:        5 bytes
 Hardware stack levels used:    1
 Hardware stack levels required when called:    3
 This function calls:
		_I2C_Master_Start
		_I2C_Master_Stop
		_I2C_Master_Write
 This function is called by:
		_main
 This function uses a non-reentrant model


 *************** function _strcmp *****************
 Defined at:
		line 33 in file "D:\Program Files (x86)\Microchip\xc8\v2.05\pic\sources\c90\common\strcmp.c"
 Parameters:    Size  Location     Type
  s1              1    wreg     PTR const unsigned char 
		 -> temp(6), 
  s2              1    3[COMMON] PTR const unsigned char 
		 -> STR_9(6), 
 Auto vars:     Size  Location     Type
  s1              1    1[BANK0 ] PTR const unsigned char 
		 -> temp(6), 
  r               1    0[BANK0 ] char 
 Return value:  Size  Location     Type
                  2    3[COMMON] int 
 Registers used:
		wreg, fsr0l, fsr0h, status,2, status,0, pclath
 Tracked objects:
		On entry : 
		On exit  : 
		Unchanged: 
 Data sizes:     COMMON   BANK0   BANK1   BANK3   BANK2
      Params:         2       0       0       0       0
      Locals:         0       2       0       0       0
      Temps:          3       0       0       0       0
      Totals:         5       2       0       0       0
Total ram usage:        7 bytes
 Hardware stack levels used:    2
 Hardware stack levels required when called:    1
 This function calls:
		Nothing
 This function is called by:
		_main
 This function uses a non-reentrant model


 *************** function _setup *****************
 Defined at:
		line 353 in file "mainMaster.c"
 Parameters:    Size  Location     Type
		None
 Auto vars:     Size  Location     Type
		None
 Return value:  Size  Location     Type
                  1    wreg      void 
 Registers used:
		wreg, fsr0l, fsr0h, status,2, status,0, pclath, cstack
 Tracked objects:
		On entry : 
		On exit  : 
		Unchanged: 
 Data sizes:     COMMON   BANK0   BANK1   BANK3   BANK2
      Params:         0       0       0       0       0
      Locals:         0       0       0       0       0
      Temps:          0       0       0       0       0
      Totals:         0       0       0       0       0
Total ram usage:        0 bytes
 Hardware stack levels used:    1
 Hardware stack levels required when called:    4
 This function calls:
		_I2C_Master_Init
		_Lcd_Init
		_UART_Init
		_initOscilador
 This function is called by:
		_main
 This function uses a non-reentrant model


 *************** function _initOscilador *****************
 Defined at:
		line 11 in file "./Oscilador.h"
 Parameters:    Size  Location     Type
  option          1    wreg     unsigned char 
 Auto vars:     Size  Location     Type
  option          1    5[COMMON] unsigned char 
 Return value:  Size  Location     Type
                  1    wreg      void 
 Registers used:
		wreg, fsr0l, fsr0h, status,2, status,0
 Tracked objects:
		On entry : 
		On exit  : 
		Unchanged: 
 Data sizes:     COMMON   BANK0   BANK1   BANK3   BANK2
      Params:         0       0       0       0       0
      Locals:         1       0       0       0       0
      Temps:          2       0       0       0       0
      Totals:         3       0       0       0       0
Total ram usage:        3 bytes
 Hardware stack levels used:    1
 Hardware stack levels required when called:    1
 This function calls:
		Nothing
 This function is called by:
		_setup
 This function uses a non-reentrant model


 *************** function _UART_Init *****************
 Defined at:
		line 8 in file "./UART.h"
 Parameters:    Size  Location     Type
  baudrate        4   14[BANK0 ] const long 
 Auto vars:     Size  Location     Type
  x               2    4[COMMON] unsigned int 
 Return value:  Size  Location     Type
                  1    wreg      unsigned char 
 Registers used:
		wreg, status,2, status,0, pclath, cstack
 Tracked objects:
		On entry : 
		On exit  : 
		Unchanged: 
 Data sizes:     COMMON   BANK0   BANK1   BANK3   BANK2
      Params:         0       4       0       0       0
      Locals:         2       0       0       0       0
      Temps:          0      12       0       0       0
      Totals:         2      16       0       0       0
Total ram usage:       18 bytes
 Hardware stack levels used:    1
 Hardware stack levels required when called:    2
 This function calls:
		___aldiv
 This function is called by:
		_setup
 This function uses a non-reentrant model


 *************** function ___aldiv *****************
 Defined at:
		line 5 in file "D:\Program Files (x86)\Microchip\xc8\v2.05\pic\sources\c90\common\aldiv.c"
 Parameters:    Size  Location     Type
  divisor         4    0[BANK0 ] long 
  dividend        4    4[BANK0 ] long 
 Auto vars:     Size  Location     Type
  quotient        4   10[BANK0 ] long 
  sign            1    9[BANK0 ] unsigned char 
  counter         1    8[BANK0 ] unsigned char 
 Return value:  Size  Location     Type
                  4    0[BANK0 ] long 
 Registers used:
		wreg, status,2, status,0
 Tracked objects:
		On entry : 
		On exit  : 
		Unchanged: 
 Data sizes:     COMMON   BANK0   BANK1   BANK3   BANK2
      Params:         0       8       0       0       0
      Locals:         0       6       0       0       0
      Temps:          1       0       0       0       0
      Totals:         1      14       0       0       0
Total ram usage:       15 bytes
 Hardware stack levels used:    1
 Hardware stack levels required when called:    1
 This function calls:
		Nothing
 This function is called by:
		_UART_Init
 This function uses a non-reentrant model


 *************** function _Lcd_Init *****************
 Defined at:
		line 65 in file "./LCD4bits.h"
 Parameters:    Size  Location     Type
		None
 Auto vars:     Size  Location     Type
		None
 Return value:  Size  Location     Type
                  1    wreg      void 
 Registers used:
		wreg, status,2, status,0, pclath, cstack
 Tracked objects:
		On entry : 
		On exit  : 
		Unchanged: 
 Data sizes:     COMMON   BANK0   BANK1   BANK3   BANK2
      Params:         0       0       0       0       0
      Locals:         0       0       0       0       0
      Temps:          0       2       0       0       0
      Totals:         0       2       0       0       0
Total ram usage:        2 bytes
 Hardware stack levels used:    1
 Hardware stack levels required when called:    3
 This function calls:
		_Lcd_Cmd
		_Lcd_Port
 This function is called by:
		_setup
 This function uses a non-reentrant model


 *************** function _I2C_Master_Init *****************
 Defined at:
		line 16 in file "./I2C.h"
 Parameters:    Size  Location     Type
  c               4   13[BANK0 ] const unsigned long 
 Auto vars:     Size  Location     Type
		None
 Return value:  Size  Location     Type
                  1    wreg      void 
 Registers used:
		wreg, status,2, status,0, pclath, cstack
 Tracked objects:
		On entry : 
		On exit  : 
		Unchanged: 
 Data sizes:     COMMON   BANK0   BANK1   BANK3   BANK2
      Params:         0       4       0       0       0
      Locals:         0       0       0       0       0
      Temps:          4       0       0       0       0
      Totals:         4       4       0       0       0
Total ram usage:        8 bytes
 Hardware stack levels used:    1
 Hardware stack levels required when called:    2
 This function calls:
		___lldiv
 This function is called by:
		_setup
 This function uses a non-reentrant model


 *************** function ___lldiv *****************
 Defined at:
		line 5 in file "D:\Program Files (x86)\Microchip\xc8\v2.05\pic\sources\c90\common\__lldiv.c"
 Parameters:    Size  Location     Type
  divisor         4    0[BANK0 ] unsigned long 
  dividend        4    4[BANK0 ] unsigned long 
 Auto vars:     Size  Location     Type
  quotient        4    8[BANK0 ] unsigned long 
  counter         1   12[BANK0 ] unsigned char 
 Return value:  Size  Location     Type
                  4    0[BANK0 ] unsigned long 
 Registers used:
		wreg, status,2, status,0
 Tracked objects:
		On entry : 
		On exit  : 
		Unchanged: 
 Data sizes:     COMMON   BANK0   BANK1   BANK3   BANK2
      Params:         0       8       0       0       0
      Locals:         0       5       0       0       0
      Temps:          1       0       0       0       0
      Totals:         1      13       0       0       0
Total ram usage:       14 bytes
 Hardware stack levels used:    1
 Hardware stack levels required when called:    1
 This function calls:
		Nothing
 This function is called by:
		_I2C_Master_Init
 This function uses a non-reentrant model


 *************** function _open_door *****************
 Defined at:
		line 506 in file "mainMaster.c"
 Parameters:    Size  Location     Type
		None
 Auto vars:     Size  Location     Type
		None
 Return value:  Size  Location     Type
                  1    wreg      void 
 Registers used:
		wreg, status,2, status,0, pclath, cstack
 Tracked objects:
		On entry : 
		On exit  : 
		Unchanged: 
 Data sizes:     COMMON   BANK0   BANK1   BANK3   BANK2
      Params:         0       0       0       0       0
      Locals:         0       0       0       0       0
      Temps:          0       0       0       0       0
      Totals:         0       0       0       0       0
Total ram usage:        0 bytes
 Hardware stack levels used:    1
 Hardware stack levels required when called:    3
 This function calls:
		_I2C_Master_Start
		_I2C_Master_Stop
		_I2C_Master_Write
 This function is called by:
		_main
 This function uses a non-reentrant model


 *************** function _get_tripwire *****************
 Defined at:
		line 470 in file "mainMaster.c"
 Parameters:    Size  Location     Type
		None
 Auto vars:     Size  Location     Type
  trip            1    2[BANK0 ] unsigned char 
 Return value:  Size  Location     Type
                  1    wreg      unsigned char 
 Registers used:
		wreg, status,2, status,0, pclath, cstack
 Tracked objects:
		On entry : 
		On exit  : 
		Unchanged: 
 Data sizes:     COMMON   BANK0   BANK1   BANK3   BANK2
      Params:         0       0       0       0       0
      Locals:         0       1       0       0       0
      Temps:          1       0       0       0       0
      Totals:         1       1       0       0       0
Total ram usage:        2 bytes
 Hardware stack levels used:    1
 Hardware stack levels required when called:    3
 This function calls:
		_I2C_Master_Read
		_I2C_Master_Start
		_I2C_Master_Stop
		_I2C_Master_Write
 This function is called by:
		_main
 This function uses a non-reentrant model


 *************** function _get_time *****************
 Defined at:
		line 395 in file "mainMaster.c"
 Parameters:    Size  Location     Type
  time_string     1    wreg     PTR unsigned char 
		 -> time(6), 
 Auto vars:     Size  Location     Type
  time_string     1    6[BANK0 ] PTR unsigned char 
		 -> time(6), 
  min             1    5[BANK0 ] unsigned char 
  hour            1    4[BANK0 ] unsigned char 
 Return value:  Size  Location     Type
                  1    wreg      void 
 Registers used:
		wreg, fsr0l, fsr0h, status,2, status,0, pclath, cstack
 Tracked objects:
		On entry : 
		On exit  : 
		Unchanged: 
 Data sizes:     COMMON   BANK0   BANK1   BANK3   BANK2
      Params:         0       0       0       0       0
      Locals:         0       3       0       0       0
      Temps:          0       2       0       0       0
      Totals:         0       5       0       0       0
Total ram usage:        5 bytes
 Hardware stack levels used:    1
 Hardware stack levels required when called:    3
 This function calls:
		_I2C_Master_Read
		_I2C_Master_RepeatedStart
		_I2C_Master_Start
		_I2C_Master_Stop
		_I2C_Master_Write
 This function is called by:
		_main
 This function uses a non-reentrant model


 *************** function _get_temp *****************
 Defined at:
		line 431 in file "mainMaster.c"
 Parameters:    Size  Location     Type
  temp_string     1    wreg     PTR unsigned char 
		 -> temp(6), 
 Auto vars:     Size  Location     Type
  temp_string     1   29[BANK0 ] PTR unsigned char 
		 -> temp(6), 
  decimal         3   25[BANK0 ] unsigned char [3]
  tempLSB         1   30[BANK0 ] unsigned char 
  tempMSB         1   28[BANK0 ] unsigned char 
 Return value:  Size  Location     Type
                  1    wreg      void 
 Registers used:
		wreg, fsr0l, fsr0h, status,2, status,0, btemp+1, pclath, cstack
 Tracked objects:
		On entry : 
		On exit  : 
		Unchanged: 
 Data sizes:     COMMON   BANK0   BANK1   BANK3   BANK2
      Params:         0       0       0       0       0
      Locals:         0       6       0       0       0
      Temps:          0       3       0       0       0
      Totals:         0       9       0       0       0
Total ram usage:        9 bytes
 Hardware stack levels used:    1
 Hardware stack levels required when called:    3
 This function calls:
		_I2C_Master_Read
		_I2C_Master_RepeatedStart
		_I2C_Master_Start
		_I2C_Master_Stop
		_I2C_Master_Write
		___bmul
		_sprintf
		_strcat
 This function is called by:
		_main
 This function uses a non-reentrant model


 *************** function _strcat *****************
 Defined at:
		line 8 in file "D:\Program Files (x86)\Microchip\xc8\v2.05\pic\sources\c90\common\strcat.c"
 Parameters:    Size  Location     Type
  to              1    wreg     PTR unsigned char 
		 -> temp(6), 
  from            1    3[COMMON] PTR const unsigned char 
		 -> get_temp@decimal(3), 
 Auto vars:     Size  Location     Type
  to              1    5[COMMON] PTR unsigned char 
		 -> temp(6), 
  cp              1    6[COMMON] PTR unsigned char 
		 -> temp(6), 
 Return value:  Size  Location     Type
                  1    wreg      PTR unsigned char 
 Registers used:
		wreg, fsr0l, fsr0h, status,2, status,0
 Tracked objects:
		On entry : 
		On exit  : 
		Unchanged: 
 Data sizes:     COMMON   BANK0   BANK1   BANK3   BANK2
      Params:         1       0       0       0       0
      Locals:         2       0       0       0       0
      Temps:          1       0       0       0       0
      Totals:         4       0       0       0       0
Total ram usage:        4 bytes
 Hardware stack levels used:    1
 Hardware stack levels required when called:    1
 This function calls:
		Nothing
 This function is called by:
		_get_temp
 This function uses a non-reentrant model


 *************** function _sprintf *****************
 Defined at:
		line 500 in file "D:\Program Files (x86)\Microchip\xc8\v2.05\pic\sources\c90\common\doprnt.c"
 Parameters:    Size  Location     Type
  sp              1    wreg     PTR unsigned char 
		 -> get_temp@decimal(3), temp(6), 
  f               1    9[BANK0 ] PTR const unsigned char 
		 -> STR_22(4), STR_21(5), STR_20(3), 
 Auto vars:     Size  Location     Type
  sp              1   20[BANK0 ] PTR unsigned char 
		 -> get_temp@decimal(3), temp(6), 
  tmpval          4    0        struct .
  val             2   18[BANK0 ] unsigned int 
  cp              2    0        PTR const unsigned char 
  len             2    0        unsigned int 
  c               1   21[BANK0 ] unsigned char 
  prec            1   17[BANK0 ] char 
  flag            1   16[BANK0 ] unsigned char 
  ap              1   15[BANK0 ] PTR void [1]
		 -> ?_sprintf(2), 
 Return value:  Size  Location     Type
                  2    9[BANK0 ] int 
 Registers used:
		wreg, fsr0l, fsr0h, status,2, status,0, btemp+1, pclath, cstack
 Tracked objects:
		On entry : 
		On exit  : 
		Unchanged: 
 Data sizes:     COMMON   BANK0   BANK1   BANK3   BANK2
      Params:         0       3       0       0       0
      Locals:         0       7       0       0       0
      Temps:          0       3       0       0       0
      Totals:         0      13       0       0       0
Total ram usage:       13 bytes
 Hardware stack levels used:    1
 Hardware stack levels required when called:    2
 This function calls:
		___lwdiv
		___lwmod
 This function is called by:
		_get_temp
 This function uses a non-reentrant model


 *************** function ___lwmod *****************
 Defined at:
		line 5 in file "D:\Program Files (x86)\Microchip\xc8\v2.05\pic\sources\c90\common\lwmod.c"
 Parameters:    Size  Location     Type
  divisor         2    3[BANK0 ] unsigned int 
  dividend        2    5[BANK0 ] unsigned int 
 Auto vars:     Size  Location     Type
  counter         1    8[BANK0 ] unsigned char 
 Return value:  Size  Location     Type
                  2    3[BANK0 ] unsigned int 
 Registers used:
		wreg, status,2, status,0
 Tracked objects:
		On entry : 
		On exit  : 
		Unchanged: 
 Data sizes:     COMMON   BANK0   BANK1   BANK3   BANK2
      Params:         0       4       0       0       0
      Locals:         0       1       0       0       0
      Temps:          0       1       0       0       0
      Totals:         0       6       0       0       0
Total ram usage:        6 bytes
 Hardware stack levels used:    1
 Hardware stack levels required when called:    1
 This function calls:
		Nothing
 This function is called by:
		_sprintf
 This function uses a non-reentrant model


 *************** function ___lwdiv *****************
 Defined at:
		line 5 in file "D:\Program Files (x86)\Microchip\xc8\v2.05\pic\sources\c90\common\lwdiv.c"
 Parameters:    Size  Location     Type
  divisor         2    3[COMMON] unsigned int 
  dividend        2    5[COMMON] unsigned int 
 Auto vars:     Size  Location     Type
  quotient        2    1[BANK0 ] unsigned int 
  counter         1    0[BANK0 ] unsigned char 
 Return value:  Size  Location     Type
                  2    3[COMMON] unsigned int 
 Registers used:
		wreg, status,2, status,0
 Tracked objects:
		On entry : 
		On exit  : 
		Unchanged: 
 Data sizes:     COMMON   BANK0   BANK1   BANK3   BANK2
      Params:         4       0       0       0       0
      Locals:         0       3       0       0       0
      Temps:          1       0       0       0       0
      Totals:         5       3       0       0       0
Total ram usage:        8 bytes
 Hardware stack levels used:    1
 Hardware stack levels required when called:    1
 This function calls:
		Nothing
 This function is called by:
		_sprintf
 This function uses a non-reentrant model


 *************** function ___bmul *****************
 Defined at:
		line 4 in file "D:\Program Files (x86)\Microchip\xc8\v2.05\pic\sources\c90\common\Umul8.c"
 Parameters:    Size  Location     Type
  multiplier      1    wreg     unsigned char 
  multiplicand    1    3[COMMON] unsigned char 
 Auto vars:     Size  Location     Type
  multiplier      1    6[COMMON] unsigned char 
  product         1    5[COMMON] unsigned char 
 Return value:  Size  Location     Type
                  1    wreg      unsigned char 
 Registers used:
		wreg, status,2, status,0
 Tracked objects:
		On entry : 
		On exit  : 
		Unchanged: 
 Data sizes:     COMMON   BANK0   BANK1   BANK3   BANK2
      Params:         1       0       0       0       0
      Locals:         2       0       0       0       0
      Temps:          1       0       0       0       0
      Totals:         4       0       0       0       0
Total ram usage:        4 bytes
 Hardware stack levels used:    1
 Hardware stack levels required when called:    1
 This function calls:
		Nothing
 This function is called by:
		_main
		_get_temp
 This function uses a non-reentrant model


 *************** function _get_hall *****************
 Defined at:
		line 458 in file "mainMaster.c"
 Parameters:    Size  Location     Type
		None
 Auto vars:     Size  Location     Type
  key             1    2[BANK0 ] unsigned char 
 Return value:  Size  Location     Type
                  1    wreg      unsigned char 
 Registers used:
		wreg, status,2, status,0, pclath, cstack
 Tracked objects:
		On entry : 
		On exit  : 
		Unchanged: 
 Data sizes:     COMMON   BANK0   BANK1   BANK3   BANK2
      Params:         0       0       0       0       0
      Locals:         0       1       0       0       0
      Temps:          1       0       0       0       0
      Totals:         1       1       0       0       0
Total ram usage:        2 bytes
 Hardware stack levels used:    1
 Hardware stack levels required when called:    3
 This function calls:
		_I2C_Master_Read
		_I2C_Master_Start
		_I2C_Master_Stop
		_I2C_Master_Write
 This function is called by:
		_main
 This function uses a non-reentrant model


 *************** function _get_day *****************
 Defined at:
		line 416 in file "mainMaster.c"
 Parameters:    Size  Location     Type
		None
 Auto vars:     Size  Location     Type
  d               1    2[BANK0 ] unsigned char 
 Return value:  Size  Location     Type
                  1    wreg      unsigned char 
 Registers used:
		wreg, status,2, status,0, pclath, cstack
 Tracked objects:
		On entry : 
		On exit  : 
		Unchanged: 
 Data sizes:     COMMON   BANK0   BANK1   BANK3   BANK2
      Params:         0       0       0       0       0
      Locals:         0       1       0       0       0
      Temps:          1       0       0       0       0
      Totals:         1       1       0       0       0
Total ram usage:        2 bytes
 Hardware stack levels used:    1
 Hardware stack levels required when called:    3
 This function calls:
		_I2C_Master_Read
		_I2C_Master_RepeatedStart
		_I2C_Master_Start
		_I2C_Master_Stop
		_I2C_Master_Write
 This function is called by:
		_main
 This function uses a non-reentrant model


 *************** function _I2C_Master_RepeatedStart *****************
 Defined at:
		line 47 in file "./I2C.h"
 Parameters:    Size  Location     Type
		None
 Auto vars:     Size  Location     Type
		None
 Return value:  Size  Location     Type
                  1    wreg      void 
 Registers used:
		wreg, status,2, status,0, pclath, cstack
 Tracked objects:
		On entry : 
		On exit  : 
		Unchanged: 
 Data sizes:     COMMON   BANK0   BANK1   BANK3   BANK2
      Params:         0       0       0       0       0
      Locals:         0       0       0       0       0
      Temps:          0       0       0       0       0
      Totals:         0       0       0       0       0
Total ram usage:        0 bytes
 Hardware stack levels used:    1
 Hardware stack levels required when called:    2
 This function calls:
		_I2C_Master_Wait
 This function is called by:
		_get_time
		_get_day
		_get_temp
 This function uses a non-reentrant model


 *************** function _get_PIR *****************
 Defined at:
		line 482 in file "mainMaster.c"
 Parameters:    Size  Location     Type
		None
 Auto vars:     Size  Location     Type
  PIR             1    2[BANK0 ] unsigned char 
 Return value:  Size  Location     Type
                  1    wreg      unsigned char 
 Registers used:
		wreg, status,2, status,0, pclath, cstack
 Tracked objects:
		On entry : 
		On exit  : 
		Unchanged: 
 Data sizes:     COMMON   BANK0   BANK1   BANK3   BANK2
      Params:         0       0       0       0       0
      Locals:         0       1       0       0       0
      Temps:          1       0       0       0       0
      Totals:         1       1       0       0       0
Total ram usage:        2 bytes
 Hardware stack levels used:    1
 Hardware stack levels required when called:    3
 This function calls:
		_I2C_Master_Read
		_I2C_Master_Start
		_I2C_Master_Stop
		_I2C_Master_Write
 This function is called by:
		_main
 This function uses a non-reentrant model


 *************** function _get_IR *****************
 Defined at:
		line 494 in file "mainMaster.c"
 Parameters:    Size  Location     Type
		None
 Auto vars:     Size  Location     Type
  IR              1    2[BANK0 ] unsigned char 
 Return value:  Size  Location     Type
                  1    wreg      unsigned char 
 Registers used:
		wreg, status,2, status,0, pclath, cstack
 Tracked objects:
		On entry : 
		On exit  : 
		Unchanged: 
 Data sizes:     COMMON   BANK0   BANK1   BANK3   BANK2
      Params:         0       0       0       0       0
      Locals:         0       1       0       0       0
      Temps:          1       0       0       0       0
      Totals:         1       1       0       0       0
Total ram usage:        2 bytes
 Hardware stack levels used:    1
 Hardware stack levels required when called:    3
 This function calls:
		_I2C_Master_Read
		_I2C_Master_Start
		_I2C_Master_Stop
		_I2C_Master_Write
 This function is called by:
		_main
 This function uses a non-reentrant model


 *************** function _I2C_Master_Read *****************
 Defined at:
		line 74 in file "./I2C.h"
 Parameters:    Size  Location     Type
  a               2    3[COMMON] unsigned short 
 Auto vars:     Size  Location     Type
  temp            2    0[BANK0 ] unsigned short 
 Return value:  Size  Location     Type
                  2    3[COMMON] unsigned short 
 Registers used:
		wreg, status,2, status,0, pclath, cstack
 Tracked objects:
		On entry : 
		On exit  : 
		Unchanged: 
 Data sizes:     COMMON   BANK0   BANK1   BANK3   BANK2
      Params:         2       0       0       0       0
      Locals:         0       2       0       0       0
      Temps:          2       0       0       0       0
      Totals:         4       2       0       0       0
Total ram usage:        6 bytes
 Hardware stack levels used:    1
 Hardware stack levels required when called:    2
 This function calls:
		_I2C_Master_Wait
 This function is called by:
		_get_time
		_get_day
		_get_temp
		_get_hall
		_get_tripwire
		_get_PIR
		_get_IR
 This function uses a non-reentrant model


 *************** function _close_door *****************
 Defined at:
		line 515 in file "mainMaster.c"
 Parameters:    Size  Location     Type
		None
 Auto vars:     Size  Location     Type
		None
 Return value:  Size  Location     Type
                  1    wreg      void 
 Registers used:
		wreg, status,2, status,0, pclath, cstack
 Tracked objects:
		On entry : 
		On exit  : 
		Unchanged: 
 Data sizes:     COMMON   BANK0   BANK1   BANK3   BANK2
      Params:         0       0       0       0       0
      Locals:         0       0       0       0       0
      Temps:          0       0       0       0       0
      Totals:         0       0       0       0       0
Total ram usage:        0 bytes
 Hardware stack levels used:    1
 Hardware stack levels required when called:    3
 This function calls:
		_I2C_Master_Start
		_I2C_Master_Stop
		_I2C_Master_Write
 This function is called by:
		_main
 This function uses a non-reentrant model


 *************** function _I2C_Master_Write *****************
 Defined at:
		line 65 in file "./I2C.h"
 Parameters:    Size  Location     Type
  d               2    3[COMMON] unsigned int 
 Auto vars:     Size  Location     Type
		None
 Return value:  Size  Location     Type
                  1    wreg      void 
 Registers used:
		wreg, status,2, status,0, pclath, cstack
 Tracked objects:
		On entry : 
		On exit  : 
		Unchanged: 
 Data sizes:     COMMON   BANK0   BANK1   BANK3   BANK2
      Params:         2       0       0       0       0
      Locals:         0       0       0       0       0
      Temps:          0       0       0       0       0
      Totals:         2       0       0       0       0
Total ram usage:        2 bytes
 Hardware stack levels used:    1
 Hardware stack levels required when called:    2
 This function calls:
		_I2C_Master_Wait
 This function is called by:
		_write_RTC
		_get_time
		_get_day
		_get_temp
		_get_hall
		_get_tripwire
		_get_PIR
		_get_IR
		_open_door
		_close_door
 This function uses a non-reentrant model


 *************** function _I2C_Master_Stop *****************
 Defined at:
		line 55 in file "./I2C.h"
 Parameters:    Size  Location     Type
		None
 Auto vars:     Size  Location     Type
		None
 Return value:  Size  Location     Type
                  1    wreg      void 
 Registers used:
		wreg, status,2, status,0, pclath, cstack
 Tracked objects:
		On entry : 
		On exit  : 
		Unchanged: 
 Data sizes:     COMMON   BANK0   BANK1   BANK3   BANK2
      Params:         0       0       0       0       0
      Locals:         0       0       0       0       0
      Temps:          0       0       0       0       0
      Totals:         0       0       0       0       0
Total ram usage:        0 bytes
 Hardware stack levels used:    1
 Hardware stack levels required when called:    2
 This function calls:
		_I2C_Master_Wait
 This function is called by:
		_write_RTC
		_get_time
		_get_day
		_get_temp
		_get_hall
		_get_tripwire
		_get_PIR
		_get_IR
		_open_door
		_close_door
 This function uses a non-reentrant model


 *************** function _I2C_Master_Start *****************
 Defined at:
		line 39 in file "./I2C.h"
 Parameters:    Size  Location     Type
		None
 Auto vars:     Size  Location     Type
		None
 Return value:  Size  Location     Type
                  1    wreg      void 
 Registers used:
		wreg, status,2, status,0, pclath, cstack
 Tracked objects:
		On entry : 
		On exit  : 
		Unchanged: 
 Data sizes:     COMMON   BANK0   BANK1   BANK3   BANK2
      Params:         0       0       0       0       0
      Locals:         0       0       0       0       0
      Temps:          0       0       0       0       0
      Totals:         0       0       0       0       0
Total ram usage:        0 bytes
 Hardware stack levels used:    1
 Hardware stack levels required when called:    2
 This function calls:
		_I2C_Master_Wait
 This function is called by:
		_write_RTC
		_get_time
		_get_day
		_get_temp
		_get_hall
		_get_tripwire
		_get_PIR
		_get_IR
		_open_door
		_close_door
 This function uses a non-reentrant model


 *************** function _I2C_Master_Wait *****************
 Defined at:
		line 32 in file "./I2C.h"
 Parameters:    Size  Location     Type
		None
 Auto vars:     Size  Location     Type
		None
 Return value:  Size  Location     Type
                  1    wreg      void 
 Registers used:
		wreg, status,2
 Tracked objects:
		On entry : 
		On exit  : 
		Unchanged: 
 Data sizes:     COMMON   BANK0   BANK1   BANK3   BANK2
      Params:         0       0       0       0       0
      Locals:         0       0       0       0       0
      Temps:          0       0       0       0       0
      Totals:         0       0       0       0       0
Total ram usage:        0 bytes
 Hardware stack levels used:    1
 Hardware stack levels required when called:    1
 This function calls:
		Nothing
 This function is called by:
		_I2C_Master_Start
		_I2C_Master_RepeatedStart
		_I2C_Master_Stop
		_I2C_Master_Write
		_I2C_Master_Read
 This function uses a non-reentrant model


 *************** function ___awmod *****************
 Defined at:
		line 5 in file "D:\Program Files (x86)\Microchip\xc8\v2.05\pic\sources\c90\common\awmod.c"
 Parameters:    Size  Location     Type
  divisor         2    3[COMMON] int 
  dividend        2    5[COMMON] int 
 Auto vars:     Size  Location     Type
  sign            1    1[BANK0 ] unsigned char 
  counter         1    0[BANK0 ] unsigned char 
 Return value:  Size  Location     Type
                  2    3[COMMON] int 
 Registers used:
		wreg, status,2, status,0
 Tracked objects:
		On entry : 
		On exit  : 
		Unchanged: 
 Data sizes:     COMMON   BANK0   BANK1   BANK3   BANK2
      Params:         4       0       0       0       0
      Locals:         0       2       0       0       0
      Temps:          1       0       0       0       0
      Totals:         5       2       0       0       0
Total ram usage:        7 bytes
 Hardware stack levels used:    1
 Hardware stack levels required when called:    1
 This function calls:
		Nothing
 This function is called by:
		_main
 This function uses a non-reentrant model


 *************** function ___awdiv *****************
 Defined at:
		line 5 in file "D:\Program Files (x86)\Microchip\xc8\v2.05\pic\sources\c90\common\awdiv.c"
 Parameters:    Size  Location     Type
  divisor         2    3[COMMON] int 
  dividend        2    5[COMMON] int 
 Auto vars:     Size  Location     Type
  quotient        2    2[BANK0 ] int 
  sign            1    1[BANK0 ] unsigned char 
  counter         1    0[BANK0 ] unsigned char 
 Return value:  Size  Location     Type
                  2    3[COMMON] int 
 Registers used:
		wreg, status,2, status,0
 Tracked objects:
		On entry : 
		On exit  : 
		Unchanged: 
 Data sizes:     COMMON   BANK0   BANK1   BANK3   BANK2
      Params:         4       0       0       0       0
      Locals:         0       4       0       0       0
      Temps:          1       0       0       0       0
      Totals:         5       4       0       0       0
Total ram usage:        9 bytes
 Hardware stack levels used:    1
 Hardware stack levels required when called:    1
 This function calls:
		Nothing
 This function is called by:
		_main
 This function uses a non-reentrant model


 *************** function _UART_Write *****************
 Defined at:
		line 54 in file "./UART.h"
 Parameters:    Size  Location     Type
  data            1    wreg     unsigned char 
 Auto vars:     Size  Location     Type
  data            1    3[COMMON] unsigned char 
 Return value:  Size  Location     Type
                  1    wreg      void 
 Registers used:
		wreg
 Tracked objects:
		On entry : 
		On exit  : 
		Unchanged: 
 Data sizes:     COMMON   BANK0   BANK1   BANK3   BANK2
      Params:         0       0       0       0       0
      Locals:         1       0       0       0       0
      Temps:          0       0       0       0       0
      Totals:         1       0       0       0       0
Total ram usage:        1 bytes
 Hardware stack levels used:    1
 Hardware stack levels required when called:    1
 This function calls:
		Nothing
 This function is called by:
		_main
		_UART_Write_Text
 This function uses a non-reentrant model


 *************** function _UART_TX_Empty *****************
 Defined at:
		line 31 in file "./UART.h"
 Parameters:    Size  Location     Type
		None
 Auto vars:     Size  Location     Type
		None
 Return value:  Size  Location     Type
                  1    wreg      unsigned char 
 Registers used:
		wreg
 Tracked objects:
		On entry : 
		On exit  : 
		Unchanged: 
 Data sizes:     COMMON   BANK0   BANK1   BANK3   BANK2
      Params:         0       0       0       0       0
      Locals:         0       0       0       0       0
      Temps:          0       0       0       0       0
      Totals:         0       0       0       0       0
Total ram usage:        0 bytes
 Hardware stack levels used:    1
 Hardware stack levels required when called:    1
 This function calls:
		Nothing
 This function is called by:
		_main
 This function uses a non-reentrant model


 *************** function _Lcd_Write_String *****************
 Defined at:
		line 100 in file "./LCD4bits.h"
 Parameters:    Size  Location     Type
  a               2    0[BANK0 ] PTR unsigned char 
		 -> NULL(0), STR_19(6), STR_18(7), STR_17(7), 
		 -> STR_16(7), STR_15(8), STR_14(8), STR_13(9), 
		 -> STR_12(9), STR_11(12), STR_10(12), STR_8(10), 
		 -> STR_7(10), STR_6(10), STR_5(10), STR_4(10), 
		 -> STR_3(10), STR_2(10), STR_1(10), time(6), 
		 -> temp(6), 
 Auto vars:     Size  Location     Type
  i               2    5[BANK0 ] int 
 Return value:  Size  Location     Type
                  1    wreg      void 
 Registers used:
		wreg, fsr0l, fsr0h, status,2, status,0, btemp+1, pclath, cstack
 Tracked objects:
		On entry : 
		On exit  : 
		Unchanged: 
 Data sizes:     COMMON   BANK0   BANK1   BANK3   BANK2
      Params:         0       2       0       0       0
      Locals:         0       2       0       0       0
      Temps:          0       3       0       0       0
      Totals:         0       7       0       0       0
Total ram usage:        7 bytes
 Hardware stack levels used:    1
 Hardware stack levels required when called:    3
 This function calls:
		_Lcd_Write_Char
 This function is called by:
		_main
 This function uses a non-reentrant model


 *************** function _Lcd_Write_Char *****************
 Defined at:
		line 84 in file "./LCD4bits.h"
 Parameters:    Size  Location     Type
  a               1    wreg     unsigned char 
 Auto vars:     Size  Location     Type
  a               1    7[COMMON] unsigned char 
  y               1    6[COMMON] unsigned char 
  temp            1    5[COMMON] unsigned char 
 Return value:  Size  Location     Type
                  1    wreg      void 
 Registers used:
		wreg, status,2, status,0, pclath, cstack
 Tracked objects:
		On entry : 
		On exit  : 
		Unchanged: 
 Data sizes:     COMMON   BANK0   BANK1   BANK3   BANK2
      Params:         0       0       0       0       0
      Locals:         3       0       0       0       0
      Temps:          1       0       0       0       0
      Totals:         4       0       0       0       0
Total ram usage:        4 bytes
 Hardware stack levels used:    1
 Hardware stack levels required when called:    2
 This function calls:
		_Lcd_Port
 This function is called by:
		_Lcd_Write_String
		_main
 This function uses a non-reentrant model


 *************** function _Lcd_Set_Cursor *****************
 Defined at:
		line 44 in file "./LCD4bits.h"
 Parameters:    Size  Location     Type
  a               1    wreg     unsigned char 
  b               1    7[COMMON] unsigned char 
 Auto vars:     Size  Location     Type
  a               1    2[BANK0 ] unsigned char 
  temp            1    5[BANK0 ] unsigned char 
  y               1    4[BANK0 ] unsigned char 
  z               1    3[BANK0 ] unsigned char 
 Return value:  Size  Location     Type
                  1    wreg      void 
 Registers used:
		wreg, status,2, status,0, pclath, cstack
 Tracked objects:
		On entry : 
		On exit  : 
		Unchanged: 
 Data sizes:     COMMON   BANK0   BANK1   BANK3   BANK2
      Params:         1       0       0       0       0
      Locals:         0       4       0       0       0
      Temps:          0       2       0       0       0
      Totals:         1       6       0       0       0
Total ram usage:        7 bytes
 Hardware stack levels used:    1
 Hardware stack levels required when called:    3
 This function calls:
		_Lcd_Cmd
 This function is called by:
		_main
 This function uses a non-reentrant model


 *************** function _Lcd_Clear *****************
 Defined at:
		line 38 in file "./LCD4bits.h"
 Parameters:    Size  Location     Type
		None
 Auto vars:     Size  Location     Type
		None
 Return value:  Size  Location     Type
                  1    wreg      void 
 Registers used:
		wreg, status,2, status,0, pclath, cstack
 Tracked objects:
		On entry : 
		On exit  : 
		Unchanged: 
 Data sizes:     COMMON   BANK0   BANK1   BANK3   BANK2
      Params:         0       0       0       0       0
      Locals:         0       0       0       0       0
      Temps:          0       0       0       0       0
      Totals:         0       0       0       0       0
Total ram usage:        0 bytes
 Hardware stack levels used:    1
 Hardware stack levels required when called:    3
 This function calls:
		_Lcd_Cmd
 This function is called by:
		_main
 This function uses a non-reentrant model


 *************** function _Lcd_Cmd *****************
 Defined at:
		line 29 in file "./LCD4bits.h"
 Parameters:    Size  Location     Type
  a               1    wreg     unsigned char 
 Auto vars:     Size  Location     Type
  a               1    6[COMMON] unsigned char 
 Return value:  Size  Location     Type
                  1    wreg      void 
 Registers used:
		wreg, status,2, status,0, pclath, cstack
 Tracked objects:
		On entry : 
		On exit  : 
		Unchanged: 
 Data sizes:     COMMON   BANK0   BANK1   BANK3   BANK2
      Params:         0       0       0       0       0
      Locals:         1       0       0       0       0
      Temps:          2       0       0       0       0
      Totals:         3       0       0       0       0
Total ram usage:        3 bytes
 Hardware stack levels used:    1
 Hardware stack levels required when called:    2
 This function calls:
		_Lcd_Port
 This function is called by:
		_Lcd_Clear
		_Lcd_Set_Cursor
		_Lcd_Init
		_Lcd_Shift_Right
		_Lcd_Shift_Left
 This function uses a non-reentrant model


 *************** function _Lcd_Port *****************
 Defined at:
		line 7 in file "./LCD4bits.h"
 Parameters:    Size  Location     Type
  a               1    wreg     unsigned char 
 Auto vars:     Size  Location     Type
  a               1    3[COMMON] unsigned char 
 Return value:  Size  Location     Type
                  1    wreg      void 
 Registers used:
		wreg
 Tracked objects:
		On entry : 
		On exit  : 
		Unchanged: 
 Data sizes:     COMMON   BANK0   BANK1   BANK3   BANK2
      Params:         0       0       0       0       0
      Locals:         1       0       0       0       0
      Temps:          0       0       0       0       0
      Totals:         1       0       0       0       0
Total ram usage:        1 bytes
 Hardware stack levels used:    1
 Hardware stack levels required when called:    1
 This function calls:
		Nothing
 This function is called by:
		_Lcd_Cmd
		_Lcd_Init
		_Lcd_Write_Char
 This function uses a non-reentrant model


 *************** function _manual_pwm *****************
 Defined at:
		line 59 in file "mainMaster.c"
 Parameters:    Size  Location     Type
		None
 Auto vars:     Size  Location     Type
		None
 Return value:  Size  Location     Type
                  1    wreg      void 
 Registers used:
		wreg, status,2, status,0
 Tracked objects:
		On entry : 
		On exit  : 
		Unchanged: 
 Data sizes:     COMMON   BANK0   BANK1   BANK3   BANK2
      Params:         0       0       0       0       0
      Locals:         0       0       0       0       0
      Temps:          3       0       0       0       0
      Totals:         3       0       0       0       0
Total ram usage:        3 bytes
 Hardware stack levels used:    1
 This function calls:
		Nothing
 This function is called by:
		Interrupt level 1
 This function uses a non-reentrant model



MODULE INFORMATION

Module		Function		Class		Link	Load	Size
./LCD4bits.h
		_Lcd_Write_String		CODE           	0C92	0000	66
		_Lcd_Init      		CODE           	0F17	0000	97
		_Lcd_Write_Char		CODE           	0BE1	0000	58
		_Lcd_Cmd       		CODE           	0A2A	0000	27
		_Lcd_Set_Cursor		CODE           	0D66	0000	81
		_Lcd_Clear     		CODE           	07F2	0000	12
		_Lcd_Port      		CODE           	0A10	0000	27

./LCD4bits.h estimated size: 368

D:\Program Files (x86)\Microchip\xc8\v2.05\pic\sources\c90\common\doprnt.c
		_sprintf       		CODE           	041F	0000	219

D:\Program Files (x86)\Microchip\xc8\v2.05\pic\sources\c90\common\doprnt.c estimated size: 219

D:\Program Files (x86)\Microchip\xc8\v2.05\pic\sources\c90\common\lwmod.c
		___lwmod       		CODE           	0B75	0000	53

D:\Program Files (x86)\Microchip\xc8\v2.05\pic\sources\c90\common\lwmod.c estimated size: 53

D:\Program Files (x86)\Microchip\xc8\v2.05\pic\sources\c90\common\awmod.c
		___awmod       		CODE           	0D19	0000	78

D:\Program Files (x86)\Microchip\xc8\v2.05\pic\sources\c90\common\awmod.c estimated size: 78

./UART.h
		_UART_TX_Empty 		CODE           	09C1	0000	7
		_UART_Init     		CODE           	04F9	0000	217
		_UART_Write    		CODE           	09F5	0000	11

./UART.h estimated size: 235

mainMaster.c
		_get_hall      		CODE           	0ADF	0000	36
		_get_temp      		CODE           	06C0	0000	164
		_get_IR        		CODE           	0A99	0000	36
		_main          		CODE           	001D	0000	1027
		_get_day       		CODE           	0C1A	0000	59
		_manual_pwm    		CODE           	0A7A	0000	32
		_get_time      		CODE           	0F77	0000	138
		_open_door     		CODE           	0A5F	0000	28
		_write_RTC     		CODE           	0CD3	0000	71
		_setup         		CODE           	0DB6	0000	82
		_get_PIR       		CODE           	0ABC	0000	36
		_get_tripwire  		CODE           	0B02	0000	36
		_close_door    		CODE           	0A44	0000	28

mainMaster.c estimated size: 1773

D:\Program Files (x86)\Microchip\xc8\v2.05\pic\sources\c90\common\__lldiv.c
		___lldiv       		CODE           	0EB7	0000	97

D:\Program Files (x86)\Microchip\xc8\v2.05\pic\sources\c90\common\__lldiv.c estimated size: 97

D:\Program Files (x86)\Microchip\xc8\v2.05\pic\sources\c90\common\strcat.c
		_strcat        		CODE           	0B25	0000	37

D:\Program Files (x86)\Microchip\xc8\v2.05\pic\sources\c90\common\strcat.c estimated size: 37

shared
		__stringtab    		STRING         	0600	0000	17
		_dpowers       		STRING         	0610	0000	11
		__initialization		CODE           	000F	0000	11

shared estimated size: 39

D:\Program Files (x86)\Microchip\xc8\v2.05\pic\sources\c90\common\lwdiv.c
		___lwdiv       		CODE           	0C54	0000	63

D:\Program Files (x86)\Microchip\xc8\v2.05\pic\sources\c90\common\lwdiv.c estimated size: 63

D:\Program Files (x86)\Microchip\xc8\v2.05\pic\sources\c90\common\awdiv.c
		___awdiv       		CODE           	0E5C	0000	92

D:\Program Files (x86)\Microchip\xc8\v2.05\pic\sources\c90\common\awdiv.c estimated size: 92

D:\Program Files (x86)\Microchip\xc8\v2.05\pic\sources\c90\common\aldiv.c
		___aldiv       		CODE           	0763	0000	144

D:\Program Files (x86)\Microchip\xc8\v2.05\pic\sources\c90\common\aldiv.c estimated size: 144

D:\Program Files (x86)\Microchip\xc8\v2.05\pic\sources\c90\common\strcmp.c
		_strcmp        		CODE           	0B49	0000	45

D:\Program Files (x86)\Microchip\xc8\v2.05\pic\sources\c90\common\strcmp.c estimated size: 45

D:\Program Files (x86)\Microchip\xc8\v2.05\pic\sources\c90\common\Umul8.c
		___bmul        		CODE           	09FF	0000	18

D:\Program Files (x86)\Microchip\xc8\v2.05\pic\sources\c90\common\Umul8.c estimated size: 18

./Oscilador.h
		_initOscilador 		CODE           	0E07	0000	86

./Oscilador.h estimated size: 86

./I2C.h
		_I2C_Master_Read		CODE           	05D1	0000	47
		_I2C_Master_Wait		CODE           	09EC	0000	10
		_I2C_Master_Init		CODE           	0BA9	0000	57
		_I2C_Master_Stop		CODE           	09CE	0000	8
		_I2C_Master_RepeatedStart		CODE           	09D5	0000	8
		_I2C_Master_Write		CODE           	09DC	0000	9
		_I2C_Master_Start		CODE           	09C7	0000	8

./I2C.h estimated size: 147

