Microchip MPLAB XC8 Compiler V2.05 ()

Linker command line:

-W-3 --edf=D:\Program Files (x86)\Microchip\xc8\v2.05\pic\dat\en_msgs.txt \
  -cs -h+dist/default/production\MasterProyecto.X.production.sym \
  --cmf=dist/default/production\MasterProyecto.X.production.cmf -z -Q16F887 \
  -oC:\Users\kit_s\AppData\Local\Temp\s1lc.2 --defsym=__MPLAB_BUILD=1 \
  -Mdist/default/production/MasterProyecto.X.production.map -E1 -ver=XC8 \
  --acfsm=1493 -ASTACK=0110h-016Fh -pstack=STACK -ACODE=00h-07FFhx4 \
  -ASTRCODE=00h-01FFFh -ASTRING=00h-0FFhx32 -ACONST=00h-0FFhx32 \
  -AENTRY=00h-0FFhx32 -ACOMMON=070h-07Fh -ABANK0=020h-06Fh \
  -ABANK1=0A0h-0EFh -ABANK2=0110h-016Fh -ABANK3=0190h-01EFh \
  -ARAM=020h-06Fh,0A0h-0EFh,0110h-016Fh,0190h-01EFh \
  -AABS1=020h-07Fh,0A0h-0EFh,0110h-016Fh,0190h-01EFh -ASFR0=00h-01Fh \
  -ASFR1=080h-09Fh -ASFR2=0100h-010Fh -ASFR3=0180h-018Fh \
  -preset_vec=00h,intentry=04h,init,end_init -ppowerup=CODE -pcinit=CODE \
  -pfunctab=ENTRY -ACONFIG=02007h-02008h -pconfig=CONFIG -DCONFIG=2 \
  -AIDLOC=02000h-02003h -pidloc=IDLOC -DIDLOC=2 -AEEDATA=00h-0FFh/02100h \
  -peeprom_data=EEDATA -DEEDATA=2 -DCODE=2 -DSTRCODE=2 -DSTRING=2 -DCONST=2 \
  -DENTRY=2 -k C:\Users\kit_s\AppData\Local\Temp\s1lc.o \
  dist/default/production\MasterProyecto.X.production.o 

Object code version is 3.11

Machine type is 16F887



                Name                               Link     Load   Length Selector   Space Scale
C:\Users\kit_s\AppData\Local\Temp\s1lc.o
                end_init                              C        C        3        8       0
                reset_vec                             0        0        3        0       0
                config                             2007     2007        2     400E       0
dist/default/production\MasterProyecto.X.production.o
                cinit                                 F        F       2C        8       0
                intentry                              4        4        8        8       0
                text42                             16F7     16F7       1F     2DEE       0
                text41                             16A8     16A8       1A     2D50       0
                text40                             16C2     16C2       1A     2D84       0
                text39                             1676     1676        B     2CEC       0
                text38                              A62      A62       50     14C4       0
                text37                             1681     1681        B     2D02       0
                text36                             168C     168C        B     2D18       0
                text35                              8DD      8DD       39     11BA       0
                text34                              98E      98E       41     131C       0
                text33                             1641     1641        6     2C82       0
                text32                             166C     166C        A     2CD8       0
                text31                              B07      B07       5B     160E       0
                text30                              A15      A15       4D     142A       0
                text29                              844      844        9     1088       0
                text28                             1647     1647        7     2C8E       0
                text27                             164E     164E        7     2C9C       0
                text26                             165C     165C        8     2CB8       0
                text25                             16DC     16DC       1B     2DB8       0
                text24                             17A2     17A2       2E     2F44       0
                text23                             1716     1716       23     2E2C       0
                text22                             1739     1739       23     2E72       0
                text21                             1655     1655        7     2CAA       0
                text20                              916      916       3A     122C       0
                text19                             175C     175C       23     2EB8       0
                text18                             1697     1697       11     2D2E       0
                text17                              950      950       3E     12A0       0
                text16                              871      871       34     10E2       0
                text15                              F12      F12       EE     1E24       0
                text14                              84D      84D       24     109A       0
                text13                              D95      D95       A5     1B2A       0
                text12                              C7D      C7D       89     18FA       0
                text11                             177F     177F       23     2EFE       0
                text10                              6E3      6E3       1B        8       0
                text9                               BBD      BBD       60     177A       0
                text8                               8A5      8A5       38     114A       0
                text7                               C1D      C1D       60     183A       0
                text6                               D06      D06       8F     1A0C       0
                text5                               E3A      E3A       D8     1C74       0
                text4                               AB2      AB2       55     1564       0
                text3                               B62      B62       5B     16C4       0
                text2                              17D0     17D0       30     2FA0       0
                text1                               9CF      9CF       46     139E       0
                maintext                             3B       3B      6A8        8       0
                cstackBANK0                          47       47       21       20       1
                cstackCOMMON                         70       70        8       70       1
                cstackBANK1                          A0       A0        6       A0       1
                clrtext                            1664     1664        8     2CC8       0
                dataBANK0                            68       68        5       20       1
                bssBANK0                             20       20       27       20       1
                bssCOMMON                            78       78        3       70       1
                stringtext                          700      700      144        E       0
                idataBANK0                         163C     163C        5     2C78       0

TOTAL           Name                               Link     Load   Length     Space
        CLASS   STACK          

        CLASS   CODE           
                end_init                              C        C        3         0
                cinit                                 F        F       2C         0
                intentry                              4        4        8         0
                reset_vec                             0        0        3         0
                text42                             16F7     16F7       1F         0
                text41                             16A8     16A8       1A         0
                text40                             16C2     16C2       1A         0
                text39                             1676     1676        B         0
                text38                              A62      A62       50         0
                text37                             1681     1681        B         0
                text36                             168C     168C        B         0
                text35                              8DD      8DD       39         0
                text34                              98E      98E       41         0
                text33                             1641     1641        6         0
                text32                             166C     166C        A         0
                text31                              B07      B07       5B         0
                text30                              A15      A15       4D         0
                text29                              844      844        9         0
                text28                             1647     1647        7         0
                text27                             164E     164E        7         0
                text26                             165C     165C        8         0
                text25                             16DC     16DC       1B         0
                text24                             17A2     17A2       2E         0
                text23                             1716     1716       23         0
                text22                             1739     1739       23         0
                text21                             1655     1655        7         0
                text20                              916      916       3A         0
                text19                             175C     175C       23         0
                text18                             1697     1697       11         0
                text17                              950      950       3E         0
                text16                              871      871       34         0
                text15                              F12      F12       EE         0
                text14                              84D      84D       24         0
                text13                              D95      D95       A5         0
                text12                              C7D      C7D       89         0
                text11                             177F     177F       23         0
                text10                              6E3      6E3       1B         0
                text9                               BBD      BBD       60         0
                text8                               8A5      8A5       38         0
                text7                               C1D      C1D       60         0
                text6                               D06      D06       8F         0
                text5                               E3A      E3A       D8         0
                text4                               AB2      AB2       55         0
                text3                               B62      B62       5B         0
                text2                              17D0     17D0       30         0
                text1                               9CF      9CF       46         0
                maintext                             3B       3B      6A8         0
                clrtext                            1664     1664        8         0
                idataBANK0                         163C     163C        5         0

        CLASS   STRCODE        
                stringtext                          700      700      144         0

        CLASS   STRING         

        CLASS   CONST          

        CLASS   ENTRY          

        CLASS   COMMON         
                cstackCOMMON                         70       70        8         1
                bssCOMMON                            78       78        3         1

        CLASS   BANK0          
                cstackBANK0                          47       47       21         1
                dataBANK0                            68       68        5         1
                bssBANK0                             20       20       27         1

        CLASS   BANK1          
                cstackBANK1                          A0       A0        6         1

        CLASS   BANK2          

        CLASS   BANK3          

        CLASS   RAM            

        CLASS   ABS1           
                abs_s1                               7E       7E        2         1

        CLASS   SFR0           

        CLASS   SFR1           

        CLASS   SFR2           

        CLASS   SFR3           

        CLASS   CONFIG         
                config                             2007     2007        2         0

        CLASS   IDLOC          

        CLASS   EEDATA         



SEGMENTS        Name                           Load    Length   Top    Selector   Space  Class     Delta

                reset_vec                      000000  000003  000003         0       0  CODE        2
                intentry                       000004  0006FA  0006FE         8       0  CODE        2
                bssBANK0                       000020  00004D  00006D        20       1  BANK0       1
                cstackCOMMON                   000070  00000B  00007B        70       1  COMMON      1
                cstackBANK1                    0000A0  000006  0000A6        A0       1  BANK1       1
                stringtext                     000700  000144  000844         E       0  STRCODE     2
                text29                         000844  000009  00084D      1088       0  CODE        2
                text14                         00084D  000024  000871      109A       0  CODE        2
                text16                         000871  000034  0008A5      10E2       0  CODE        2
                text8                          0008A5  000038  0008DD      114A       0  CODE        2
                text35                         0008DD  000039  000916      11BA       0  CODE        2
                text20                         000916  00003A  000950      122C       0  CODE        2
                text17                         000950  00003E  00098E      12A0       0  CODE        2
                text34                         00098E  000041  0009CF      131C       0  CODE        2
                text1                          0009CF  000046  000A15      139E       0  CODE        2
                text30                         000A15  00004D  000A62      142A       0  CODE        2
                text38                         000A62  000050  000AB2      14C4       0  CODE        2
                text4                          000AB2  000055  000B07      1564       0  CODE        2
                text31                         000B07  00005B  000B62      160E       0  CODE        2
                text3                          000B62  00005B  000BBD      16C4       0  CODE        2
                text9                          000BBD  000060  000C1D      177A       0  CODE        2
                text7                          000C1D  000060  000C7D      183A       0  CODE        2
                text12                         000C7D  000089  000D06      18FA       0  CODE        2
                text6                          000D06  00008F  000D95      1A0C       0  CODE        2
                text13                         000D95  0000A5  000E3A      1B2A       0  CODE        2
                text5                          000E3A  0000D8  000F12      1C74       0  CODE        2
                text15                         000F12  0000EE  001000      1E24       0  CODE        2
                idataBANK0                     00163C  000005  001641      2C78       0  CODE        2
                text33                         001641  000006  001647      2C82       0  CODE        2
                text28                         001647  000007  00164E      2C8E       0  CODE        2
                text27                         00164E  000007  001655      2C9C       0  CODE        2
                text21                         001655  000007  00165C      2CAA       0  CODE        2
                text26                         00165C  000008  001664      2CB8       0  CODE        2
                clrtext                        001664  000008  00166C      2CC8       0  CODE        2
                text32                         00166C  00000A  001676      2CD8       0  CODE        2
                text39                         001676  00000B  001681      2CEC       0  CODE        2
                text37                         001681  00000B  00168C      2D02       0  CODE        2
                text36                         00168C  00000B  001697      2D18       0  CODE        2
                text18                         001697  000011  0016A8      2D2E       0  CODE        2
                text41                         0016A8  00001A  0016C2      2D50       0  CODE        2
                text40                         0016C2  00001A  0016DC      2D84       0  CODE        2
                text25                         0016DC  00001B  0016F7      2DB8       0  CODE        2
                text42                         0016F7  00001F  001716      2DEE       0  CODE        2
                text23                         001716  000023  001739      2E2C       0  CODE        2
                text22                         001739  000023  00175C      2E72       0  CODE        2
                text19                         00175C  000023  00177F      2EB8       0  CODE        2
                text11                         00177F  000023  0017A2      2EFE       0  CODE        2
                text24                         0017A2  00002E  0017D0      2F44       0  CODE        2
                text2                          0017D0  000030  001800      2FA0       0  CODE        2
                config                         002007  000002  002009      400E       0  CONFIG      2


UNUSED ADDRESS RANGES

        Name                Unused          Largest block    Delta
        BANK0            006D-006F              3           1
        BANK1            00A6-00EF             4A           1
        BANK2            0110-016F             60           1
        BANK3            0190-01EF             60           1
        CODE             0003-0003              1           2
                         06FE-06FF              2
                         1000-163B            63C
                         1800-1FFF            800
        COMMON           007B-007D              3           1
        CONST            0003-0003              1           2
                         06FE-06FF              2
                         1000-163B            100
                         1800-1FFF            100
        EEDATA           2100-21FF            100           2
        ENTRY            0003-0003              1           2
                         06FE-06FF              2
                         1000-163B            100
                         1800-1FFF            100
        IDLOC            2000-2003              4           2
        RAM              006D-006F              3           1
                         00A6-00EF             4A
                         0110-016F             60
                         0190-01EF             60
        SFR0             0000-001F             20           1
        SFR1             0080-009F             20           1
        SFR2             0100-010F             10           1
        SFR3             0180-018F             10           1
        STACK            0110-016F             60           1
        STRCODE          0003-0003              1           2
                         06FE-06FF              2
                         1000-163B            63C
                         1800-1FFF            800
        STRING           0003-0003              1           2
                         06FE-06FF              2
                         1000-163B            100
                         1800-1FFF            100

                                  Symbol Table

?_I2C_Master_Read                  cstackCOMMON 0073
?___aldiv                          cstackBANK0  0047
?___awdiv                          cstackCOMMON 0073
?___awmod                          cstackCOMMON 0073
?___lldiv                          cstackBANK0  0047
?___lwdiv                          cstackCOMMON 0073
?___lwmod                          cstackBANK0  004A
?_sprintf                          cstackBANK0  0050
?_strcmp                           cstackCOMMON 0073
I2C_Master_Init@c                  cstackBANK0  0054
I2C_Master_Read@a                  cstackCOMMON 0073
I2C_Master_Read@temp               cstackBANK0  0047
I2C_Master_Write@d                 cstackCOMMON 0073
Lcd_Cmd@a                          cstackCOMMON 0076
Lcd_Port@a                         cstackCOMMON 0073
Lcd_Set_Cursor@a                   cstackBANK0  0049
Lcd_Set_Cursor@b                   cstackCOMMON 0077
Lcd_Set_Cursor@temp                cstackBANK0  004C
Lcd_Set_Cursor@y                   cstackBANK0  004B
Lcd_Set_Cursor@z                   cstackBANK0  004A
Lcd_Write_Char@a                   cstackCOMMON 0077
Lcd_Write_Char@temp                cstackCOMMON 0075
Lcd_Write_Char@y                   cstackCOMMON 0076
Lcd_Write_String@a                 cstackBANK0  0047
Lcd_Write_String@i                 cstackBANK0  004C
UART_Init@baudrate                 cstackBANK0  0055
UART_Init@x                        cstackCOMMON 0074
UART_Write@data                    cstackCOMMON 0073
_ANSEL                             (abs)        0188
_ANSELH                            (abs)        0189
_BRGH                              (abs)        04C2
_CREN                              (abs)        00C4
_GIE                               (abs)        005F
_I2C_Master_Init                   text8        08A5
_I2C_Master_Read                   text24       17A2
_I2C_Master_RepeatedStart          text21       1655
_I2C_Master_Start                  text28       1647
_I2C_Master_Stop                   text27       164E
_I2C_Master_Wait                   text29       0844
_I2C_Master_Write                  text26       165C
_INTCONbits                        (abs)        000B
_IR                                bssBANK0     0037
_Lcd_Clear                         text39       1676
_Lcd_Cmd                           text40       16C2
_Lcd_Init                          text7        0C1D
_Lcd_Port                          text41       16A8
_Lcd_Set_Cursor                    text38       0A62
_Lcd_Shift_Left                    text37       1681
_Lcd_Shift_Right                   text36       168C
_Lcd_Write_Char                    text35       08DD
_Lcd_Write_String                  text34       098E
_OPTION_REGbits                    (abs)        0081
_OSCCONbits                        (abs)        008F
_PEIE                              (abs)        005E
_PIR                               bssBANK0     0038
_PORTA                             (abs)        0005
_PORTAbits                         (abs)        0005
_PORTB                             (abs)        0006
_PORTBbits                         (abs)        0006
_PORTC                             (abs)        0007
_PORTCbits                         (abs)        0007
_PORTD                             (abs)        0008
_PORTDbits                         (abs)        0008
_PORTE                             (abs)        0009
_PORTEbits                         (abs)        0009
_RCEN                              (abs)        048B
_RCIF                              (abs)        0065
_RCREG                             (abs)        001A
_RCSTAbits                         (abs)        0018
_SPBRG                             (abs)        0099
_SPEN                              (abs)        00C7
_SSPADD                            (abs)        0093
_SSPBUF                            (abs)        0013
_SSPCON                            (abs)        0014
_SSPCON2                           (abs)        0091
_SSPCON2bits                       (abs)        0091
_SSPCONbits                        (abs)        0014
_SSPIE                             (abs)        0463
_SSPIF                             (abs)        0063
_SSPSTAT                           (abs)        0094
_SYNC                              (abs)        04C4
_TMR0                              (abs)        0001
_TRISA                             (abs)        0085
_TRISB                             (abs)        0086
_TRISC                             (abs)        0087
_TRISC3                            (abs)        043B
_TRISC4                            (abs)        043C
_TRISC6                            (abs)        043E
_TRISC7                            (abs)        043F
_TRISCbits                         (abs)        0087
_TRISD                             (abs)        0088
_TRISE                             (abs)        0089
_TRMT                              (abs)        04C1
_TXEN                              (abs)        04C5
_TXREG                             (abs)        0019
_UART_Init                         text5        0E3A
_UART_TX_Empty                     text33       1641
_UART_Write                        text32       166C
__CFG_BOR4V$BOR40V                 (abs)        0000
__CFG_BOREN$OFF                    (abs)        0000
__CFG_CP$OFF                       (abs)        0000
__CFG_CPD$OFF                      (abs)        0000
__CFG_FCMEN$OFF                    (abs)        0000
__CFG_FOSC$INTRC_NOCLKOUT          (abs)        0000
__CFG_IESO$OFF                     (abs)        0000
__CFG_LVP$OFF                      (abs)        0000
__CFG_MCLRE$ON                     (abs)        0000
__CFG_PWRTE$OFF                    (abs)        0000
__CFG_WDTE$OFF                     (abs)        0000
__CFG_WRT$OFF                      (abs)        0000
__Habs1                            abs1         0000
__Hbank0                           bank0        0000
__Hbank1                           bank1        0000
__Hbank2                           bank2        0000
__Hbank3                           bank3        0000
__HbssBANK0                        bssBANK0     0000
__HbssCOMMON                       bssCOMMON    0000
__Hcinit                           cinit        003B
__Hclrtext                         clrtext      0000
__Hcode                            code         0000
__Hcommon                          common       0000
__Hconfig                          config       2009
__HcstackBANK0                     cstackBANK0  0000
__HcstackBANK1                     cstackBANK1  0000
__HcstackCOMMON                    cstackCOMMON 0000
__HdataBANK0                       dataBANK0    0000
__Heeprom_data                     eeprom_data  0000
__Hend_init                        end_init     000F
__Hfunctab                         functab      0000
__HidataBANK0                      idataBANK0   0000
__Hidloc                           idloc        0000
__Hinit                            init         000C
__Hintentry                        intentry     000C
__Hmaintext                        maintext     0000
__Hpowerup                         powerup      0000
__Hram                             ram          0000
__Hreset_vec                       reset_vec    0003
__Hsfr0                            sfr0         0000
__Hsfr1                            sfr1         0000
__Hsfr2                            sfr2         0000
__Hsfr3                            sfr3         0000
__Hspace_0                         (abs)        2009
__Hspace_1                         (abs)        00A6
__Hspace_2                         (abs)        0000
__Hspace_3                         (abs)        0000
__Hstack                           stack        0000
__Hstrings                         strings      0000
__Hstringtext                      stringtext   0000
__Htext                            text         0000
__Labs1                            abs1         0000
__Lbank0                           bank0        0000
__Lbank1                           bank1        0000
__Lbank2                           bank2        0000
__Lbank3                           bank3        0000
__LbssBANK0                        bssBANK0     0000
__LbssCOMMON                       bssCOMMON    0000
__Lcinit                           cinit        000F
__Lclrtext                         clrtext      0000
__Lcode                            code         0000
__Lcommon                          common       0000
__Lconfig                          config       2007
__LcstackBANK0                     cstackBANK0  0000
__LcstackBANK1                     cstackBANK1  0000
__LcstackCOMMON                    cstackCOMMON 0000
__LdataBANK0                       dataBANK0    0000
__Leeprom_data                     eeprom_data  0000
__Lend_init                        end_init     000C
__Lfunctab                         functab      0000
__LidataBANK0                      idataBANK0   0000
__Lidloc                           idloc        0000
__Linit                            init         000C
__Lintentry                        intentry     0004
__Lmaintext                        maintext     0000
__Lpowerup                         powerup      0000
__Lram                             ram          0000
__Lreset_vec                       reset_vec    0000
__Lsfr0                            sfr0         0000
__Lsfr1                            sfr1         0000
__Lsfr2                            sfr2         0000
__Lsfr3                            sfr3         0000
__Lspace_0                         (abs)        0000
__Lspace_1                         (abs)        0000
__Lspace_2                         (abs)        0000
__Lspace_3                         (abs)        0000
__Lstack                           stack        0000
__Lstrings                         strings      0000
__Lstringtext                      stringtext   0000
__Ltext                            text         0000
__S0                               (abs)        2009
__S1                               (abs)        00A6
__S2                               (abs)        0000
__S3                               (abs)        0000
___aldiv                           text6        0D06
___aldiv@counter                   cstackBANK0  004F
___aldiv@dividend                  cstackBANK0  004B
___aldiv@divisor                   cstackBANK0  0047
___aldiv@quotient                  cstackBANK0  0051
___aldiv@sign                      cstackBANK0  0050
___awdiv                           text31       0B07
___awdiv@counter                   cstackBANK0  0047
___awdiv@dividend                  cstackCOMMON 0075
___awdiv@divisor                   cstackCOMMON 0073
___awdiv@quotient                  cstackBANK0  0049
___awdiv@sign                      cstackBANK0  0048
___awmod                           text30       0A15
___awmod@counter                   cstackBANK0  0047
___awmod@dividend                  cstackCOMMON 0075
___awmod@divisor                   cstackCOMMON 0073
___awmod@sign                      cstackBANK0  0048
___bmul                            text18       1697
___bmul@multiplicand               cstackCOMMON 0073
___bmul@multiplier                 cstackCOMMON 0076
___bmul@product                    cstackCOMMON 0075
___int_sp                          stack        0000
___latbits                         (abs)        0002
___lldiv                           text9        0BBD
___lldiv@counter                   cstackBANK0  0053
___lldiv@dividend                  cstackBANK0  004B
___lldiv@divisor                   cstackBANK0  0047
___lldiv@quotient                  cstackBANK0  004F
___lwdiv                           text17       0950
___lwdiv@counter                   cstackBANK0  0047
___lwdiv@dividend                  cstackCOMMON 0075
___lwdiv@divisor                   cstackCOMMON 0073
___lwdiv@quotient                  cstackBANK0  0048
___lwmod                           text16       0871
___lwmod@counter                   cstackBANK0  004F
___lwmod@dividend                  cstackBANK0  004C
___lwmod@divisor                   cstackBANK0  004A
___sp                              stack        0000
___stackhi                         (abs)        0000
___stacklo                         (abs)        0000
__end_of_I2C_Master_Init           text8        08DD
__end_of_I2C_Master_Read           text24       17D0
__end_of_I2C_Master_RepeatedStart  text21       165C
__end_of_I2C_Master_Start          text28       164E
__end_of_I2C_Master_Stop           text27       1655
__end_of_I2C_Master_Wait           text29       084D
__end_of_I2C_Master_Write          text26       1664
__end_of_Lcd_Clear                 text39       1681
__end_of_Lcd_Cmd                   text40       16DC
__end_of_Lcd_Init                  text7        0C7D
__end_of_Lcd_Port                  text41       16C2
__end_of_Lcd_Set_Cursor            text38       0AB2
__end_of_Lcd_Shift_Left            text37       168C
__end_of_Lcd_Shift_Right           text36       1697
__end_of_Lcd_Write_Char            text35       0916
__end_of_Lcd_Write_String          text34       09CF
__end_of_UART_Init                 text5        0F12
__end_of_UART_TX_Empty             text33       1647
__end_of_UART_Write                text32       1676
__end_of___aldiv                   text6        0D95
__end_of___awdiv                   text31       0B62
__end_of___awmod                   text30       0A62
__end_of___bmul                    text18       16A8
__end_of___lldiv                   text9        0C1D
__end_of___lwdiv                   text17       098E
__end_of___lwmod                   text16       08A5
__end_of__initialization           cinit        0037
__end_of__stringtab                stringtext   0712
__end_of_close_door                text25       16F7
__end_of_dpowers                   stringtext   071C
__end_of_get_IR                    text23       1739
__end_of_get_PIR                   text22       175C
__end_of_get_day                   text20       0950
__end_of_get_hall                  text19       177F
__end_of_get_temp                  text13       0E3A
__end_of_get_time                  text12       0D06
__end_of_get_tripwire              text11       17A2
__end_of_initOscilador             text4        0B07
__end_of_main                      maintext     06E3
__end_of_manual_pwm                text42       1716
__end_of_open_door                 text10       06FE
__end_of_setup                     text3        0BBD
__end_of_sprintf                   text15       1000
__end_of_strcat                    text14       0871
__end_of_strcmp                    text2        1800
__end_of_write_RTC                 text1        0A15
__initialization                   cinit        000F
__pbssBANK0                        bssBANK0     0020
__pbssCOMMON                       bssCOMMON    0078
__pcstackBANK0                     cstackBANK0  0047
__pcstackBANK1                     cstackBANK1  00A0
__pcstackCOMMON                    cstackCOMMON 0070
__pdataBANK0                       dataBANK0    0068
__pidataBANK0                      idataBANK0   163C
__pintentry                        intentry     0004
__pmaintext                        maintext     003B
__pstringtext                      stringtext   0700
__ptext1                           text1        09CF
__ptext10                          text10       06E3
__ptext11                          text11       177F
__ptext12                          text12       0C7D
__ptext13                          text13       0D95
__ptext14                          text14       084D
__ptext15                          text15       0F12
__ptext16                          text16       0871
__ptext17                          text17       0950
__ptext18                          text18       1697
__ptext19                          text19       175C
__ptext2                           text2        17D0
__ptext20                          text20       0916
__ptext21                          text21       1655
__ptext22                          text22       1739
__ptext23                          text23       1716
__ptext24                          text24       17A2
__ptext25                          text25       16DC
__ptext26                          text26       165C
__ptext27                          text27       164E
__ptext28                          text28       1647
__ptext29                          text29       0844
__ptext3                           text3        0B62
__ptext30                          text30       0A15
__ptext31                          text31       0B07
__ptext32                          text32       166C
__ptext33                          text33       1641
__ptext34                          text34       098E
__ptext35                          text35       08DD
__ptext36                          text36       168C
__ptext37                          text37       1681
__ptext38                          text38       0A62
__ptext39                          text39       1676
__ptext4                           text4        0AB2
__ptext40                          text40       16C2
__ptext41                          text41       16A8
__ptext42                          text42       16F7
__ptext5                           text5        0E3A
__ptext6                           text6        0D06
__ptext7                           text7        0C1D
__ptext8                           text8        08A5
__ptext9                           text9        0BBD
__size_of_I2C_Master_Init          (abs)        0000
__size_of_I2C_Master_Read          (abs)        0000
__size_of_I2C_Master_RepeatedStart (abs)        0000
__size_of_I2C_Master_Start         (abs)        0000
__size_of_I2C_Master_Stop          (abs)        0000
__size_of_I2C_Master_Wait          (abs)        0000
__size_of_I2C_Master_Write         (abs)        0000
__size_of_Lcd_Clear                (abs)        0000
__size_of_Lcd_Cmd                  (abs)        0000
__size_of_Lcd_Init                 (abs)        0000
__size_of_Lcd_Port                 (abs)        0000
__size_of_Lcd_Set_Cursor           (abs)        0000
__size_of_Lcd_Shift_Left           (abs)        0000
__size_of_Lcd_Shift_Right          (abs)        0000
__size_of_Lcd_Write_Char           (abs)        0000
__size_of_Lcd_Write_String         (abs)        0000
__size_of_UART_Init                (abs)        0000
__size_of_UART_TX_Empty            (abs)        0000
__size_of_UART_Write               (abs)        0000
__size_of___aldiv                  (abs)        0000
__size_of___awdiv                  (abs)        0000
__size_of___awmod                  (abs)        0000
__size_of___bmul                   (abs)        0000
__size_of___lldiv                  (abs)        0000
__size_of___lwdiv                  (abs)        0000
__size_of___lwmod                  (abs)        0000
__size_of_close_door               (abs)        0000
__size_of_get_IR                   (abs)        0000
__size_of_get_PIR                  (abs)        0000
__size_of_get_day                  (abs)        0000
__size_of_get_hall                 (abs)        0000
__size_of_get_temp                 (abs)        0000
__size_of_get_time                 (abs)        0000
__size_of_get_tripwire             (abs)        0000
__size_of_initOscilador            (abs)        0000
__size_of_main                     (abs)        0000
__size_of_manual_pwm               (abs)        0000
__size_of_open_door                (abs)        0000
__size_of_setup                    (abs)        0000
__size_of_sprintf                  (abs)        0000
__size_of_strcat                   (abs)        0000
__size_of_strcmp                   (abs)        0000
__size_of_write_RTC                (abs)        0000
__stringbase                       stringtext   0712
__stringtab                        stringtext   0700
_alarm                             bssBANK0     002F
_bank                              bssBANK0     002E
_change                            bssBANK0     0034
_change1                           bssBANK0     0033
_change2                           bssBANK0     0032
_change3                           bssBANK0     0031
_change4                           bssBANK0     0030
_close_door                        text25       16DC
_cont                              bssBANK0     002D
_day1                              bssCOMMON    0079
_day2                              bssBANK0     0025
_door                              bssBANK0     003A
_dpowers                           stringtext   0712
_get_IR                            text23       1716
_get_PIR                           text22       1739
_get_day                           text20       0916
_get_hall                          text19       175C
_get_temp                          text13       0D95
_get_time                          text12       0C7D
_get_tripwire                      text11       177F
_hour                              bssBANK0     002B
_i                                 bssBANK0     0036
_initOscilador                     text4        0AB2
_j                                 bssBANK0     0035
_k                                 bssCOMMON    0078
_main                              maintext     003B
_manual_pwm                        text42       16F7
_min                               bssBANK0     002A
_newhour                           bssBANK0     0028
_newmin                            bssBANK0     0027
_open_door                         text10       06E3
_password                          dataBANK0    0068
_passwordu                         bssBANK0     0020
_seguridad                         bssBANK0     0029
_setup                             text3        0B62
_sprintf                           text15       0F12
_state                             bssCOMMON    007A
_strcat                            text14       084D
_strcmp                            text2        17D0
_temp                              bssBANK0     003B
_time                              bssBANK0     0041
_trip                              bssBANK0     0039
_val                               bssBANK0     002C
_write_RTC                         text1        09CF
btemp                              (abs)        007E
clear_ram0                         clrtext      1664
end_of_initialization              cinit        0037
get_IR@IR                          cstackBANK0  0049
get_PIR@PIR                        cstackBANK0  0049
get_day@d                          cstackBANK0  0049
get_hall@key                       cstackBANK0  0049
get_temp@decimal                   cstackBANK0  0062
get_temp@tempLSB                   cstackBANK0  0067
get_temp@tempMSB                   cstackBANK0  0065
get_temp@temp_string               cstackBANK0  0066
get_time@hour                      cstackBANK0  004B
get_time@min                       cstackBANK0  004C
get_time@time_string               cstackBANK0  004D
get_tripwire@trip                  cstackBANK0  0049
initOscilador@option               cstackCOMMON 0075
interrupt_function                 intentry     0004
intlevel0                          functab      0000
intlevel1                          functab      0000
intlevel2                          functab      0000
intlevel3                          functab      0000
intlevel4                          functab      0000
intlevel5                          functab      0000
reset_vec                          reset_vec    0000
saved_w                            (abs)        007E
sprintf@ap                         cstackBANK0  0058
sprintf@c                          cstackBANK0  005E
sprintf@f                          cstackBANK0  0050
sprintf@flag                       cstackBANK0  0059
sprintf@prec                       cstackBANK0  005A
sprintf@sp                         cstackBANK0  005D
sprintf@val                        cstackBANK0  005B
start                              init         000C
start_initialization               cinit        000F
strcat@cp                          cstackCOMMON 0076
strcat@from                        cstackCOMMON 0073
strcat@to                          cstackCOMMON 0075
strcmp@r                           cstackBANK0  0047
strcmp@s1                          cstackBANK0  0048
strcmp@s2                          cstackCOMMON 0073
write_RTC@day                      cstackCOMMON 0076
write_RTC@hour                     cstackCOMMON 0077
write_RTC@minutes                  cstackCOMMON 0075
wtemp0                             (abs)        007E


FUNCTION INFORMATION:

 *************** function _main *****************
 Defined at:
		line 77 in file "mainMaster.c"
 Parameters:    Size  Location     Type
		None
 Auto vars:     Size  Location     Type
		None
 Return value:  Size  Location     Type
                  1    wreg      void 
 Registers used:
		wreg, fsr0l, fsr0h, status,2, status,0, btemp+1, pclath, cstack
 Tracked objects:
		On entry : 
		On exit  : 
		Unchanged: 
 Data sizes:     COMMON   BANK0   BANK1   BANK3   BANK2
      Params:         0       0       0       0       0
      Locals:         0       0       0       0       0
      Temps:          0       0       6       0       0
      Totals:         0       0       6       0       0
Total ram usage:        6 bytes
 Hardware stack levels required when called:    5
 This function calls:
		_Lcd_Clear
		_Lcd_Set_Cursor
		_Lcd_Shift_Left
		_Lcd_Shift_Right
		_Lcd_Write_Char
		_Lcd_Write_String
		_UART_TX_Empty
		_UART_Write
		___awdiv
		___awmod
		___bmul
		_close_door
		_get_IR
		_get_PIR
		_get_day
		_get_hall
		_get_temp
		_get_time
		_get_tripwire
		_open_door
		_setup
		_strcmp
		_write_RTC
 This function is called by:
		Startup code after reset
 This function uses a non-reentrant model


 *************** function _write_RTC *****************
 Defined at:
		line 500 in file "mainMaster.c"
 Parameters:    Size  Location     Type
  hour            1    wreg     unsigned char 
  minutes         1    5[COMMON] unsigned char 
  day             1    6[COMMON] unsigned char 
 Auto vars:     Size  Location     Type
  hour            1    7[COMMON] unsigned char 
 Return value:  Size  Location     Type
                  1    wreg      void 
 Registers used:
		wreg, status,2, status,0, pclath, cstack
 Tracked objects:
		On entry : 
		On exit  : 
		Unchanged: 
 Data sizes:     COMMON   BANK0   BANK1   BANK3   BANK2
      Params:         2       0       0       0       0
      Locals:         1       0       0       0       0
      Temps:          0       2       0       0       0
      Totals:         3       2       0       0       0
Total ram usage:        5 bytes
 Hardware stack levels used:    1
 Hardware stack levels required when called:    3
 This function calls:
		_I2C_Master_Start
		_I2C_Master_Stop
		_I2C_Master_Write
 This function is called by:
		_main
 This function uses a non-reentrant model


 *************** function _strcmp *****************
 Defined at:
		line 33 in file "D:\Program Files (x86)\Microchip\xc8\v2.05\pic\sources\c90\common\strcmp.c"
 Parameters:    Size  Location     Type
  s1              1    wreg     PTR const unsigned char 
		 -> time(6), temp(6), 
  s2              2    3[COMMON] PTR const unsigned char 
		 -> STR_14(6), STR_13(6), STR_12(6), 
 Auto vars:     Size  Location     Type
  s1              1    1[BANK0 ] PTR const unsigned char 
		 -> time(6), temp(6), 
  r               1    0[BANK0 ] char 
 Return value:  Size  Location     Type
                  2    3[COMMON] int 
 Registers used:
		wreg, fsr0l, fsr0h, status,2, status,0, btemp+1, pclath
 Tracked objects:
		On entry : 
		On exit  : 
		Unchanged: 
 Data sizes:     COMMON   BANK0   BANK1   BANK3   BANK2
      Params:         2       0       0       0       0
      Locals:         0       2       0       0       0
      Temps:          3       0       0       0       0
      Totals:         5       2       0       0       0
Total ram usage:        7 bytes
 Hardware stack levels used:    2
 Hardware stack levels required when called:    1
 This function calls:
		Nothing
 This function is called by:
		_main
 This function uses a non-reentrant model


 *************** function _setup *****************
 Defined at:
		line 464 in file "mainMaster.c"
 Parameters:    Size  Location     Type
		None
 Auto vars:     Size  Location     Type
		None
 Return value:  Size  Location     Type
                  1    wreg      void 
 Registers used:
		wreg, fsr0l, fsr0h, status,2, status,0, pclath, cstack
 Tracked objects:
		On entry : 
		On exit  : 
		Unchanged: 
 Data sizes:     COMMON   BANK0   BANK1   BANK3   BANK2
      Params:         0       0       0       0       0
      Locals:         0       0       0       0       0
      Temps:          0       0       0       0       0
      Totals:         0       0       0       0       0
Total ram usage:        0 bytes
 Hardware stack levels used:    1
 Hardware stack levels required when called:    4
 This function calls:
		_I2C_Master_Init
		_Lcd_Init
		_UART_Init
		_initOscilador
 This function is called by:
		_main
 This function uses a non-reentrant model


 *************** function _initOscilador *****************
 Defined at:
		line 11 in file "./Oscilador.h"
 Parameters:    Size  Location     Type
  option          1    wreg     unsigned char 
 Auto vars:     Size  Location     Type
  option          1    5[COMMON] unsigned char 
 Return value:  Size  Location     Type
                  1    wreg      void 
 Registers used:
		wreg, fsr0l, fsr0h, status,2, status,0
 Tracked objects:
		On entry : 
		On exit  : 
		Unchanged: 
 Data sizes:     COMMON   BANK0   BANK1   BANK3   BANK2
      Params:         0       0       0       0       0
      Locals:         1       0       0       0       0
      Temps:          2       0       0       0       0
      Totals:         3       0       0       0       0
Total ram usage:        3 bytes
 Hardware stack levels used:    1
 Hardware stack levels required when called:    1
 This function calls:
		Nothing
 This function is called by:
		_setup
 This function uses a non-reentrant model


 *************** function _UART_Init *****************
 Defined at:
		line 8 in file "./UART.h"
 Parameters:    Size  Location     Type
  baudrate        4   14[BANK0 ] const long 
 Auto vars:     Size  Location     Type
  x               2    4[COMMON] unsigned int 
 Return value:  Size  Location     Type
                  1    wreg      unsigned char 
 Registers used:
		wreg, status,2, status,0, pclath, cstack
 Tracked objects:
		On entry : 
		On exit  : 
		Unchanged: 
 Data sizes:     COMMON   BANK0   BANK1   BANK3   BANK2
      Params:         0       4       0       0       0
      Locals:         2       0       0       0       0
      Temps:          0      12       0       0       0
      Totals:         2      16       0       0       0
Total ram usage:       18 bytes
 Hardware stack levels used:    1
 Hardware stack levels required when called:    2
 This function calls:
		___aldiv
 This function is called by:
		_setup
 This function uses a non-reentrant model


 *************** function ___aldiv *****************
 Defined at:
		line 5 in file "D:\Program Files (x86)\Microchip\xc8\v2.05\pic\sources\c90\common\aldiv.c"
 Parameters:    Size  Location     Type
  divisor         4    0[BANK0 ] long 
  dividend        4    4[BANK0 ] long 
 Auto vars:     Size  Location     Type
  quotient        4   10[BANK0 ] long 
  sign            1    9[BANK0 ] unsigned char 
  counter         1    8[BANK0 ] unsigned char 
 Return value:  Size  Location     Type
                  4    0[BANK0 ] long 
 Registers used:
		wreg, status,2, status,0
 Tracked objects:
		On entry : 
		On exit  : 
		Unchanged: 
 Data sizes:     COMMON   BANK0   BANK1   BANK3   BANK2
      Params:         0       8       0       0       0
      Locals:         0       6       0       0       0
      Temps:          1       0       0       0       0
      Totals:         1      14       0       0       0
Total ram usage:       15 bytes
 Hardware stack levels used:    1
 Hardware stack levels required when called:    1
 This function calls:
		Nothing
 This function is called by:
		_UART_Init
 This function uses a non-reentrant model


 *************** function _Lcd_Init *****************
 Defined at:
		line 65 in file "./LCD4bits.h"
 Parameters:    Size  Location     Type
		None
 Auto vars:     Size  Location     Type
		None
 Return value:  Size  Location     Type
                  1    wreg      void 
 Registers used:
		wreg, status,2, status,0, pclath, cstack
 Tracked objects:
		On entry : 
		On exit  : 
		Unchanged: 
 Data sizes:     COMMON   BANK0   BANK1   BANK3   BANK2
      Params:         0       0       0       0       0
      Locals:         0       0       0       0       0
      Temps:          0       2       0       0       0
      Totals:         0       2       0       0       0
Total ram usage:        2 bytes
 Hardware stack levels used:    1
 Hardware stack levels required when called:    3
 This function calls:
		_Lcd_Cmd
		_Lcd_Port
 This function is called by:
		_setup
 This function uses a non-reentrant model


 *************** function _I2C_Master_Init *****************
 Defined at:
		line 16 in file "./I2C.h"
 Parameters:    Size  Location     Type
  c               4   13[BANK0 ] const unsigned long 
 Auto vars:     Size  Location     Type
		None
 Return value:  Size  Location     Type
                  1    wreg      void 
 Registers used:
		wreg, status,2, status,0, pclath, cstack
 Tracked objects:
		On entry : 
		On exit  : 
		Unchanged: 
 Data sizes:     COMMON   BANK0   BANK1   BANK3   BANK2
      Params:         0       4       0       0       0
      Locals:         0       0       0       0       0
      Temps:          4       0       0       0       0
      Totals:         4       4       0       0       0
Total ram usage:        8 bytes
 Hardware stack levels used:    1
 Hardware stack levels required when called:    2
 This function calls:
		___lldiv
 This function is called by:
		_setup
 This function uses a non-reentrant model


 *************** function ___lldiv *****************
 Defined at:
		line 5 in file "D:\Program Files (x86)\Microchip\xc8\v2.05\pic\sources\c90\common\__lldiv.c"
 Parameters:    Size  Location     Type
  divisor         4    0[BANK0 ] unsigned long 
  dividend        4    4[BANK0 ] unsigned long 
 Auto vars:     Size  Location     Type
  quotient        4    8[BANK0 ] unsigned long 
  counter         1   12[BANK0 ] unsigned char 
 Return value:  Size  Location     Type
                  4    0[BANK0 ] unsigned long 
 Registers used:
		wreg, status,2, status,0
 Tracked objects:
		On entry : 
		On exit  : 
		Unchanged: 
 Data sizes:     COMMON   BANK0   BANK1   BANK3   BANK2
      Params:         0       8       0       0       0
      Locals:         0       5       0       0       0
      Temps:          1       0       0       0       0
      Totals:         1      13       0       0       0
Total ram usage:       14 bytes
 Hardware stack levels used:    1
 Hardware stack levels required when called:    1
 This function calls:
		Nothing
 This function is called by:
		_I2C_Master_Init
 This function uses a non-reentrant model


 *************** function _open_door *****************
 Defined at:
		line 622 in file "mainMaster.c"
 Parameters:    Size  Location     Type
		None
 Auto vars:     Size  Location     Type
		None
 Return value:  Size  Location     Type
                  1    wreg      void 
 Registers used:
		wreg, status,2, status,0, pclath, cstack
 Tracked objects:
		On entry : 
		On exit  : 
		Unchanged: 
 Data sizes:     COMMON   BANK0   BANK1   BANK3   BANK2
      Params:         0       0       0       0       0
      Locals:         0       0       0       0       0
      Temps:          0       0       0       0       0
      Totals:         0       0       0       0       0
Total ram usage:        0 bytes
 Hardware stack levels used:    1
 Hardware stack levels required when called:    3
 This function calls:
		_I2C_Master_Start
		_I2C_Master_Stop
		_I2C_Master_Write
 This function is called by:
		_main
 This function uses a non-reentrant model


 *************** function _get_tripwire *****************
 Defined at:
		line 586 in file "mainMaster.c"
 Parameters:    Size  Location     Type
		None
 Auto vars:     Size  Location     Type
  trip            1    2[BANK0 ] unsigned char 
 Return value:  Size  Location     Type
                  1    wreg      unsigned char 
 Registers used:
		wreg, status,2, status,0, pclath, cstack
 Tracked objects:
		On entry : 
		On exit  : 
		Unchanged: 
 Data sizes:     COMMON   BANK0   BANK1   BANK3   BANK2
      Params:         0       0       0       0       0
      Locals:         0       1       0       0       0
      Temps:          1       0       0       0       0
      Totals:         1       1       0       0       0
Total ram usage:        2 bytes
 Hardware stack levels used:    1
 Hardware stack levels required when called:    3
 This function calls:
		_I2C_Master_Read
		_I2C_Master_Start
		_I2C_Master_Stop
		_I2C_Master_Write
 This function is called by:
		_main
 This function uses a non-reentrant model


 *************** function _get_time *****************
 Defined at:
		line 511 in file "mainMaster.c"
 Parameters:    Size  Location     Type
  time_string     1    wreg     PTR unsigned char 
		 -> time(6), 
 Auto vars:     Size  Location     Type
  time_string     1    6[BANK0 ] PTR unsigned char 
		 -> time(6), 
  min             1    5[BANK0 ] unsigned char 
  hour            1    4[BANK0 ] unsigned char 
 Return value:  Size  Location     Type
                  1    wreg      void 
 Registers used:
		wreg, fsr0l, fsr0h, status,2, status,0, pclath, cstack
 Tracked objects:
		On entry : 
		On exit  : 
		Unchanged: 
 Data sizes:     COMMON   BANK0   BANK1   BANK3   BANK2
      Params:         0       0       0       0       0
      Locals:         0       3       0       0       0
      Temps:          0       2       0       0       0
      Totals:         0       5       0       0       0
Total ram usage:        5 bytes
 Hardware stack levels used:    1
 Hardware stack levels required when called:    3
 This function calls:
		_I2C_Master_Read
		_I2C_Master_RepeatedStart
		_I2C_Master_Start
		_I2C_Master_Stop
		_I2C_Master_Write
 This function is called by:
		_main
 This function uses a non-reentrant model


 *************** function _get_temp *****************
 Defined at:
		line 547 in file "mainMaster.c"
 Parameters:    Size  Location     Type
  temp_string     1    wreg     PTR unsigned char 
		 -> temp(6), 
 Auto vars:     Size  Location     Type
  temp_string     1   31[BANK0 ] PTR unsigned char 
		 -> temp(6), 
  decimal         3   27[BANK0 ] unsigned char [3]
  tempLSB         1   32[BANK0 ] unsigned char 
  tempMSB         1   30[BANK0 ] unsigned char 
 Return value:  Size  Location     Type
                  1    wreg      void 
 Registers used:
		wreg, fsr0l, fsr0h, status,2, status,0, btemp+1, pclath, cstack
 Tracked objects:
		On entry : 
		On exit  : 
		Unchanged: 
 Data sizes:     COMMON   BANK0   BANK1   BANK3   BANK2
      Params:         0       0       0       0       0
      Locals:         0       6       0       0       0
      Temps:          0       3       0       0       0
      Totals:         0       9       0       0       0
Total ram usage:        9 bytes
 Hardware stack levels used:    1
 Hardware stack levels required when called:    3
 This function calls:
		_I2C_Master_Read
		_I2C_Master_RepeatedStart
		_I2C_Master_Start
		_I2C_Master_Stop
		_I2C_Master_Write
		___bmul
		_sprintf
		_strcat
 This function is called by:
		_main
 This function uses a non-reentrant model


 *************** function _strcat *****************
 Defined at:
		line 8 in file "D:\Program Files (x86)\Microchip\xc8\v2.05\pic\sources\c90\common\strcat.c"
 Parameters:    Size  Location     Type
  to              1    wreg     PTR unsigned char 
		 -> temp(6), 
  from            1    3[COMMON] PTR const unsigned char 
		 -> get_temp@decimal(3), 
 Auto vars:     Size  Location     Type
  to              1    5[COMMON] PTR unsigned char 
		 -> temp(6), 
  cp              1    6[COMMON] PTR unsigned char 
		 -> temp(6), 
 Return value:  Size  Location     Type
                  1    wreg      PTR unsigned char 
 Registers used:
		wreg, fsr0l, fsr0h, status,2, status,0
 Tracked objects:
		On entry : 
		On exit  : 
		Unchanged: 
 Data sizes:     COMMON   BANK0   BANK1   BANK3   BANK2
      Params:         1       0       0       0       0
      Locals:         2       0       0       0       0
      Temps:          1       0       0       0       0
      Totals:         4       0       0       0       0
Total ram usage:        4 bytes
 Hardware stack levels used:    1
 Hardware stack levels required when called:    1
 This function calls:
		Nothing
 This function is called by:
		_get_temp
 This function uses a non-reentrant model


 *************** function _sprintf *****************
 Defined at:
		line 500 in file "D:\Program Files (x86)\Microchip\xc8\v2.05\pic\sources\c90\common\doprnt.c"
 Parameters:    Size  Location     Type
  sp              1    wreg     PTR unsigned char 
		 -> get_temp@decimal(3), temp(6), 
  f               2    9[BANK0 ] PTR const unsigned char 
		 -> STR_34(4), STR_33(5), STR_32(3), 
 Auto vars:     Size  Location     Type
  sp              1   22[BANK0 ] PTR unsigned char 
		 -> get_temp@decimal(3), temp(6), 
  tmpval          4    0        struct .
  val             2   20[BANK0 ] unsigned int 
  cp              2    0        PTR const unsigned char 
  len             2    0        unsigned int 
  c               1   23[BANK0 ] unsigned char 
  prec            1   19[BANK0 ] char 
  flag            1   18[BANK0 ] unsigned char 
  ap              1   17[BANK0 ] PTR void [1]
		 -> ?_sprintf(2), 
 Return value:  Size  Location     Type
                  2    9[BANK0 ] int 
 Registers used:
		wreg, fsr0l, fsr0h, status,2, status,0, btemp+1, pclath, cstack
 Tracked objects:
		On entry : 
		On exit  : 
		Unchanged: 
 Data sizes:     COMMON   BANK0   BANK1   BANK3   BANK2
      Params:         0       4       0       0       0
      Locals:         0       7       0       0       0
      Temps:          0       4       0       0       0
      Totals:         0      15       0       0       0
Total ram usage:       15 bytes
 Hardware stack levels used:    1
 Hardware stack levels required when called:    2
 This function calls:
		___lwdiv
		___lwmod
 This function is called by:
		_get_temp
 This function uses a non-reentrant model


 *************** function ___lwmod *****************
 Defined at:
		line 5 in file "D:\Program Files (x86)\Microchip\xc8\v2.05\pic\sources\c90\common\lwmod.c"
 Parameters:    Size  Location     Type
  divisor         2    3[BANK0 ] unsigned int 
  dividend        2    5[BANK0 ] unsigned int 
 Auto vars:     Size  Location     Type
  counter         1    8[BANK0 ] unsigned char 
 Return value:  Size  Location     Type
                  2    3[BANK0 ] unsigned int 
 Registers used:
		wreg, status,2, status,0
 Tracked objects:
		On entry : 
		On exit  : 
		Unchanged: 
 Data sizes:     COMMON   BANK0   BANK1   BANK3   BANK2
      Params:         0       4       0       0       0
      Locals:         0       1       0       0       0
      Temps:          0       1       0       0       0
      Totals:         0       6       0       0       0
Total ram usage:        6 bytes
 Hardware stack levels used:    1
 Hardware stack levels required when called:    1
 This function calls:
		Nothing
 This function is called by:
		_sprintf
 This function uses a non-reentrant model


 *************** function ___lwdiv *****************
 Defined at:
		line 5 in file "D:\Program Files (x86)\Microchip\xc8\v2.05\pic\sources\c90\common\lwdiv.c"
 Parameters:    Size  Location     Type
  divisor         2    3[COMMON] unsigned int 
  dividend        2    5[COMMON] unsigned int 
 Auto vars:     Size  Location     Type
  quotient        2    1[BANK0 ] unsigned int 
  counter         1    0[BANK0 ] unsigned char 
 Return value:  Size  Location     Type
                  2    3[COMMON] unsigned int 
 Registers used:
		wreg, status,2, status,0
 Tracked objects:
		On entry : 
		On exit  : 
		Unchanged: 
 Data sizes:     COMMON   BANK0   BANK1   BANK3   BANK2
      Params:         4       0       0       0       0
      Locals:         0       3       0       0       0
      Temps:          1       0       0       0       0
      Totals:         5       3       0       0       0
Total ram usage:        8 bytes
 Hardware stack levels used:    1
 Hardware stack levels required when called:    1
 This function calls:
		Nothing
 This function is called by:
		_sprintf
 This function uses a non-reentrant model


 *************** function ___bmul *****************
 Defined at:
		line 4 in file "D:\Program Files (x86)\Microchip\xc8\v2.05\pic\sources\c90\common\Umul8.c"
 Parameters:    Size  Location     Type
  multiplier      1    wreg     unsigned char 
  multiplicand    1    3[COMMON] unsigned char 
 Auto vars:     Size  Location     Type
  multiplier      1    6[COMMON] unsigned char 
  product         1    5[COMMON] unsigned char 
 Return value:  Size  Location     Type
                  1    wreg      unsigned char 
 Registers used:
		wreg, status,2, status,0
 Tracked objects:
		On entry : 
		On exit  : 
		Unchanged: 
 Data sizes:     COMMON   BANK0   BANK1   BANK3   BANK2
      Params:         1       0       0       0       0
      Locals:         2       0       0       0       0
      Temps:          1       0       0       0       0
      Totals:         4       0       0       0       0
Total ram usage:        4 bytes
 Hardware stack levels used:    1
 Hardware stack levels required when called:    1
 This function calls:
		Nothing
 This function is called by:
		_main
		_get_temp
 This function uses a non-reentrant model


 *************** function _get_hall *****************
 Defined at:
		line 574 in file "mainMaster.c"
 Parameters:    Size  Location     Type
		None
 Auto vars:     Size  Location     Type
  key             1    2[BANK0 ] unsigned char 
 Return value:  Size  Location     Type
                  1    wreg      unsigned char 
 Registers used:
		wreg, status,2, status,0, pclath, cstack
 Tracked objects:
		On entry : 
		On exit  : 
		Unchanged: 
 Data sizes:     COMMON   BANK0   BANK1   BANK3   BANK2
      Params:         0       0       0       0       0
      Locals:         0       1       0       0       0
      Temps:          1       0       0       0       0
      Totals:         1       1       0       0       0
Total ram usage:        2 bytes
 Hardware stack levels used:    1
 Hardware stack levels required when called:    3
 This function calls:
		_I2C_Master_Read
		_I2C_Master_Start
		_I2C_Master_Stop
		_I2C_Master_Write
 This function is called by:
		_main
 This function uses a non-reentrant model


 *************** function _get_day *****************
 Defined at:
		line 532 in file "mainMaster.c"
 Parameters:    Size  Location     Type
		None
 Auto vars:     Size  Location     Type
  d               1    2[BANK0 ] unsigned char 
 Return value:  Size  Location     Type
                  1    wreg      unsigned char 
 Registers used:
		wreg, status,2, status,0, pclath, cstack
 Tracked objects:
		On entry : 
		On exit  : 
		Unchanged: 
 Data sizes:     COMMON   BANK0   BANK1   BANK3   BANK2
      Params:         0       0       0       0       0
      Locals:         0       1       0       0       0
      Temps:          1       0       0       0       0
      Totals:         1       1       0       0       0
Total ram usage:        2 bytes
 Hardware stack levels used:    1
 Hardware stack levels required when called:    3
 This function calls:
		_I2C_Master_Read
		_I2C_Master_RepeatedStart
		_I2C_Master_Start
		_I2C_Master_Stop
		_I2C_Master_Write
 This function is called by:
		_main
 This function uses a non-reentrant model


 *************** function _I2C_Master_RepeatedStart *****************
 Defined at:
		line 47 in file "./I2C.h"
 Parameters:    Size  Location     Type
		None
 Auto vars:     Size  Location     Type
		None
 Return value:  Size  Location     Type
                  1    wreg      void 
 Registers used:
		wreg, status,2, status,0, pclath, cstack
 Tracked objects:
		On entry : 
		On exit  : 
		Unchanged: 
 Data sizes:     COMMON   BANK0   BANK1   BANK3   BANK2
      Params:         0       0       0       0       0
      Locals:         0       0       0       0       0
      Temps:          0       0       0       0       0
      Totals:         0       0       0       0       0
Total ram usage:        0 bytes
 Hardware stack levels used:    1
 Hardware stack levels required when called:    2
 This function calls:
		_I2C_Master_Wait
 This function is called by:
		_get_time
		_get_day
		_get_temp
 This function uses a non-reentrant model


 *************** function _get_PIR *****************
 Defined at:
		line 598 in file "mainMaster.c"
 Parameters:    Size  Location     Type
		None
 Auto vars:     Size  Location     Type
  PIR             1    2[BANK0 ] unsigned char 
 Return value:  Size  Location     Type
                  1    wreg      unsigned char 
 Registers used:
		wreg, status,2, status,0, pclath, cstack
 Tracked objects:
		On entry : 
		On exit  : 
		Unchanged: 
 Data sizes:     COMMON   BANK0   BANK1   BANK3   BANK2
      Params:         0       0       0       0       0
      Locals:         0       1       0       0       0
      Temps:          1       0       0       0       0
      Totals:         1       1       0       0       0
Total ram usage:        2 bytes
 Hardware stack levels used:    1
 Hardware stack levels required when called:    3
 This function calls:
		_I2C_Master_Read
		_I2C_Master_Start
		_I2C_Master_Stop
		_I2C_Master_Write
 This function is called by:
		_main
 This function uses a non-reentrant model


 *************** function _get_IR *****************
 Defined at:
		line 610 in file "mainMaster.c"
 Parameters:    Size  Location     Type
		None
 Auto vars:     Size  Location     Type
  IR              1    2[BANK0 ] unsigned char 
 Return value:  Size  Location     Type
                  1    wreg      unsigned char 
 Registers used:
		wreg, status,2, status,0, pclath, cstack
 Tracked objects:
		On entry : 
		On exit  : 
		Unchanged: 
 Data sizes:     COMMON   BANK0   BANK1   BANK3   BANK2
      Params:         0       0       0       0       0
      Locals:         0       1       0       0       0
      Temps:          1       0       0       0       0
      Totals:         1       1       0       0       0
Total ram usage:        2 bytes
 Hardware stack levels used:    1
 Hardware stack levels required when called:    3
 This function calls:
		_I2C_Master_Read
		_I2C_Master_Start
		_I2C_Master_Stop
		_I2C_Master_Write
 This function is called by:
		_main
 This function uses a non-reentrant model


 *************** function _I2C_Master_Read *****************
 Defined at:
		line 74 in file "./I2C.h"
 Parameters:    Size  Location     Type
  a               2    3[COMMON] unsigned short 
 Auto vars:     Size  Location     Type
  temp            2    0[BANK0 ] unsigned short 
 Return value:  Size  Location     Type
                  2    3[COMMON] unsigned short 
 Registers used:
		wreg, status,2, status,0, pclath, cstack
 Tracked objects:
		On entry : 
		On exit  : 
		Unchanged: 
 Data sizes:     COMMON   BANK0   BANK1   BANK3   BANK2
      Params:         2       0       0       0       0
      Locals:         0       2       0       0       0
      Temps:          2       0       0       0       0
      Totals:         4       2       0       0       0
Total ram usage:        6 bytes
 Hardware stack levels used:    1
 Hardware stack levels required when called:    2
 This function calls:
		_I2C_Master_Wait
 This function is called by:
		_get_time
		_get_day
		_get_temp
		_get_hall
		_get_tripwire
		_get_PIR
		_get_IR
 This function uses a non-reentrant model


 *************** function _close_door *****************
 Defined at:
		line 631 in file "mainMaster.c"
 Parameters:    Size  Location     Type
		None
 Auto vars:     Size  Location     Type
		None
 Return value:  Size  Location     Type
                  1    wreg      void 
 Registers used:
		wreg, status,2, status,0, pclath, cstack
 Tracked objects:
		On entry : 
		On exit  : 
		Unchanged: 
 Data sizes:     COMMON   BANK0   BANK1   BANK3   BANK2
      Params:         0       0       0       0       0
      Locals:         0       0       0       0       0
      Temps:          0       0       0       0       0
      Totals:         0       0       0       0       0
Total ram usage:        0 bytes
 Hardware stack levels used:    1
 Hardware stack levels required when called:    3
 This function calls:
		_I2C_Master_Start
		_I2C_Master_Stop
		_I2C_Master_Write
 This function is called by:
		_main
 This function uses a non-reentrant model


 *************** function _I2C_Master_Write *****************
 Defined at:
		line 65 in file "./I2C.h"
 Parameters:    Size  Location     Type
  d               2    3[COMMON] unsigned int 
 Auto vars:     Size  Location     Type
		None
 Return value:  Size  Location     Type
                  1    wreg      void 
 Registers used:
		wreg, status,2, status,0, pclath, cstack
 Tracked objects:
		On entry : 
		On exit  : 
		Unchanged: 
 Data sizes:     COMMON   BANK0   BANK1   BANK3   BANK2
      Params:         2       0       0       0       0
      Locals:         0       0       0       0       0
      Temps:          0       0       0       0       0
      Totals:         2       0       0       0       0
Total ram usage:        2 bytes
 Hardware stack levels used:    1
 Hardware stack levels required when called:    2
 This function calls:
		_I2C_Master_Wait
 This function is called by:
		_write_RTC
		_get_time
		_get_day
		_get_temp
		_get_hall
		_get_tripwire
		_get_PIR
		_get_IR
		_open_door
		_close_door
 This function uses a non-reentrant model


 *************** function _I2C_Master_Stop *****************
 Defined at:
		line 55 in file "./I2C.h"
 Parameters:    Size  Location     Type
		None
 Auto vars:     Size  Location     Type
		None
 Return value:  Size  Location     Type
                  1    wreg      void 
 Registers used:
		wreg, status,2, status,0, pclath, cstack
 Tracked objects:
		On entry : 
		On exit  : 
		Unchanged: 
 Data sizes:     COMMON   BANK0   BANK1   BANK3   BANK2
      Params:         0       0       0       0       0
      Locals:         0       0       0       0       0
      Temps:          0       0       0       0       0
      Totals:         0       0       0       0       0
Total ram usage:        0 bytes
 Hardware stack levels used:    1
 Hardware stack levels required when called:    2
 This function calls:
		_I2C_Master_Wait
 This function is called by:
		_write_RTC
		_get_time
		_get_day
		_get_temp
		_get_hall
		_get_tripwire
		_get_PIR
		_get_IR
		_open_door
		_close_door
 This function uses a non-reentrant model


 *************** function _I2C_Master_Start *****************
 Defined at:
		line 39 in file "./I2C.h"
 Parameters:    Size  Location     Type
		None
 Auto vars:     Size  Location     Type
		None
 Return value:  Size  Location     Type
                  1    wreg      void 
 Registers used:
		wreg, status,2, status,0, pclath, cstack
 Tracked objects:
		On entry : 
		On exit  : 
		Unchanged: 
 Data sizes:     COMMON   BANK0   BANK1   BANK3   BANK2
      Params:         0       0       0       0       0
      Locals:         0       0       0       0       0
      Temps:          0       0       0       0       0
      Totals:         0       0       0       0       0
Total ram usage:        0 bytes
 Hardware stack levels used:    1
 Hardware stack levels required when called:    2
 This function calls:
		_I2C_Master_Wait
 This function is called by:
		_write_RTC
		_get_time
		_get_day
		_get_temp
		_get_hall
		_get_tripwire
		_get_PIR
		_get_IR
		_open_door
		_close_door
 This function uses a non-reentrant model


 *************** function _I2C_Master_Wait *****************
 Defined at:
		line 32 in file "./I2C.h"
 Parameters:    Size  Location     Type
		None
 Auto vars:     Size  Location     Type
		None
 Return value:  Size  Location     Type
                  1    wreg      void 
 Registers used:
		wreg, status,2
 Tracked objects:
		On entry : 
		On exit  : 
		Unchanged: 
 Data sizes:     COMMON   BANK0   BANK1   BANK3   BANK2
      Params:         0       0       0       0       0
      Locals:         0       0       0       0       0
      Temps:          0       0       0       0       0
      Totals:         0       0       0       0       0
Total ram usage:        0 bytes
 Hardware stack levels used:    1
 Hardware stack levels required when called:    1
 This function calls:
		Nothing
 This function is called by:
		_I2C_Master_Start
		_I2C_Master_RepeatedStart
		_I2C_Master_Stop
		_I2C_Master_Write
		_I2C_Master_Read
 This function uses a non-reentrant model


 *************** function ___awmod *****************
 Defined at:
		line 5 in file "D:\Program Files (x86)\Microchip\xc8\v2.05\pic\sources\c90\common\awmod.c"
 Parameters:    Size  Location     Type
  divisor         2    3[COMMON] int 
  dividend        2    5[COMMON] int 
 Auto vars:     Size  Location     Type
  sign            1    1[BANK0 ] unsigned char 
  counter         1    0[BANK0 ] unsigned char 
 Return value:  Size  Location     Type
                  2    3[COMMON] int 
 Registers used:
		wreg, status,2, status,0
 Tracked objects:
		On entry : 
		On exit  : 
		Unchanged: 
 Data sizes:     COMMON   BANK0   BANK1   BANK3   BANK2
      Params:         4       0       0       0       0
      Locals:         0       2       0       0       0
      Temps:          1       0       0       0       0
      Totals:         5       2       0       0       0
Total ram usage:        7 bytes
 Hardware stack levels used:    1
 Hardware stack levels required when called:    1
 This function calls:
		Nothing
 This function is called by:
		_main
 This function uses a non-reentrant model


 *************** function ___awdiv *****************
 Defined at:
		line 5 in file "D:\Program Files (x86)\Microchip\xc8\v2.05\pic\sources\c90\common\awdiv.c"
 Parameters:    Size  Location     Type
  divisor         2    3[COMMON] int 
  dividend        2    5[COMMON] int 
 Auto vars:     Size  Location     Type
  quotient        2    2[BANK0 ] int 
  sign            1    1[BANK0 ] unsigned char 
  counter         1    0[BANK0 ] unsigned char 
 Return value:  Size  Location     Type
                  2    3[COMMON] int 
 Registers used:
		wreg, status,2, status,0
 Tracked objects:
		On entry : 
		On exit  : 
		Unchanged: 
 Data sizes:     COMMON   BANK0   BANK1   BANK3   BANK2
      Params:         4       0       0       0       0
      Locals:         0       4       0       0       0
      Temps:          1       0       0       0       0
      Totals:         5       4       0       0       0
Total ram usage:        9 bytes
 Hardware stack levels used:    1
 Hardware stack levels required when called:    1
 This function calls:
		Nothing
 This function is called by:
		_main
 This function uses a non-reentrant model


 *************** function _UART_Write *****************
 Defined at:
		line 54 in file "./UART.h"
 Parameters:    Size  Location     Type
  data            1    wreg     unsigned char 
 Auto vars:     Size  Location     Type
  data            1    3[COMMON] unsigned char 
 Return value:  Size  Location     Type
                  1    wreg      void 
 Registers used:
		wreg
 Tracked objects:
		On entry : 
		On exit  : 
		Unchanged: 
 Data sizes:     COMMON   BANK0   BANK1   BANK3   BANK2
      Params:         0       0       0       0       0
      Locals:         1       0       0       0       0
      Temps:          0       0       0       0       0
      Totals:         1       0       0       0       0
Total ram usage:        1 bytes
 Hardware stack levels used:    1
 Hardware stack levels required when called:    1
 This function calls:
		Nothing
 This function is called by:
		_main
		_UART_Write_Text
 This function uses a non-reentrant model


 *************** function _UART_TX_Empty *****************
 Defined at:
		line 31 in file "./UART.h"
 Parameters:    Size  Location     Type
		None
 Auto vars:     Size  Location     Type
		None
 Return value:  Size  Location     Type
                  1    wreg      unsigned char 
 Registers used:
		wreg
 Tracked objects:
		On entry : 
		On exit  : 
		Unchanged: 
 Data sizes:     COMMON   BANK0   BANK1   BANK3   BANK2
      Params:         0       0       0       0       0
      Locals:         0       0       0       0       0
      Temps:          0       0       0       0       0
      Totals:         0       0       0       0       0
Total ram usage:        0 bytes
 Hardware stack levels used:    1
 Hardware stack levels required when called:    1
 This function calls:
		Nothing
 This function is called by:
		_main
 This function uses a non-reentrant model


 *************** function _Lcd_Write_String *****************
 Defined at:
		line 100 in file "./LCD4bits.h"
 Parameters:    Size  Location     Type
  a               2    0[BANK0 ] PTR unsigned char 
		 -> NULL(0), STR_31(13), STR_30(6), STR_29(13), 
		 -> STR_28(12), STR_27(17), STR_26(6), STR_25(7), 
		 -> STR_24(7), STR_23(7), STR_22(8), STR_21(8), 
		 -> STR_20(9), STR_19(9), STR_18(9), STR_17(9), 
		 -> STR_16(12), STR_15(12), STR_11(10), STR_10(10), 
		 -> STR_9(10), STR_8(10), STR_7(10), STR_6(10), 
		 -> STR_5(10), STR_4(10), time(6), temp(6), 
		 -> STR_3(11), STR_2(7), STR_1(31), 
 Auto vars:     Size  Location     Type
  i               2    5[BANK0 ] int 
 Return value:  Size  Location     Type
                  1    wreg      void 
 Registers used:
		wreg, fsr0l, fsr0h, status,2, status,0, btemp+1, pclath, cstack
 Tracked objects:
		On entry : 
		On exit  : 
		Unchanged: 
 Data sizes:     COMMON   BANK0   BANK1   BANK3   BANK2
      Params:         0       2       0       0       0
      Locals:         0       2       0       0       0
      Temps:          0       3       0       0       0
      Totals:         0       7       0       0       0
Total ram usage:        7 bytes
 Hardware stack levels used:    1
 Hardware stack levels required when called:    3
 This function calls:
		_Lcd_Write_Char
 This function is called by:
		_main
 This function uses a non-reentrant model


 *************** function _Lcd_Write_Char *****************
 Defined at:
		line 84 in file "./LCD4bits.h"
 Parameters:    Size  Location     Type
  a               1    wreg     unsigned char 
 Auto vars:     Size  Location     Type
  a               1    7[COMMON] unsigned char 
  y               1    6[COMMON] unsigned char 
  temp            1    5[COMMON] unsigned char 
 Return value:  Size  Location     Type
                  1    wreg      void 
 Registers used:
		wreg, status,2, status,0, pclath, cstack
 Tracked objects:
		On entry : 
		On exit  : 
		Unchanged: 
 Data sizes:     COMMON   BANK0   BANK1   BANK3   BANK2
      Params:         0       0       0       0       0
      Locals:         3       0       0       0       0
      Temps:          1       0       0       0       0
      Totals:         4       0       0       0       0
Total ram usage:        4 bytes
 Hardware stack levels used:    1
 Hardware stack levels required when called:    2
 This function calls:
		_Lcd_Port
 This function is called by:
		_Lcd_Write_String
		_main
 This function uses a non-reentrant model


 *************** function _Lcd_Shift_Right *****************
 Defined at:
		line 107 in file "./LCD4bits.h"
 Parameters:    Size  Location     Type
		None
 Auto vars:     Size  Location     Type
		None
 Return value:  Size  Location     Type
                  1    wreg      void 
 Registers used:
		wreg, status,2, status,0, pclath, cstack
 Tracked objects:
		On entry : 
		On exit  : 
		Unchanged: 
 Data sizes:     COMMON   BANK0   BANK1   BANK3   BANK2
      Params:         0       0       0       0       0
      Locals:         0       0       0       0       0
      Temps:          0       0       0       0       0
      Totals:         0       0       0       0       0
Total ram usage:        0 bytes
 Hardware stack levels used:    1
 Hardware stack levels required when called:    3
 This function calls:
		_Lcd_Cmd
 This function is called by:
		_main
 This function uses a non-reentrant model


 *************** function _Lcd_Shift_Left *****************
 Defined at:
		line 113 in file "./LCD4bits.h"
 Parameters:    Size  Location     Type
		None
 Auto vars:     Size  Location     Type
		None
 Return value:  Size  Location     Type
                  1    wreg      void 
 Registers used:
		wreg, status,2, status,0, pclath, cstack
 Tracked objects:
		On entry : 
		On exit  : 
		Unchanged: 
 Data sizes:     COMMON   BANK0   BANK1   BANK3   BANK2
      Params:         0       0       0       0       0
      Locals:         0       0       0       0       0
      Temps:          0       0       0       0       0
      Totals:         0       0       0       0       0
Total ram usage:        0 bytes
 Hardware stack levels used:    1
 Hardware stack levels required when called:    3
 This function calls:
		_Lcd_Cmd
 This function is called by:
		_main
 This function uses a non-reentrant model


 *************** function _Lcd_Set_Cursor *****************
 Defined at:
		line 44 in file "./LCD4bits.h"
 Parameters:    Size  Location     Type
  a               1    wreg     unsigned char 
  b               1    7[COMMON] unsigned char 
 Auto vars:     Size  Location     Type
  a               1    2[BANK0 ] unsigned char 
  temp            1    5[BANK0 ] unsigned char 
  y               1    4[BANK0 ] unsigned char 
  z               1    3[BANK0 ] unsigned char 
 Return value:  Size  Location     Type
                  1    wreg      void 
 Registers used:
		wreg, status,2, status,0, pclath, cstack
 Tracked objects:
		On entry : 
		On exit  : 
		Unchanged: 
 Data sizes:     COMMON   BANK0   BANK1   BANK3   BANK2
      Params:         1       0       0       0       0
      Locals:         0       4       0       0       0
      Temps:          0       2       0       0       0
      Totals:         1       6       0       0       0
Total ram usage:        7 bytes
 Hardware stack levels used:    1
 Hardware stack levels required when called:    3
 This function calls:
		_Lcd_Cmd
 This function is called by:
		_main
 This function uses a non-reentrant model


 *************** function _Lcd_Clear *****************
 Defined at:
		line 38 in file "./LCD4bits.h"
 Parameters:    Size  Location     Type
		None
 Auto vars:     Size  Location     Type
		None
 Return value:  Size  Location     Type
                  1    wreg      void 
 Registers used:
		wreg, status,2, status,0, pclath, cstack
 Tracked objects:
		On entry : 
		On exit  : 
		Unchanged: 
 Data sizes:     COMMON   BANK0   BANK1   BANK3   BANK2
      Params:         0       0       0       0       0
      Locals:         0       0       0       0       0
      Temps:          0       0       0       0       0
      Totals:         0       0       0       0       0
Total ram usage:        0 bytes
 Hardware stack levels used:    1
 Hardware stack levels required when called:    3
 This function calls:
		_Lcd_Cmd
 This function is called by:
		_main
 This function uses a non-reentrant model


 *************** function _Lcd_Cmd *****************
 Defined at:
		line 29 in file "./LCD4bits.h"
 Parameters:    Size  Location     Type
  a               1    wreg     unsigned char 
 Auto vars:     Size  Location     Type
  a               1    6[COMMON] unsigned char 
 Return value:  Size  Location     Type
                  1    wreg      void 
 Registers used:
		wreg, status,2, status,0, pclath, cstack
 Tracked objects:
		On entry : 
		On exit  : 
		Unchanged: 
 Data sizes:     COMMON   BANK0   BANK1   BANK3   BANK2
      Params:         0       0       0       0       0
      Locals:         1       0       0       0       0
      Temps:          2       0       0       0       0
      Totals:         3       0       0       0       0
Total ram usage:        3 bytes
 Hardware stack levels used:    1
 Hardware stack levels required when called:    2
 This function calls:
		_Lcd_Port
 This function is called by:
		_Lcd_Clear
		_Lcd_Set_Cursor
		_Lcd_Init
		_Lcd_Shift_Right
		_Lcd_Shift_Left
 This function uses a non-reentrant model


 *************** function _Lcd_Port *****************
 Defined at:
		line 7 in file "./LCD4bits.h"
 Parameters:    Size  Location     Type
  a               1    wreg     unsigned char 
 Auto vars:     Size  Location     Type
  a               1    3[COMMON] unsigned char 
 Return value:  Size  Location     Type
                  1    wreg      void 
 Registers used:
		wreg
 Tracked objects:
		On entry : 
		On exit  : 
		Unchanged: 
 Data sizes:     COMMON   BANK0   BANK1   BANK3   BANK2
      Params:         0       0       0       0       0
      Locals:         1       0       0       0       0
      Temps:          0       0       0       0       0
      Totals:         1       0       0       0       0
Total ram usage:        1 bytes
 Hardware stack levels used:    1
 Hardware stack levels required when called:    1
 This function calls:
		Nothing
 This function is called by:
		_Lcd_Cmd
		_Lcd_Init
		_Lcd_Write_Char
 This function uses a non-reentrant model


 *************** function _manual_pwm *****************
 Defined at:
		line 58 in file "mainMaster.c"
 Parameters:    Size  Location     Type
		None
 Auto vars:     Size  Location     Type
		None
 Return value:  Size  Location     Type
                  1    wreg      void 
 Registers used:
		wreg, status,2, status,0
 Tracked objects:
		On entry : 
		On exit  : 
		Unchanged: 
 Data sizes:     COMMON   BANK0   BANK1   BANK3   BANK2
      Params:         0       0       0       0       0
      Locals:         0       0       0       0       0
      Temps:          3       0       0       0       0
      Totals:         3       0       0       0       0
Total ram usage:        3 bytes
 Hardware stack levels used:    1
 This function calls:
		Nothing
 This function is called by:
		Interrupt level 1
 This function uses a non-reentrant model



MODULE INFORMATION

Module		Function		Class		Link	Load	Size
./LCD4bits.h
		_Lcd_Write_String		CODE           	098E	0000	66
		_Lcd_Shift_Left		CODE           	1681	0000	12
		_Lcd_Init      		CODE           	0C1D	0000	97
		_Lcd_Write_Char		CODE           	08DD	0000	58
		_Lcd_Cmd       		CODE           	16C2	0000	27
		_Lcd_Shift_Right		CODE           	168C	0000	12
		_Lcd_Set_Cursor		CODE           	0A62	0000	81
		_Lcd_Clear     		CODE           	1676	0000	12
		_Lcd_Port      		CODE           	16A8	0000	27

./LCD4bits.h estimated size: 392

D:\Program Files (x86)\Microchip\xc8\v2.05\pic\sources\c90\common\doprnt.c
		_sprintf       		CODE           	0F12	0000	239

D:\Program Files (x86)\Microchip\xc8\v2.05\pic\sources\c90\common\doprnt.c estimated size: 239

D:\Program Files (x86)\Microchip\xc8\v2.05\pic\sources\c90\common\lwmod.c
		___lwmod       		CODE           	0871	0000	53

D:\Program Files (x86)\Microchip\xc8\v2.05\pic\sources\c90\common\lwmod.c estimated size: 53

D:\Program Files (x86)\Microchip\xc8\v2.05\pic\sources\c90\common\awmod.c
		___awmod       		CODE           	0A15	0000	78

D:\Program Files (x86)\Microchip\xc8\v2.05\pic\sources\c90\common\awmod.c estimated size: 78

./UART.h
		_UART_TX_Empty 		CODE           	1641	0000	7
		_UART_Init     		CODE           	0E3A	0000	217
		_UART_Write    		CODE           	166C	0000	11

./UART.h estimated size: 235

mainMaster.c
		_get_hall      		CODE           	175C	0000	36
		_get_temp      		CODE           	0D95	0000	166
		_get_IR        		CODE           	1716	0000	36
		_main          		CODE           	003B	0000	1705
		_get_day       		CODE           	0916	0000	59
		_manual_pwm    		CODE           	16F7	0000	32
		_get_time      		CODE           	0C7D	0000	138
		_open_door     		CODE           	06E3	0000	28
		_write_RTC     		CODE           	09CF	0000	71
		_setup         		CODE           	0B62	0000	92
		_get_PIR       		CODE           	1739	0000	36
		_get_tripwire  		CODE           	177F	0000	36
		_close_door    		CODE           	16DC	0000	28

mainMaster.c estimated size: 2463

D:\Program Files (x86)\Microchip\xc8\v2.05\pic\sources\c90\common\__lldiv.c
		___lldiv       		CODE           	0BBD	0000	97

D:\Program Files (x86)\Microchip\xc8\v2.05\pic\sources\c90\common\__lldiv.c estimated size: 97

D:\Program Files (x86)\Microchip\xc8\v2.05\pic\sources\c90\common\strcat.c
		_strcat        		CODE           	084D	0000	37

D:\Program Files (x86)\Microchip\xc8\v2.05\pic\sources\c90\common\strcat.c estimated size: 37

shared
		__stringtab    		STRCODE        	0700	0000	19
		_dpowers       		STRCODE        	0712	0000	11
		__initialization		CODE           	000F	0000	41

shared estimated size: 71

D:\Program Files (x86)\Microchip\xc8\v2.05\pic\sources\c90\common\lwdiv.c
		___lwdiv       		CODE           	0950	0000	63

D:\Program Files (x86)\Microchip\xc8\v2.05\pic\sources\c90\common\lwdiv.c estimated size: 63

D:\Program Files (x86)\Microchip\xc8\v2.05\pic\sources\c90\common\awdiv.c
		___awdiv       		CODE           	0B07	0000	92

D:\Program Files (x86)\Microchip\xc8\v2.05\pic\sources\c90\common\awdiv.c estimated size: 92

D:\Program Files (x86)\Microchip\xc8\v2.05\pic\sources\c90\common\aldiv.c
		___aldiv       		CODE           	0D06	0000	144

D:\Program Files (x86)\Microchip\xc8\v2.05\pic\sources\c90\common\aldiv.c estimated size: 144

D:\Program Files (x86)\Microchip\xc8\v2.05\pic\sources\c90\common\strcmp.c
		_strcmp        		CODE           	17D0	0000	49

D:\Program Files (x86)\Microchip\xc8\v2.05\pic\sources\c90\common\strcmp.c estimated size: 49

D:\Program Files (x86)\Microchip\xc8\v2.05\pic\sources\c90\common\Umul8.c
		___bmul        		CODE           	1697	0000	18

D:\Program Files (x86)\Microchip\xc8\v2.05\pic\sources\c90\common\Umul8.c estimated size: 18

./Oscilador.h
		_initOscilador 		CODE           	0AB2	0000	86

./Oscilador.h estimated size: 86

./I2C.h
		_I2C_Master_Read		CODE           	17A2	0000	47
		_I2C_Master_Wait		CODE           	0844	0000	10
		_I2C_Master_Init		CODE           	08A5	0000	57
		_I2C_Master_Stop		CODE           	164E	0000	8
		_I2C_Master_RepeatedStart		CODE           	1655	0000	8
		_I2C_Master_Write		CODE           	165C	0000	9
		_I2C_Master_Start		CODE           	1647	0000	8

./I2C.h estimated size: 147

