Microchip MPLAB XC8 Compiler V2.05 ()

Linker command line:

-W-3 --edf=D:\Program Files (x86)\Microchip\xc8\v2.05\pic\dat\en_msgs.txt \
  -cs -h+dist/default/production\MasterProyecto.X.production.sym \
  --cmf=dist/default/production\MasterProyecto.X.production.cmf -z -Q16F887 \
  -oC:\Users\kit_s\AppData\Local\Temp\skvs.2 --defsym=__MPLAB_BUILD=1 \
  -Mdist/default/production/MasterProyecto.X.production.map -E1 -ver=XC8 \
  --acfsm=1493 -ASTACK=0110h-016Fh -pstack=STACK -ACODE=00h-07FFhx4 \
  -ASTRCODE=00h-01FFFh -ASTRING=00h-0FFhx32 -ACONST=00h-0FFhx32 \
  -AENTRY=00h-0FFhx32 -ACOMMON=070h-07Fh -ABANK0=020h-06Fh \
  -ABANK1=0A0h-0EFh -ABANK2=0110h-016Fh -ABANK3=0190h-01EFh \
  -ARAM=020h-06Fh,0A0h-0EFh,0110h-016Fh,0190h-01EFh \
  -AABS1=020h-07Fh,0A0h-0EFh,0110h-016Fh,0190h-01EFh -ASFR0=00h-01Fh \
  -ASFR1=080h-09Fh -ASFR2=0100h-010Fh -ASFR3=0180h-018Fh \
  -preset_vec=00h,intentry,init,end_init -ppowerup=CODE -pcinit=CODE \
  -pfunctab=ENTRY -ACONFIG=02007h-02008h -pconfig=CONFIG -DCONFIG=2 \
  -AIDLOC=02000h-02003h -pidloc=IDLOC -DIDLOC=2 -AEEDATA=00h-0FFh/02100h \
  -peeprom_data=EEDATA -DEEDATA=2 -DCODE=2 -DSTRCODE=2 -DSTRING=2 -DCONST=2 \
  -DENTRY=2 -k C:\Users\kit_s\AppData\Local\Temp\skvs.o \
  dist/default/production\MasterProyecto.X.production.o 

Object code version is 3.11

Machine type is 16F887



                Name                               Link     Load   Length Selector   Space Scale
C:\Users\kit_s\AppData\Local\Temp\skvs.o
                end_init                              0        0        3        0       0
                config                             2007     2007        2     400E       0
dist/default/production\MasterProyecto.X.production.o
                cinit                               7F3      7F3        D      FE6       0
                text29                              127      127       1A      24E       0
                text28                              141      141       1A      282       0
                text27                              10B      10B        B      216       0
                text26                              394      394       4A      728       0
                text25                              2E2      2E2       39      5C4       0
                text24                              357      357       3D      6AE       0
                text23                              102      102        9      204       0
                text22                              24E      24E       2C      49C       0
                text21                               E5       E5        7      1CA       0
                text20                               EC       EC        7      1D8       0
                text19                               FA       FA        8      1F4       0
                text18                              15B      15B       1F      2B6       0
                text17                              17A      17A       1F      2F4       0
                text16                              199      199       1F      332       0
                text15                               F3       F3        7      1E6       0
                text14                              116      116       11      22C       0
                text13                              31B      31B       3C      636       0
                text12                              27A      27A       32      4F4       0
                text11                              5FF      5FF       D8      BFE       0
                text10                              1D7      1D7       24      3AE       0
                text9                               562      562       9D      AC4       0
                text8                               4EC      4EC       76      9D8       0
                text7                               1B8      1B8       1F      370       0
                text6                               48E      48E       5E      91C       0
                text5                               2AC      2AC       36      558       0
                text4                               433      433       5B      866       0
                text3                               3DE      3DE       55      7BC       0
                text2                               1FB      1FB       29      3F6       0
                text1                               224      224       2A      448       0
                maintext                            6D7      6D7      11C      DAE       0
                cstackBANK0                          20       20       1C       20       1
                cstackCOMMON                         70       70        E       70       1
                bssBANK0                             3C       3C        7       20       1
                strings                               3        3       62        6       0

TOTAL           Name                               Link     Load   Length     Space
        CLASS   STACK          

        CLASS   CODE           
                end_init                              0        0        3         0
                cinit                               7F3      7F3        D         0
                text29                              127      127       1A         0
                text28                              141      141       1A         0
                text27                              10B      10B        B         0
                text26                              394      394       4A         0
                text25                              2E2      2E2       39         0
                text24                              357      357       3D         0
                text23                              102      102        9         0
                text22                              24E      24E       2C         0
                text21                               E5       E5        7         0
                text20                               EC       EC        7         0
                text19                               FA       FA        8         0
                text18                              15B      15B       1F         0
                text17                              17A      17A       1F         0
                text16                              199      199       1F         0
                text15                               F3       F3        7         0
                text14                              116      116       11         0
                text13                              31B      31B       3C         0
                text12                              27A      27A       32         0
                text11                              5FF      5FF       D8         0
                text10                              1D7      1D7       24         0
                text9                               562      562       9D         0
                text8                               4EC      4EC       76         0
                text7                               1B8      1B8       1F         0
                text6                               48E      48E       5E         0
                text5                               2AC      2AC       36         0
                text4                               433      433       5B         0
                text3                               3DE      3DE       55         0
                text2                               1FB      1FB       29         0
                text1                               224      224       2A         0
                maintext                            6D7      6D7      11C         0

        CLASS   STRCODE        

        CLASS   STRING         
                strings                               3        3       62         0

        CLASS   CONST          

        CLASS   ENTRY          

        CLASS   COMMON         
                cstackCOMMON                         70       70        E         1

        CLASS   BANK0          
                cstackBANK0                          20       20       1C         1
                bssBANK0                             3C       3C        7         1

        CLASS   BANK1          

        CLASS   BANK2          

        CLASS   BANK3          

        CLASS   RAM            

        CLASS   ABS1           
                abs_s1                               7E       7E        2         1

        CLASS   SFR0           

        CLASS   SFR1           

        CLASS   SFR2           

        CLASS   SFR3           

        CLASS   CONFIG         
                config                             2007     2007        2         0

        CLASS   IDLOC          

        CLASS   EEDATA         



SEGMENTS        Name                           Load    Length   Top    Selector   Space  Class     Delta

                reset_vec                      000000  000003  000003         0       0  CODE        2
                strings                        000003  000062  000065         6       0  STRING      2
                cstackBANK0                    000020  000023  000043        20       1  BANK0       1
                cstackCOMMON                   000070  00000E  00007E        70       1  COMMON      1
                text21                         0000E5  000007  0000EC       1CA       0  CODE        2
                text20                         0000EC  000007  0000F3       1D8       0  CODE        2
                text15                         0000F3  000007  0000FA       1E6       0  CODE        2
                text19                         0000FA  000008  000102       1F4       0  CODE        2
                text23                         000102  000009  00010B       204       0  CODE        2
                text27                         00010B  00000B  000116       216       0  CODE        2
                text14                         000116  000011  000127       22C       0  CODE        2
                text29                         000127  00001A  000141       24E       0  CODE        2
                text28                         000141  00001A  00015B       282       0  CODE        2
                text18                         00015B  00001F  00017A       2B6       0  CODE        2
                text17                         00017A  00001F  000199       2F4       0  CODE        2
                text16                         000199  00001F  0001B8       332       0  CODE        2
                text7                          0001B8  00001F  0001D7       370       0  CODE        2
                text10                         0001D7  000024  0001FB       3AE       0  CODE        2
                text2                          0001FB  000029  000224       3F6       0  CODE        2
                text1                          000224  00002A  00024E       448       0  CODE        2
                text22                         00024E  00002C  00027A       49C       0  CODE        2
                text12                         00027A  000032  0002AC       4F4       0  CODE        2
                text5                          0002AC  000036  0002E2       558       0  CODE        2
                text25                         0002E2  000039  00031B       5C4       0  CODE        2
                text13                         00031B  00003C  000357       636       0  CODE        2
                text24                         000357  00003D  000394       6AE       0  CODE        2
                text26                         000394  00004A  0003DE       728       0  CODE        2
                text3                          0003DE  000055  000433       7BC       0  CODE        2
                text4                          000433  00005B  00048E       866       0  CODE        2
                text6                          00048E  00005E  0004EC       91C       0  CODE        2
                text8                          0004EC  000076  000562       9D8       0  CODE        2
                text9                          000562  00009D  0005FF       AC4       0  CODE        2
                text11                         0005FF  0000D8  0006D7       BFE       0  CODE        2
                maintext                       0006D7  00011C  0007F3       DAE       0  CODE        2
                cinit                          0007F3  00000D  000800       FE6       0  CODE        2
                config                         002007  000002  002009      400E       0  CONFIG      2


UNUSED ADDRESS RANGES

        Name                Unused          Largest block    Delta
        BANK0            0043-006F             2D           1
        BANK1            00A0-00EF             50           1
        BANK2            0110-016F             60           1
        BANK3            0190-01EF             60           1
        CODE             0065-00E4             80           2
                         0800-1FFF            800
        CONST            0065-00E4             80           2
                         0800-1FFF            100
        EEDATA           2100-21FF            100           2
        ENTRY            0065-00E4             80           2
                         0800-1FFF            100
        IDLOC            2000-2003              4           2
        RAM              0043-006F             2D           1
                         00A0-00EF             50
                         0110-016F             60
                         0190-01EF             60
        SFR0             0000-001F             20           1
        SFR1             0080-009F             20           1
        SFR2             0100-010F             10           1
        SFR3             0180-018F             10           1
        STACK            0110-016F             60           1
        STRCODE          0065-00E4             80           2
                         0800-1FFF           1800
        STRING           0065-00E4             80           2
                         0800-1FFF            100

                                  Symbol Table

?_I2C_Master_Read                  cstackCOMMON 0070
?___lldiv                          cstackCOMMON 0070
?___lwdiv                          cstackCOMMON 0070
?___lwmod                          cstackCOMMON 0078
?_sprintf                          cstackBANK0  0020
?_strcmp                           cstackCOMMON 0070
I2C_Master_Init@c                  cstackBANK0  0020
I2C_Master_Read@a                  cstackCOMMON 0070
I2C_Master_Read@temp               cstackCOMMON 0074
I2C_Master_Write@d                 cstackCOMMON 0070
Lcd_Cmd@a                          cstackCOMMON 0073
Lcd_Port@a                         cstackCOMMON 0070
Lcd_Set_Cursor@a                   cstackCOMMON 0077
Lcd_Set_Cursor@b                   cstackCOMMON 0074
Lcd_Set_Cursor@temp                cstackCOMMON 007A
Lcd_Set_Cursor@y                   cstackCOMMON 0079
Lcd_Set_Cursor@z                   cstackCOMMON 0078
Lcd_Write_Char@a                   cstackCOMMON 0074
Lcd_Write_Char@temp                cstackCOMMON 0072
Lcd_Write_Char@y                   cstackCOMMON 0073
Lcd_Write_String@a                 cstackCOMMON 0075
Lcd_Write_String@i                 cstackCOMMON 007A
_ANSEL                             (abs)        0188
_ANSELH                            (abs)        0189
_GIE                               (abs)        005F
_I2C_Master_Init                   text5        02AC
_I2C_Master_Read                   text22       024E
_I2C_Master_RepeatedStart          text15       00F3
_I2C_Master_Start                  text21       00E5
_I2C_Master_Stop                   text20       00EC
_I2C_Master_Wait                   text23       0102
_I2C_Master_Write                  text19       00FA
_IR                                bssBANK0     003D
_Lcd_Clear                         text27       010B
_Lcd_Cmd                           text28       0141
_Lcd_Init                          text4        0433
_Lcd_Port                          text29       0127
_Lcd_Set_Cursor                    text26       0394
_Lcd_Write_Char                    text25       02E2
_Lcd_Write_String                  text24       0357
_OSCCONbits                        (abs)        008F
_PEIE                              (abs)        005E
_PIR                               bssBANK0     003E
_PORTA                             (abs)        0005
_PORTAbits                         (abs)        0005
_PORTB                             (abs)        0006
_PORTBbits                         (abs)        0006
_PORTCbits                         (abs)        0007
_RCEN                              (abs)        048B
_SSPADD                            (abs)        0093
_SSPBUF                            (abs)        0013
_SSPCON                            (abs)        0014
_SSPCON2                           (abs)        0091
_SSPCON2bits                       (abs)        0091
_SSPIE                             (abs)        0463
_SSPIF                             (abs)        0063
_SSPSTAT                           (abs)        0094
_TRISA                             (abs)        0085
_TRISB                             (abs)        0086
_TRISC                             (abs)        0087
_TRISC3                            (abs)        043B
_TRISC4                            (abs)        043C
__CFG_BOR4V$BOR40V                 (abs)        0000
__CFG_BOREN$OFF                    (abs)        0000
__CFG_CP$OFF                       (abs)        0000
__CFG_CPD$OFF                      (abs)        0000
__CFG_FCMEN$OFF                    (abs)        0000
__CFG_FOSC$INTRC_NOCLKOUT          (abs)        0000
__CFG_IESO$OFF                     (abs)        0000
__CFG_LVP$OFF                      (abs)        0000
__CFG_MCLRE$ON                     (abs)        0000
__CFG_PWRTE$OFF                    (abs)        0000
__CFG_WDTE$OFF                     (abs)        0000
__CFG_WRT$OFF                      (abs)        0000
__Habs1                            abs1         0000
__Hbank0                           bank0        0000
__Hbank1                           bank1        0000
__Hbank2                           bank2        0000
__Hbank3                           bank3        0000
__HbssBANK0                        bssBANK0     0000
__Hcinit                           cinit        0800
__Hclrtext                         clrtext      0000
__Hcode                            code         0000
__Hcommon                          common       0000
__Hconfig                          config       2009
__HcstackBANK0                     cstackBANK0  0000
__HcstackCOMMON                    cstackCOMMON 0000
__Heeprom_data                     eeprom_data  0000
__Hend_init                        end_init     0003
__Hfunctab                         functab      0000
__Hidloc                           idloc        0000
__Hinit                            init         0000
__Hintentry                        intentry     0000
__Hmaintext                        maintext     0000
__Hpowerup                         powerup      0000
__Hram                             ram          0000
__Hreset_vec                       reset_vec    0000
__Hsfr0                            sfr0         0000
__Hsfr1                            sfr1         0000
__Hsfr2                            sfr2         0000
__Hsfr3                            sfr3         0000
__Hspace_0                         (abs)        2009
__Hspace_1                         (abs)        007E
__Hspace_2                         (abs)        0000
__Hspace_3                         (abs)        0000
__Hstack                           stack        0000
__Hstrings                         strings      0000
__Htext                            text         0000
__Labs1                            abs1         0000
__Lbank0                           bank0        0000
__Lbank1                           bank1        0000
__Lbank2                           bank2        0000
__Lbank3                           bank3        0000
__LbssBANK0                        bssBANK0     0000
__Lcinit                           cinit        07F3
__Lclrtext                         clrtext      0000
__Lcode                            code         0000
__Lcommon                          common       0000
__Lconfig                          config       2007
__LcstackBANK0                     cstackBANK0  0000
__LcstackCOMMON                    cstackCOMMON 0000
__Leeprom_data                     eeprom_data  0000
__Lend_init                        end_init     0000
__Lfunctab                         functab      0000
__Lidloc                           idloc        0000
__Linit                            init         0000
__Lintentry                        intentry     0000
__Lmaintext                        maintext     0000
__Lpowerup                         powerup      0000
__Lram                             ram          0000
__Lreset_vec                       reset_vec    0000
__Lsfr0                            sfr0         0000
__Lsfr1                            sfr1         0000
__Lsfr2                            sfr2         0000
__Lsfr3                            sfr3         0000
__Lspace_0                         (abs)        0000
__Lspace_1                         (abs)        0000
__Lspace_2                         (abs)        0000
__Lspace_3                         (abs)        0000
__Lstack                           stack        0000
__Lstrings                         strings      0000
__Ltext                            text         0000
__S0                               (abs)        2009
__S1                               (abs)        007E
__S2                               (abs)        0000
__S3                               (abs)        0000
___bmul                            text14       0116
___bmul@multiplicand               cstackCOMMON 0070
___bmul@multiplier                 cstackCOMMON 0073
___bmul@product                    cstackCOMMON 0072
___int_sp                          stack        0000
___latbits                         (abs)        0002
___lldiv                           text6        048E
___lldiv@counter                   cstackCOMMON 007D
___lldiv@dividend                  cstackCOMMON 0074
___lldiv@divisor                   cstackCOMMON 0070
___lldiv@quotient                  cstackCOMMON 0079
___lwdiv                           text13       031B
___lwdiv@counter                   cstackCOMMON 0077
___lwdiv@dividend                  cstackCOMMON 0072
___lwdiv@divisor                   cstackCOMMON 0070
___lwdiv@quotient                  cstackCOMMON 0075
___lwmod                           text12       027A
___lwmod@counter                   cstackCOMMON 007D
___lwmod@dividend                  cstackCOMMON 007A
___lwmod@divisor                   cstackCOMMON 0078
___sp                              stack        0000
___stackhi                         (abs)        0000
___stacklo                         (abs)        0000
__end_of_I2C_Master_Init           text5        02E2
__end_of_I2C_Master_Read           text22       027A
__end_of_I2C_Master_RepeatedStart  text15       00FA
__end_of_I2C_Master_Start          text21       00EC
__end_of_I2C_Master_Stop           text20       00F3
__end_of_I2C_Master_Wait           text23       010B
__end_of_I2C_Master_Write          text19       0102
__end_of_Lcd_Clear                 text27       0116
__end_of_Lcd_Cmd                   text28       015B
__end_of_Lcd_Init                  text4        048E
__end_of_Lcd_Port                  text29       0141
__end_of_Lcd_Set_Cursor            text26       03DE
__end_of_Lcd_Write_Char            text25       031B
__end_of_Lcd_Write_String          text24       0394
__end_of___bmul                    text14       0127
__end_of___lldiv                   text6        04EC
__end_of___lwdiv                   text13       0357
__end_of___lwmod                   text12       02AC
__end_of__initialization           cinit        07FC
__end_of__stringtab                strings      0013
__end_of_dpowers                   strings      001D
__end_of_get_IR                    text18       017A
__end_of_get_PIR                   text17       0199
__end_of_get_hall                  text16       01B8
__end_of_get_temp                  text9        05FF
__end_of_get_time                  text8        0562
__end_of_get_tripwire              text7        01D7
__end_of_initOscilador             text3        0433
__end_of_main                      maintext     07F3
__end_of_setup                     text2        0224
__end_of_sprintf                   text11       06D7
__end_of_strcat                    text10       01FB
__end_of_strcmp                    text1        024E
__initialization                   cinit        07F3
__pbssBANK0                        bssBANK0     003C
__pcstackBANK0                     cstackBANK0  0020
__pcstackCOMMON                    cstackCOMMON 0070
__pmaintext                        maintext     06D7
__pstrings                         strings      0003
__ptext1                           text1        0224
__ptext10                          text10       01D7
__ptext11                          text11       05FF
__ptext12                          text12       027A
__ptext13                          text13       031B
__ptext14                          text14       0116
__ptext15                          text15       00F3
__ptext16                          text16       0199
__ptext17                          text17       017A
__ptext18                          text18       015B
__ptext19                          text19       00FA
__ptext2                           text2        01FB
__ptext20                          text20       00EC
__ptext21                          text21       00E5
__ptext22                          text22       024E
__ptext23                          text23       0102
__ptext24                          text24       0357
__ptext25                          text25       02E2
__ptext26                          text26       0394
__ptext27                          text27       010B
__ptext28                          text28       0141
__ptext29                          text29       0127
__ptext3                           text3        03DE
__ptext4                           text4        0433
__ptext5                           text5        02AC
__ptext6                           text6        048E
__ptext7                           text7        01B8
__ptext8                           text8        04EC
__ptext9                           text9        0562
__size_of_I2C_Master_Init          (abs)        0000
__size_of_I2C_Master_Read          (abs)        0000
__size_of_I2C_Master_RepeatedStart (abs)        0000
__size_of_I2C_Master_Start         (abs)        0000
__size_of_I2C_Master_Stop          (abs)        0000
__size_of_I2C_Master_Wait          (abs)        0000
__size_of_I2C_Master_Write         (abs)        0000
__size_of_Lcd_Clear                (abs)        0000
__size_of_Lcd_Cmd                  (abs)        0000
__size_of_Lcd_Init                 (abs)        0000
__size_of_Lcd_Port                 (abs)        0000
__size_of_Lcd_Set_Cursor           (abs)        0000
__size_of_Lcd_Write_Char           (abs)        0000
__size_of_Lcd_Write_String         (abs)        0000
__size_of___bmul                   (abs)        0000
__size_of___lldiv                  (abs)        0000
__size_of___lwdiv                  (abs)        0000
__size_of___lwmod                  (abs)        0000
__size_of_get_IR                   (abs)        0000
__size_of_get_PIR                  (abs)        0000
__size_of_get_hall                 (abs)        0000
__size_of_get_temp                 (abs)        0000
__size_of_get_time                 (abs)        0000
__size_of_get_tripwire             (abs)        0000
__size_of_initOscilador            (abs)        0000
__size_of_main                     (abs)        0000
__size_of_setup                    (abs)        0000
__size_of_sprintf                  (abs)        0000
__size_of_strcat                   (abs)        0000
__size_of_strcmp                   (abs)        0000
__stringbase                       strings      0012
__stringtab                        strings      0003
_door                              bssBANK0     0040
_dpowers                           strings      0013
_get_IR                            text18       015B
_get_PIR                           text17       017A
_get_hall                          text16       0199
_get_temp                          text9        0562
_get_time                          text8        04EC
_get_tripwire                      text7        01B8
_initOscilador                     text3        03DE
_main                              maintext     06D7
_setup                             text2        01FB
_sprintf                           text11       05FF
_state                             bssBANK0     003C
_strcat                            text10       01D7
_strcmp                            text1        0224
_temp                              bssBANK0     0041
_time                              bssBANK0     0042
_trip                              bssBANK0     003F
btemp                              (abs)        007E
end_of_initialization              cinit        07FC
get_IR@IR                          cstackCOMMON 0077
get_PIR@PIR                        cstackCOMMON 0077
get_hall@key                       cstackCOMMON 0077
get_temp@decimal                   cstackBANK0  0036
get_temp@tempLSB                   cstackBANK0  003A
get_temp@tempMSB                   cstackBANK0  0039
get_temp@temperature               cstackBANK0  0030
get_time@hour                      cstackBANK0  0026
get_time@min                       cstackBANK0  0027
get_time@string_time               cstackBANK0  0020
get_tripwire@trip                  cstackCOMMON 0077
initOscilador@option               cstackCOMMON 0072
intlevel0                          functab      0000
intlevel1                          functab      0000
intlevel2                          functab      0000
intlevel3                          functab      0000
intlevel4                          functab      0000
intlevel5                          functab      0000
reset_vec                          reset_vec    0000
sprintf@ap                         cstackBANK0  0026
sprintf@c                          cstackBANK0  002C
sprintf@f                          cstackBANK0  0020
sprintf@flag                       cstackBANK0  0027
sprintf@prec                       cstackBANK0  0028
sprintf@sp                         cstackBANK0  002B
sprintf@val                        cstackBANK0  0029
start                              init         0000
start_initialization               cinit        07F3
strcat@cp                          cstackCOMMON 0073
strcat@from                        cstackCOMMON 0070
strcat@to                          cstackCOMMON 0072
strcmp@r                           cstackCOMMON 0075
strcmp@s1                          cstackCOMMON 0076
strcmp@s2                          cstackCOMMON 0070
wtemp0                             (abs)        007E


FUNCTION INFORMATION:

 *************** function _main *****************
 Defined at:
		line 51 in file "mainMaster.c"
 Parameters:    Size  Location     Type
		None
 Auto vars:     Size  Location     Type
		None
 Return value:  Size  Location     Type
                  1    wreg      void 
 Registers used:
		wreg, fsr0l, fsr0h, status,2, status,0, btemp+1, pclath, cstack
 Tracked objects:
		On entry : 
		On exit  : 
		Unchanged: 
 Data sizes:     COMMON   BANK0   BANK1   BANK3   BANK2
      Params:         0       0       0       0       0
      Locals:         0       0       0       0       0
      Temps:          0       1       0       0       0
      Totals:         0       1       0       0       0
Total ram usage:        1 bytes
 Hardware stack levels required when called:    4
 This function calls:
		_Lcd_Clear
		_Lcd_Set_Cursor
		_Lcd_Write_Char
		_Lcd_Write_String
		_get_IR
		_get_PIR
		_get_hall
		_get_temp
		_get_time
		_get_tripwire
		_setup
		_strcmp
 This function is called by:
		Startup code after reset
 This function uses a non-reentrant model


 *************** function _strcmp *****************
 Defined at:
		line 33 in file "D:\Program Files (x86)\Microchip\xc8\v2.05\pic\sources\c90\common\strcmp.c"
 Parameters:    Size  Location     Type
  s1              1    wreg     PTR const unsigned char 
		 -> NULL(0), get_temp@temperature(6), 
  s2              1    0[COMMON] PTR const unsigned char 
		 -> STR_3(6), 
 Auto vars:     Size  Location     Type
  s1              1    6[COMMON] PTR const unsigned char 
		 -> NULL(0), get_temp@temperature(6), 
  r               1    5[COMMON] char 
 Return value:  Size  Location     Type
                  2    0[COMMON] int 
 Registers used:
		wreg, fsr0l, fsr0h, status,2, status,0, pclath
 Tracked objects:
		On entry : 
		On exit  : 
		Unchanged: 
 Data sizes:     COMMON   BANK0   BANK1   BANK3   BANK2
      Params:         2       0       0       0       0
      Locals:         2       0       0       0       0
      Temps:          3       0       0       0       0
      Totals:         7       0       0       0       0
Total ram usage:        7 bytes
 Hardware stack levels used:    2
 This function calls:
		Nothing
 This function is called by:
		_main
 This function uses a non-reentrant model


 *************** function _setup *****************
 Defined at:
		line 124 in file "mainMaster.c"
 Parameters:    Size  Location     Type
		None
 Auto vars:     Size  Location     Type
		None
 Return value:  Size  Location     Type
                  1    wreg      void 
 Registers used:
		wreg, fsr0l, fsr0h, status,2, status,0, pclath, cstack
 Tracked objects:
		On entry : 
		On exit  : 
		Unchanged: 
 Data sizes:     COMMON   BANK0   BANK1   BANK3   BANK2
      Params:         0       0       0       0       0
      Locals:         0       0       0       0       0
      Temps:          0       0       0       0       0
      Totals:         0       0       0       0       0
Total ram usage:        0 bytes
 Hardware stack levels used:    1
 Hardware stack levels required when called:    3
 This function calls:
		_I2C_Master_Init
		_Lcd_Init
		_initOscilador
 This function is called by:
		_main
 This function uses a non-reentrant model


 *************** function _initOscilador *****************
 Defined at:
		line 11 in file "./Oscilador.h"
 Parameters:    Size  Location     Type
  option          1    wreg     unsigned char 
 Auto vars:     Size  Location     Type
  option          1    2[COMMON] unsigned char 
 Return value:  Size  Location     Type
                  1    wreg      void 
 Registers used:
		wreg, fsr0l, fsr0h, status,2, status,0
 Tracked objects:
		On entry : 
		On exit  : 
		Unchanged: 
 Data sizes:     COMMON   BANK0   BANK1   BANK3   BANK2
      Params:         0       0       0       0       0
      Locals:         1       0       0       0       0
      Temps:          2       0       0       0       0
      Totals:         3       0       0       0       0
Total ram usage:        3 bytes
 Hardware stack levels used:    1
 This function calls:
		Nothing
 This function is called by:
		_setup
 This function uses a non-reentrant model


 *************** function _Lcd_Init *****************
 Defined at:
		line 65 in file "./LCD4bits.h"
 Parameters:    Size  Location     Type
		None
 Auto vars:     Size  Location     Type
		None
 Return value:  Size  Location     Type
                  1    wreg      void 
 Registers used:
		wreg, status,2, status,0, pclath, cstack
 Tracked objects:
		On entry : 
		On exit  : 
		Unchanged: 
 Data sizes:     COMMON   BANK0   BANK1   BANK3   BANK2
      Params:         0       0       0       0       0
      Locals:         0       0       0       0       0
      Temps:          2       0       0       0       0
      Totals:         2       0       0       0       0
Total ram usage:        2 bytes
 Hardware stack levels used:    1
 Hardware stack levels required when called:    2
 This function calls:
		_Lcd_Cmd
		_Lcd_Port
 This function is called by:
		_setup
 This function uses a non-reentrant model


 *************** function _I2C_Master_Init *****************
 Defined at:
		line 16 in file "./I2C.h"
 Parameters:    Size  Location     Type
  c               4    0[BANK0 ] const unsigned long 
 Auto vars:     Size  Location     Type
		None
 Return value:  Size  Location     Type
                  1    wreg      void 
 Registers used:
		wreg, status,2, status,0, pclath, cstack
 Tracked objects:
		On entry : 
		On exit  : 
		Unchanged: 
 Data sizes:     COMMON   BANK0   BANK1   BANK3   BANK2
      Params:         0       4       0       0       0
      Locals:         0       0       0       0       0
      Temps:          0       4       0       0       0
      Totals:         0       8       0       0       0
Total ram usage:        8 bytes
 Hardware stack levels used:    1
 Hardware stack levels required when called:    1
 This function calls:
		___lldiv
 This function is called by:
		_setup
 This function uses a non-reentrant model


 *************** function ___lldiv *****************
 Defined at:
		line 5 in file "D:\Program Files (x86)\Microchip\xc8\v2.05\pic\sources\c90\common\__lldiv.c"
 Parameters:    Size  Location     Type
  divisor         4    0[COMMON] unsigned long 
  dividend        4    4[COMMON] unsigned long 
 Auto vars:     Size  Location     Type
  quotient        4    9[COMMON] unsigned long 
  counter         1   13[COMMON] unsigned char 
 Return value:  Size  Location     Type
                  4    0[COMMON] unsigned long 
 Registers used:
		wreg, status,2, status,0
 Tracked objects:
		On entry : 
		On exit  : 
		Unchanged: 
 Data sizes:     COMMON   BANK0   BANK1   BANK3   BANK2
      Params:         8       0       0       0       0
      Locals:         5       0       0       0       0
      Temps:          1       0       0       0       0
      Totals:        14       0       0       0       0
Total ram usage:       14 bytes
 Hardware stack levels used:    1
 This function calls:
		Nothing
 This function is called by:
		_I2C_Master_Init
 This function uses a non-reentrant model


 *************** function _get_tripwire *****************
 Defined at:
		line 225 in file "mainMaster.c"
 Parameters:    Size  Location     Type
		None
 Auto vars:     Size  Location     Type
  trip            1    7[COMMON] unsigned char 
 Return value:  Size  Location     Type
                  1    wreg      unsigned char 
 Registers used:
		wreg, status,2, status,0, pclath, cstack
 Tracked objects:
		On entry : 
		On exit  : 
		Unchanged: 
 Data sizes:     COMMON   BANK0   BANK1   BANK3   BANK2
      Params:         0       0       0       0       0
      Locals:         1       0       0       0       0
      Temps:          1       0       0       0       0
      Totals:         2       0       0       0       0
Total ram usage:        2 bytes
 Hardware stack levels used:    1
 Hardware stack levels required when called:    2
 This function calls:
		_I2C_Master_Read
		_I2C_Master_Start
		_I2C_Master_Stop
		_I2C_Master_Write
 This function is called by:
		_main
 This function uses a non-reentrant model


 *************** function _get_time *****************
 Defined at:
		line 150 in file "mainMaster.c"
 Parameters:    Size  Location     Type
		None
 Auto vars:     Size  Location     Type
  string_time     6    0[BANK0 ] unsigned char [6]
  min             1    7[BANK0 ] unsigned char 
  hour            1    6[BANK0 ] unsigned char 
 Return value:  Size  Location     Type
                  1    wreg      PTR unsigned char 
 Registers used:
		wreg, status,2, status,0, pclath, cstack
 Tracked objects:
		On entry : 
		On exit  : 
		Unchanged: 
 Data sizes:     COMMON   BANK0   BANK1   BANK3   BANK2
      Params:         0       0       0       0       0
      Locals:         0       8       0       0       0
      Temps:          2       0       0       0       0
      Totals:         2       8       0       0       0
Total ram usage:       10 bytes
 Hardware stack levels used:    1
 Hardware stack levels required when called:    2
 This function calls:
		_I2C_Master_Read
		_I2C_Master_RepeatedStart
		_I2C_Master_Start
		_I2C_Master_Stop
		_I2C_Master_Write
 This function is called by:
		_main
 This function uses a non-reentrant model


 *************** function _get_temp *****************
 Defined at:
		line 187 in file "mainMaster.c"
 Parameters:    Size  Location     Type
		None
 Auto vars:     Size  Location     Type
  temperature     6   16[BANK0 ] unsigned char [6]
  decimal         3   22[BANK0 ] unsigned char [3]
  tempLSB         1   26[BANK0 ] unsigned char 
  tempMSB         1   25[BANK0 ] unsigned char 
 Return value:  Size  Location     Type
                  1    wreg      PTR unsigned char 
 Registers used:
		wreg, fsr0l, fsr0h, status,2, status,0, btemp+1, pclath, cstack
 Tracked objects:
		On entry : 
		On exit  : 
		Unchanged: 
 Data sizes:     COMMON   BANK0   BANK1   BANK3   BANK2
      Params:         0       0       0       0       0
      Locals:         0      11       0       0       0
      Temps:          0       3       0       0       0
      Totals:         0      14       0       0       0
Total ram usage:       14 bytes
 Hardware stack levels used:    1
 Hardware stack levels required when called:    2
 This function calls:
		_I2C_Master_Read
		_I2C_Master_RepeatedStart
		_I2C_Master_Start
		_I2C_Master_Stop
		_I2C_Master_Write
		___bmul
		_sprintf
		_strcat
 This function is called by:
		_main
 This function uses a non-reentrant model


 *************** function _strcat *****************
 Defined at:
		line 8 in file "D:\Program Files (x86)\Microchip\xc8\v2.05\pic\sources\c90\common\strcat.c"
 Parameters:    Size  Location     Type
  to              1    wreg     PTR unsigned char 
		 -> get_temp@temperature(6), 
  from            1    0[COMMON] PTR const unsigned char 
		 -> get_temp@decimal(3), 
 Auto vars:     Size  Location     Type
  to              1    2[COMMON] PTR unsigned char 
		 -> get_temp@temperature(6), 
  cp              1    3[COMMON] PTR unsigned char 
		 -> get_temp@temperature(6), 
 Return value:  Size  Location     Type
                  1    wreg      PTR unsigned char 
 Registers used:
		wreg, fsr0l, fsr0h, status,2, status,0
 Tracked objects:
		On entry : 
		On exit  : 
		Unchanged: 
 Data sizes:     COMMON   BANK0   BANK1   BANK3   BANK2
      Params:         1       0       0       0       0
      Locals:         2       0       0       0       0
      Temps:          1       0       0       0       0
      Totals:         4       0       0       0       0
Total ram usage:        4 bytes
 Hardware stack levels used:    1
 This function calls:
		Nothing
 This function is called by:
		_get_temp
 This function uses a non-reentrant model


 *************** function _sprintf *****************
 Defined at:
		line 500 in file "D:\Program Files (x86)\Microchip\xc8\v2.05\pic\sources\c90\common\doprnt.c"
 Parameters:    Size  Location     Type
  sp              1    wreg     PTR unsigned char 
		 -> get_temp@decimal(3), get_temp@temperature(6), 
  f               1    0[BANK0 ] PTR const unsigned char 
		 -> STR_12(4), STR_11(5), STR_10(3), 
 Auto vars:     Size  Location     Type
  sp              1   11[BANK0 ] PTR unsigned char 
		 -> get_temp@decimal(3), get_temp@temperature(6), 
  tmpval          4    0        struct .
  val             2    9[BANK0 ] unsigned int 
  cp              2    0        PTR const unsigned char 
  len             2    0        unsigned int 
  c               1   12[BANK0 ] unsigned char 
  prec            1    8[BANK0 ] char 
  flag            1    7[BANK0 ] unsigned char 
  ap              1    6[BANK0 ] PTR void [1]
		 -> ?_sprintf(2), 
 Return value:  Size  Location     Type
                  2    0[BANK0 ] int 
 Registers used:
		wreg, fsr0l, fsr0h, status,2, status,0, btemp+1, pclath, cstack
 Tracked objects:
		On entry : 
		On exit  : 
		Unchanged: 
 Data sizes:     COMMON   BANK0   BANK1   BANK3   BANK2
      Params:         0       3       0       0       0
      Locals:         0       7       0       0       0
      Temps:          0       3       0       0       0
      Totals:         0      13       0       0       0
Total ram usage:       13 bytes
 Hardware stack levels used:    1
 Hardware stack levels required when called:    1
 This function calls:
		___lwdiv
		___lwmod
 This function is called by:
		_get_temp
 This function uses a non-reentrant model


 *************** function ___lwmod *****************
 Defined at:
		line 5 in file "D:\Program Files (x86)\Microchip\xc8\v2.05\pic\sources\c90\common\lwmod.c"
 Parameters:    Size  Location     Type
  divisor         2    8[COMMON] unsigned int 
  dividend        2   10[COMMON] unsigned int 
 Auto vars:     Size  Location     Type
  counter         1   13[COMMON] unsigned char 
 Return value:  Size  Location     Type
                  2    8[COMMON] unsigned int 
 Registers used:
		wreg, status,2, status,0
 Tracked objects:
		On entry : 
		On exit  : 
		Unchanged: 
 Data sizes:     COMMON   BANK0   BANK1   BANK3   BANK2
      Params:         4       0       0       0       0
      Locals:         1       0       0       0       0
      Temps:          1       0       0       0       0
      Totals:         6       0       0       0       0
Total ram usage:        6 bytes
 Hardware stack levels used:    1
 This function calls:
		Nothing
 This function is called by:
		_sprintf
 This function uses a non-reentrant model


 *************** function ___lwdiv *****************
 Defined at:
		line 5 in file "D:\Program Files (x86)\Microchip\xc8\v2.05\pic\sources\c90\common\lwdiv.c"
 Parameters:    Size  Location     Type
  divisor         2    0[COMMON] unsigned int 
  dividend        2    2[COMMON] unsigned int 
 Auto vars:     Size  Location     Type
  quotient        2    5[COMMON] unsigned int 
  counter         1    7[COMMON] unsigned char 
 Return value:  Size  Location     Type
                  2    0[COMMON] unsigned int 
 Registers used:
		wreg, status,2, status,0
 Tracked objects:
		On entry : 
		On exit  : 
		Unchanged: 
 Data sizes:     COMMON   BANK0   BANK1   BANK3   BANK2
      Params:         4       0       0       0       0
      Locals:         3       0       0       0       0
      Temps:          1       0       0       0       0
      Totals:         8       0       0       0       0
Total ram usage:        8 bytes
 Hardware stack levels used:    1
 This function calls:
		Nothing
 This function is called by:
		_sprintf
 This function uses a non-reentrant model


 *************** function ___bmul *****************
 Defined at:
		line 4 in file "D:\Program Files (x86)\Microchip\xc8\v2.05\pic\sources\c90\common\Umul8.c"
 Parameters:    Size  Location     Type
  multiplier      1    wreg     unsigned char 
  multiplicand    1    0[COMMON] unsigned char 
 Auto vars:     Size  Location     Type
  multiplier      1    3[COMMON] unsigned char 
  product         1    2[COMMON] unsigned char 
 Return value:  Size  Location     Type
                  1    wreg      unsigned char 
 Registers used:
		wreg, status,2, status,0
 Tracked objects:
		On entry : 
		On exit  : 
		Unchanged: 
 Data sizes:     COMMON   BANK0   BANK1   BANK3   BANK2
      Params:         1       0       0       0       0
      Locals:         2       0       0       0       0
      Temps:          1       0       0       0       0
      Totals:         4       0       0       0       0
Total ram usage:        4 bytes
 Hardware stack levels used:    1
 This function calls:
		Nothing
 This function is called by:
		_get_temp
 This function uses a non-reentrant model


 *************** function _I2C_Master_RepeatedStart *****************
 Defined at:
		line 47 in file "./I2C.h"
 Parameters:    Size  Location     Type
		None
 Auto vars:     Size  Location     Type
		None
 Return value:  Size  Location     Type
                  1    wreg      void 
 Registers used:
		wreg, status,2, status,0, pclath, cstack
 Tracked objects:
		On entry : 
		On exit  : 
		Unchanged: 
 Data sizes:     COMMON   BANK0   BANK1   BANK3   BANK2
      Params:         0       0       0       0       0
      Locals:         0       0       0       0       0
      Temps:          0       0       0       0       0
      Totals:         0       0       0       0       0
Total ram usage:        0 bytes
 Hardware stack levels used:    1
 Hardware stack levels required when called:    1
 This function calls:
		_I2C_Master_Wait
 This function is called by:
		_get_time
		_get_temp
		_get_day
 This function uses a non-reentrant model


 *************** function _get_hall *****************
 Defined at:
		line 214 in file "mainMaster.c"
 Parameters:    Size  Location     Type
		None
 Auto vars:     Size  Location     Type
  key             1    7[COMMON] unsigned char 
 Return value:  Size  Location     Type
                  1    wreg      unsigned char 
 Registers used:
		wreg, status,2, status,0, pclath, cstack
 Tracked objects:
		On entry : 
		On exit  : 
		Unchanged: 
 Data sizes:     COMMON   BANK0   BANK1   BANK3   BANK2
      Params:         0       0       0       0       0
      Locals:         1       0       0       0       0
      Temps:          1       0       0       0       0
      Totals:         2       0       0       0       0
Total ram usage:        2 bytes
 Hardware stack levels used:    1
 Hardware stack levels required when called:    2
 This function calls:
		_I2C_Master_Read
		_I2C_Master_Start
		_I2C_Master_Stop
		_I2C_Master_Write
 This function is called by:
		_main
 This function uses a non-reentrant model


 *************** function _get_PIR *****************
 Defined at:
		line 236 in file "mainMaster.c"
 Parameters:    Size  Location     Type
		None
 Auto vars:     Size  Location     Type
  PIR             1    7[COMMON] unsigned char 
 Return value:  Size  Location     Type
                  1    wreg      unsigned char 
 Registers used:
		wreg, status,2, status,0, pclath, cstack
 Tracked objects:
		On entry : 
		On exit  : 
		Unchanged: 
 Data sizes:     COMMON   BANK0   BANK1   BANK3   BANK2
      Params:         0       0       0       0       0
      Locals:         1       0       0       0       0
      Temps:          1       0       0       0       0
      Totals:         2       0       0       0       0
Total ram usage:        2 bytes
 Hardware stack levels used:    1
 Hardware stack levels required when called:    2
 This function calls:
		_I2C_Master_Read
		_I2C_Master_Start
		_I2C_Master_Stop
		_I2C_Master_Write
 This function is called by:
		_main
 This function uses a non-reentrant model


 *************** function _get_IR *****************
 Defined at:
		line 247 in file "mainMaster.c"
 Parameters:    Size  Location     Type
		None
 Auto vars:     Size  Location     Type
  IR              1    7[COMMON] unsigned char 
 Return value:  Size  Location     Type
                  1    wreg      unsigned char 
 Registers used:
		wreg, status,2, status,0, pclath, cstack
 Tracked objects:
		On entry : 
		On exit  : 
		Unchanged: 
 Data sizes:     COMMON   BANK0   BANK1   BANK3   BANK2
      Params:         0       0       0       0       0
      Locals:         1       0       0       0       0
      Temps:          1       0       0       0       0
      Totals:         2       0       0       0       0
Total ram usage:        2 bytes
 Hardware stack levels used:    1
 Hardware stack levels required when called:    2
 This function calls:
		_I2C_Master_Read
		_I2C_Master_Start
		_I2C_Master_Stop
		_I2C_Master_Write
 This function is called by:
		_main
 This function uses a non-reentrant model


 *************** function _I2C_Master_Write *****************
 Defined at:
		line 65 in file "./I2C.h"
 Parameters:    Size  Location     Type
  d               2    0[COMMON] unsigned int 
 Auto vars:     Size  Location     Type
		None
 Return value:  Size  Location     Type
                  1    wreg      void 
 Registers used:
		wreg, status,2, status,0, pclath, cstack
 Tracked objects:
		On entry : 
		On exit  : 
		Unchanged: 
 Data sizes:     COMMON   BANK0   BANK1   BANK3   BANK2
      Params:         2       0       0       0       0
      Locals:         0       0       0       0       0
      Temps:          0       0       0       0       0
      Totals:         2       0       0       0       0
Total ram usage:        2 bytes
 Hardware stack levels used:    1
 Hardware stack levels required when called:    1
 This function calls:
		_I2C_Master_Wait
 This function is called by:
		_get_time
		_get_temp
		_get_hall
		_get_tripwire
		_get_PIR
		_get_IR
		_write_RTC
		_get_day
 This function uses a non-reentrant model


 *************** function _I2C_Master_Stop *****************
 Defined at:
		line 55 in file "./I2C.h"
 Parameters:    Size  Location     Type
		None
 Auto vars:     Size  Location     Type
		None
 Return value:  Size  Location     Type
                  1    wreg      void 
 Registers used:
		wreg, status,2, status,0, pclath, cstack
 Tracked objects:
		On entry : 
		On exit  : 
		Unchanged: 
 Data sizes:     COMMON   BANK0   BANK1   BANK3   BANK2
      Params:         0       0       0       0       0
      Locals:         0       0       0       0       0
      Temps:          0       0       0       0       0
      Totals:         0       0       0       0       0
Total ram usage:        0 bytes
 Hardware stack levels used:    1
 Hardware stack levels required when called:    1
 This function calls:
		_I2C_Master_Wait
 This function is called by:
		_get_time
		_get_temp
		_get_hall
		_get_tripwire
		_get_PIR
		_get_IR
		_write_RTC
		_get_day
 This function uses a non-reentrant model


 *************** function _I2C_Master_Start *****************
 Defined at:
		line 39 in file "./I2C.h"
 Parameters:    Size  Location     Type
		None
 Auto vars:     Size  Location     Type
		None
 Return value:  Size  Location     Type
                  1    wreg      void 
 Registers used:
		wreg, status,2, status,0, pclath, cstack
 Tracked objects:
		On entry : 
		On exit  : 
		Unchanged: 
 Data sizes:     COMMON   BANK0   BANK1   BANK3   BANK2
      Params:         0       0       0       0       0
      Locals:         0       0       0       0       0
      Temps:          0       0       0       0       0
      Totals:         0       0       0       0       0
Total ram usage:        0 bytes
 Hardware stack levels used:    1
 Hardware stack levels required when called:    1
 This function calls:
		_I2C_Master_Wait
 This function is called by:
		_get_time
		_get_temp
		_get_hall
		_get_tripwire
		_get_PIR
		_get_IR
		_write_RTC
		_get_day
 This function uses a non-reentrant model


 *************** function _I2C_Master_Read *****************
 Defined at:
		line 74 in file "./I2C.h"
 Parameters:    Size  Location     Type
  a               2    0[COMMON] unsigned short 
 Auto vars:     Size  Location     Type
  temp            2    4[COMMON] unsigned short 
 Return value:  Size  Location     Type
                  2    0[COMMON] unsigned short 
 Registers used:
		wreg, status,2, status,0, pclath, cstack
 Tracked objects:
		On entry : 
		On exit  : 
		Unchanged: 
 Data sizes:     COMMON   BANK0   BANK1   BANK3   BANK2
      Params:         2       0       0       0       0
      Locals:         2       0       0       0       0
      Temps:          2       0       0       0       0
      Totals:         6       0       0       0       0
Total ram usage:        6 bytes
 Hardware stack levels used:    1
 Hardware stack levels required when called:    1
 This function calls:
		_I2C_Master_Wait
 This function is called by:
		_get_time
		_get_temp
		_get_hall
		_get_tripwire
		_get_PIR
		_get_IR
		_get_day
 This function uses a non-reentrant model


 *************** function _I2C_Master_Wait *****************
 Defined at:
		line 32 in file "./I2C.h"
 Parameters:    Size  Location     Type
		None
 Auto vars:     Size  Location     Type
		None
 Return value:  Size  Location     Type
                  1    wreg      void 
 Registers used:
		wreg, status,2
 Tracked objects:
		On entry : 
		On exit  : 
		Unchanged: 
 Data sizes:     COMMON   BANK0   BANK1   BANK3   BANK2
      Params:         0       0       0       0       0
      Locals:         0       0       0       0       0
      Temps:          0       0       0       0       0
      Totals:         0       0       0       0       0
Total ram usage:        0 bytes
 Hardware stack levels used:    1
 This function calls:
		Nothing
 This function is called by:
		_I2C_Master_Start
		_I2C_Master_RepeatedStart
		_I2C_Master_Stop
		_I2C_Master_Write
		_I2C_Master_Read
 This function uses a non-reentrant model


 *************** function _Lcd_Write_String *****************
 Defined at:
		line 100 in file "./LCD4bits.h"
 Parameters:    Size  Location     Type
  a               2    5[COMMON] PTR unsigned char 
		 -> NULL(0), get_temp@temperature(6), get_time@string_time(6), STR_9(7), 
		 -> STR_8(7), STR_7(8), STR_6(8), STR_5(9), 
		 -> STR_4(9), STR_2(11), STR_1(12), 
 Auto vars:     Size  Location     Type
  i               2   10[COMMON] int 
 Return value:  Size  Location     Type
                  1    wreg      void 
 Registers used:
		wreg, fsr0l, fsr0h, status,2, status,0, btemp+1, pclath, cstack
 Tracked objects:
		On entry : 
		On exit  : 
		Unchanged: 
 Data sizes:     COMMON   BANK0   BANK1   BANK3   BANK2
      Params:         2       0       0       0       0
      Locals:         2       0       0       0       0
      Temps:          3       0       0       0       0
      Totals:         7       0       0       0       0
Total ram usage:        7 bytes
 Hardware stack levels used:    1
 Hardware stack levels required when called:    2
 This function calls:
		_Lcd_Write_Char
 This function is called by:
		_main
 This function uses a non-reentrant model


 *************** function _Lcd_Write_Char *****************
 Defined at:
		line 84 in file "./LCD4bits.h"
 Parameters:    Size  Location     Type
  a               1    wreg     unsigned char 
 Auto vars:     Size  Location     Type
  a               1    4[COMMON] unsigned char 
  y               1    3[COMMON] unsigned char 
  temp            1    2[COMMON] unsigned char 
 Return value:  Size  Location     Type
                  1    wreg      void 
 Registers used:
		wreg, status,2, status,0, pclath, cstack
 Tracked objects:
		On entry : 
		On exit  : 
		Unchanged: 
 Data sizes:     COMMON   BANK0   BANK1   BANK3   BANK2
      Params:         0       0       0       0       0
      Locals:         3       0       0       0       0
      Temps:          1       0       0       0       0
      Totals:         4       0       0       0       0
Total ram usage:        4 bytes
 Hardware stack levels used:    1
 Hardware stack levels required when called:    1
 This function calls:
		_Lcd_Port
 This function is called by:
		_Lcd_Write_String
		_main
 This function uses a non-reentrant model


 *************** function _Lcd_Set_Cursor *****************
 Defined at:
		line 44 in file "./LCD4bits.h"
 Parameters:    Size  Location     Type
  a               1    wreg     unsigned char 
  b               1    4[COMMON] unsigned char 
 Auto vars:     Size  Location     Type
  a               1    7[COMMON] unsigned char 
  temp            1   10[COMMON] unsigned char 
  y               1    9[COMMON] unsigned char 
  z               1    8[COMMON] unsigned char 
 Return value:  Size  Location     Type
                  1    wreg      void 
 Registers used:
		wreg, status,2, status,0, pclath, cstack
 Tracked objects:
		On entry : 
		On exit  : 
		Unchanged: 
 Data sizes:     COMMON   BANK0   BANK1   BANK3   BANK2
      Params:         1       0       0       0       0
      Locals:         4       0       0       0       0
      Temps:          2       0       0       0       0
      Totals:         7       0       0       0       0
Total ram usage:        7 bytes
 Hardware stack levels used:    1
 Hardware stack levels required when called:    2
 This function calls:
		_Lcd_Cmd
 This function is called by:
		_main
 This function uses a non-reentrant model


 *************** function _Lcd_Clear *****************
 Defined at:
		line 38 in file "./LCD4bits.h"
 Parameters:    Size  Location     Type
		None
 Auto vars:     Size  Location     Type
		None
 Return value:  Size  Location     Type
                  1    wreg      void 
 Registers used:
		wreg, status,2, status,0, pclath, cstack
 Tracked objects:
		On entry : 
		On exit  : 
		Unchanged: 
 Data sizes:     COMMON   BANK0   BANK1   BANK3   BANK2
      Params:         0       0       0       0       0
      Locals:         0       0       0       0       0
      Temps:          0       0       0       0       0
      Totals:         0       0       0       0       0
Total ram usage:        0 bytes
 Hardware stack levels used:    1
 Hardware stack levels required when called:    2
 This function calls:
		_Lcd_Cmd
 This function is called by:
		_main
 This function uses a non-reentrant model


 *************** function _Lcd_Cmd *****************
 Defined at:
		line 29 in file "./LCD4bits.h"
 Parameters:    Size  Location     Type
  a               1    wreg     unsigned char 
 Auto vars:     Size  Location     Type
  a               1    3[COMMON] unsigned char 
 Return value:  Size  Location     Type
                  1    wreg      void 
 Registers used:
		wreg, status,2, status,0, pclath, cstack
 Tracked objects:
		On entry : 
		On exit  : 
		Unchanged: 
 Data sizes:     COMMON   BANK0   BANK1   BANK3   BANK2
      Params:         0       0       0       0       0
      Locals:         1       0       0       0       0
      Temps:          2       0       0       0       0
      Totals:         3       0       0       0       0
Total ram usage:        3 bytes
 Hardware stack levels used:    1
 Hardware stack levels required when called:    1
 This function calls:
		_Lcd_Port
 This function is called by:
		_Lcd_Clear
		_Lcd_Set_Cursor
		_Lcd_Init
		_Lcd_Shift_Right
		_Lcd_Shift_Left
 This function uses a non-reentrant model


 *************** function _Lcd_Port *****************
 Defined at:
		line 7 in file "./LCD4bits.h"
 Parameters:    Size  Location     Type
  a               1    wreg     unsigned char 
 Auto vars:     Size  Location     Type
  a               1    0[COMMON] unsigned char 
 Return value:  Size  Location     Type
                  1    wreg      void 
 Registers used:
		wreg
 Tracked objects:
		On entry : 
		On exit  : 
		Unchanged: 
 Data sizes:     COMMON   BANK0   BANK1   BANK3   BANK2
      Params:         0       0       0       0       0
      Locals:         1       0       0       0       0
      Temps:          0       0       0       0       0
      Totals:         1       0       0       0       0
Total ram usage:        1 bytes
 Hardware stack levels used:    1
 This function calls:
		Nothing
 This function is called by:
		_Lcd_Cmd
		_Lcd_Init
		_Lcd_Write_Char
 This function uses a non-reentrant model



MODULE INFORMATION

Module		Function		Class		Link	Load	Size
./LCD4bits.h
		_Lcd_Write_String		CODE           	0357	0000	62
		_Lcd_Init      		CODE           	0433	0000	92
		_Lcd_Write_Char		CODE           	02E2	0000	58
		_Lcd_Cmd       		CODE           	0141	0000	27
		_Lcd_Set_Cursor		CODE           	0394	0000	75
		_Lcd_Clear     		CODE           	010B	0000	12
		_Lcd_Port      		CODE           	0127	0000	27

./LCD4bits.h estimated size: 353

D:\Program Files (x86)\Microchip\xc8\v2.05\pic\sources\c90\common\doprnt.c
		_sprintf       		CODE           	05FF	0000	217

D:\Program Files (x86)\Microchip\xc8\v2.05\pic\sources\c90\common\doprnt.c estimated size: 217

D:\Program Files (x86)\Microchip\xc8\v2.05\pic\sources\c90\common\lwmod.c
		___lwmod       		CODE           	027A	0000	51

D:\Program Files (x86)\Microchip\xc8\v2.05\pic\sources\c90\common\lwmod.c estimated size: 51

mainMaster.c
		_get_hall      		CODE           	0199	0000	32
		_get_temp      		CODE           	0562	0000	158
		_get_IR        		CODE           	015B	0000	32
		_main          		CODE           	06D7	0000	285
		_get_time      		CODE           	04EC	0000	119
		_setup         		CODE           	01FB	0000	42
		_get_PIR       		CODE           	017A	0000	32
		_get_tripwire  		CODE           	01B8	0000	32

mainMaster.c estimated size: 732

D:\Program Files (x86)\Microchip\xc8\v2.05\pic\sources\c90\common\__lldiv.c
		___lldiv       		CODE           	048E	0000	95

D:\Program Files (x86)\Microchip\xc8\v2.05\pic\sources\c90\common\__lldiv.c estimated size: 95

D:\Program Files (x86)\Microchip\xc8\v2.05\pic\sources\c90\common\strcat.c
		_strcat        		CODE           	01D7	0000	37

D:\Program Files (x86)\Microchip\xc8\v2.05\pic\sources\c90\common\strcat.c estimated size: 37

shared
		__stringtab    		STRING         	0003	0000	17
		_dpowers       		STRING         	0013	0000	11
		__initialization		CODE           	07F3	0000	10

shared estimated size: 38

D:\Program Files (x86)\Microchip\xc8\v2.05\pic\sources\c90\common\lwdiv.c
		___lwdiv       		CODE           	031B	0000	61

D:\Program Files (x86)\Microchip\xc8\v2.05\pic\sources\c90\common\lwdiv.c estimated size: 61

D:\Program Files (x86)\Microchip\xc8\v2.05\pic\sources\c90\common\strcmp.c
		_strcmp        		CODE           	0224	0000	43

D:\Program Files (x86)\Microchip\xc8\v2.05\pic\sources\c90\common\strcmp.c estimated size: 43

D:\Program Files (x86)\Microchip\xc8\v2.05\pic\sources\c90\common\Umul8.c
		___bmul        		CODE           	0116	0000	18

D:\Program Files (x86)\Microchip\xc8\v2.05\pic\sources\c90\common\Umul8.c estimated size: 18

./Oscilador.h
		_initOscilador 		CODE           	03DE	0000	86

./Oscilador.h estimated size: 86

./I2C.h
		_I2C_Master_Read		CODE           	024E	0000	45
		_I2C_Master_Wait		CODE           	0102	0000	10
		_I2C_Master_Init		CODE           	02AC	0000	55
		_I2C_Master_Stop		CODE           	00EC	0000	8
		_I2C_Master_RepeatedStart		CODE           	00F3	0000	8
		_I2C_Master_Write		CODE           	00FA	0000	9
		_I2C_Master_Start		CODE           	00E5	0000	8

./I2C.h estimated size: 143

