Microchip MPLAB XC8 Compiler V2.05 ()

Linker command line:

-W-3 --edf=C:\Program Files (x86)\Microchip\xc8\v2.05\pic\dat\en_msgs.txt \
  -cs -h+dist/default/production\MasterProyecto.X.production.sym \
  --cmf=dist/default/production\MasterProyecto.X.production.cmf -z -Q16F887 \
  -oC:\Users\Alejandro Recancoj\AppData\Local\Temp\sik4.2 \
  --defsym=__MPLAB_BUILD=1 \
  -Mdist/default/production/MasterProyecto.X.production.map -E1 -ver=XC8 \
  --acfsm=1493 -ASTACK=0110h-016Fh -pstack=STACK -ACODE=00h-07FFhx4 \
  -ASTRCODE=00h-01FFFh -ASTRING=00h-0FFhx32 -ACONST=00h-0FFhx32 \
  -AENTRY=00h-0FFhx32 -ACOMMON=070h-07Fh -ABANK0=020h-06Fh \
  -ABANK1=0A0h-0EFh -ABANK2=0110h-016Fh -ABANK3=0190h-01EFh \
  -ARAM=020h-06Fh,0A0h-0EFh,0110h-016Fh,0190h-01EFh \
  -AABS1=020h-07Fh,0A0h-0EFh,0110h-016Fh,0190h-01EFh -ASFR0=00h-01Fh \
  -ASFR1=080h-09Fh -ASFR2=0100h-010Fh -ASFR3=0180h-018Fh \
  -preset_vec=00h,intentry,init,end_init -ppowerup=CODE -pcinit=CODE \
  -pfunctab=ENTRY -ACONFIG=02007h-02008h -pconfig=CONFIG -DCONFIG=2 \
  -AIDLOC=02000h-02003h -pidloc=IDLOC -DIDLOC=2 -AEEDATA=00h-0FFh/02100h \
  -peeprom_data=EEDATA -DEEDATA=2 -DCODE=2 -DSTRCODE=2 -DSTRING=2 -DCONST=2 \
  -DENTRY=2 -k C:\Users\Alejandro Recancoj\AppData\Local\Temp\sik4.o \
  dist/default/production\MasterProyecto.X.production.o 

Object code version is 3.11

Machine type is 16F887



                Name                               Link     Load   Length Selector   Space Scale
C:\Users\Alejandro Recancoj\AppData\Local\Temp\sik4.o
                end_init                              0        0        3        0       0
                config                             2007     2007        2     400E       0
dist/default/production\MasterProyecto.X.production.o
                cinit                               7F5      7F5        B      FEA       0
                text36                              CA1      CA1       1A     1942       0
                text35                              CBB      CBB       1A     1976       0
                text34                              C85      C85        B     190A       0
                text33                              F61      F61       4A     1EC2       0
                text32                              E6D      E6D       39     1CDA       0
                text31                              EE2      EE2       3D     1DC4       0
                text30                              C47      C47        6     188E       0
                text29                              C7B      C7B        A     18F6       0
                text28                              C72      C72        9     18E4       0
                text27                              C4D      C4D        7     189A       0
                text26                              C54      C54        7     18A8       0
                text25                              C62      C62        8     18C4       0
                text24                              CD5      CD5       1B     19AA       0
                text23                              DD5      DD5       2C     1BAA       0
                text22                              D0B      D0B       1F     1A16       0
                text21                              D2A      D2A       1F     1A54       0
                text20                              C5B      C5B        7     18B6       0
                text19                              E01      E01       36     1C02       0
                text18                              D49      D49       1F     1A92       0
                text17                              C90      C90       11     1920       0
                text16                              EA6      EA6       3C     1D4C       0
                text15                               B6       B6       32      16C       0
                text14                              42A      42A       D8      854       0
                text13                              D87      D87       24     1B0E       0
                text12                              2B1      2B1       A3      562       0
                text11                              1A1      1A1       81      342       0
                text10                              D68      D68       1F     1AD0       0
                text9                               CF0      CF0       1B     19E0       0
                text8                               143      143       5E      286       0
                text7                               E37      E37       36     1C6E       0
                text6                                E8       E8       5B      1D0       0
                text5                               222      222       8F      444       0
                text4                               354      354       D6      6A8       0
                text3                               FAB      FAB       55     1F56       0
                text2                               F1F      F1F       42     1E3E       0
                text1                               DAB      DAB       2A     1B56       0
                maintext                            502      502      2F3      A04       0
                cstackBANK0                          41       41       18       20       1
                cstackCOMMON                         70       70        E       70       1
                clrtext                             C6A      C6A        8     18D4       0
                bssBANK0                             20       20       21       20       1
                strings                               3        3       B3        6       0

TOTAL           Name                               Link     Load   Length     Space
        CLASS   STACK          

        CLASS   CODE           
                end_init                              0        0        3         0
                cinit                               7F5      7F5        B         0
                text36                              CA1      CA1       1A         0
                text35                              CBB      CBB       1A         0
                text34                              C85      C85        B         0
                text33                              F61      F61       4A         0
                text32                              E6D      E6D       39         0
                text31                              EE2      EE2       3D         0
                text30                              C47      C47        6         0
                text29                              C7B      C7B        A         0
                text28                              C72      C72        9         0
                text27                              C4D      C4D        7         0
                text26                              C54      C54        7         0
                text25                              C62      C62        8         0
                text24                              CD5      CD5       1B         0
                text23                              DD5      DD5       2C         0
                text22                              D0B      D0B       1F         0
                text21                              D2A      D2A       1F         0
                text20                              C5B      C5B        7         0
                text19                              E01      E01       36         0
                text18                              D49      D49       1F         0
                text17                              C90      C90       11         0
                text16                              EA6      EA6       3C         0
                text15                               B6       B6       32         0
                text14                              42A      42A       D8         0
                text13                              D87      D87       24         0
                text12                              2B1      2B1       A3         0
                text11                              1A1      1A1       81         0
                text10                              D68      D68       1F         0
                text9                               CF0      CF0       1B         0
                text8                               143      143       5E         0
                text7                               E37      E37       36         0
                text6                                E8       E8       5B         0
                text5                               222      222       8F         0
                text4                               354      354       D6         0
                text3                               FAB      FAB       55         0
                text2                               F1F      F1F       42         0
                text1                               DAB      DAB       2A         0
                maintext                            502      502      2F3         0
                clrtext                             C6A      C6A        8         0

        CLASS   STRCODE        

        CLASS   STRING         
                strings                               3        3       B3         0

        CLASS   CONST          

        CLASS   ENTRY          

        CLASS   COMMON         
                cstackCOMMON                         70       70        E         1

        CLASS   BANK0          
                cstackBANK0                          41       41       18         1
                bssBANK0                             20       20       21         1

        CLASS   BANK1          

        CLASS   BANK2          

        CLASS   BANK3          

        CLASS   RAM            

        CLASS   ABS1           
                abs_s1                               7E       7E        2         1

        CLASS   SFR0           

        CLASS   SFR1           

        CLASS   SFR2           

        CLASS   SFR3           

        CLASS   CONFIG         
                config                             2007     2007        2         0

        CLASS   IDLOC          

        CLASS   EEDATA         



SEGMENTS        Name                           Load    Length   Top    Selector   Space  Class     Delta

                reset_vec                      000000  000003  000003         0       0  CODE        2
                strings                        000003  0000B3  0000B6         6       0  STRING      2
                bssBANK0                       000020  000039  000059        20       1  BANK0       1
                cstackCOMMON                   000070  00000E  00007E        70       1  COMMON      1
                text15                         0000B6  000032  0000E8       16C       0  CODE        2
                text6                          0000E8  00005B  000143       1D0       0  CODE        2
                text8                          000143  00005E  0001A1       286       0  CODE        2
                text11                         0001A1  000081  000222       342       0  CODE        2
                text5                          000222  00008F  0002B1       444       0  CODE        2
                text12                         0002B1  0000A3  000354       562       0  CODE        2
                text4                          000354  0000D6  00042A       6A8       0  CODE        2
                text14                         00042A  0000D8  000502       854       0  CODE        2
                maintext                       000502  0002F3  0007F5       A04       0  CODE        2
                cinit                          0007F5  00000B  000800       FEA       0  CODE        2
                text30                         000C47  000006  000C4D      188E       0  CODE        2
                text27                         000C4D  000007  000C54      189A       0  CODE        2
                text26                         000C54  000007  000C5B      18A8       0  CODE        2
                text20                         000C5B  000007  000C62      18B6       0  CODE        2
                text25                         000C62  000008  000C6A      18C4       0  CODE        2
                clrtext                        000C6A  000008  000C72      18D4       0  CODE        2
                text28                         000C72  000009  000C7B      18E4       0  CODE        2
                text29                         000C7B  00000A  000C85      18F6       0  CODE        2
                text34                         000C85  00000B  000C90      190A       0  CODE        2
                text17                         000C90  000011  000CA1      1920       0  CODE        2
                text36                         000CA1  00001A  000CBB      1942       0  CODE        2
                text35                         000CBB  00001A  000CD5      1976       0  CODE        2
                text24                         000CD5  00001B  000CF0      19AA       0  CODE        2
                text9                          000CF0  00001B  000D0B      19E0       0  CODE        2
                text22                         000D0B  00001F  000D2A      1A16       0  CODE        2
                text21                         000D2A  00001F  000D49      1A54       0  CODE        2
                text18                         000D49  00001F  000D68      1A92       0  CODE        2
                text10                         000D68  00001F  000D87      1AD0       0  CODE        2
                text13                         000D87  000024  000DAB      1B0E       0  CODE        2
                text1                          000DAB  00002A  000DD5      1B56       0  CODE        2
                text23                         000DD5  00002C  000E01      1BAA       0  CODE        2
                text19                         000E01  000036  000E37      1C02       0  CODE        2
                text7                          000E37  000036  000E6D      1C6E       0  CODE        2
                text32                         000E6D  000039  000EA6      1CDA       0  CODE        2
                text16                         000EA6  00003C  000EE2      1D4C       0  CODE        2
                text31                         000EE2  00003D  000F1F      1DC4       0  CODE        2
                text2                          000F1F  000042  000F61      1E3E       0  CODE        2
                text33                         000F61  00004A  000FAB      1EC2       0  CODE        2
                text3                          000FAB  000055  001000      1F56       0  CODE        2
                config                         002007  000002  002009      400E       0  CONFIG      2


UNUSED ADDRESS RANGES

        Name                Unused          Largest block    Delta
        BANK0            0059-006F             17           1
        BANK1            00A0-00EF             50           1
        BANK2            0110-016F             60           1
        BANK3            0190-01EF             60           1
        CODE             0800-0C46            447           2
                         1000-1FFF            800
        CONST            0800-0C46            100           2
                         1000-1FFF            100
        EEDATA           2100-21FF            100           2
        ENTRY            0800-0C46            100           2
                         1000-1FFF            100
        IDLOC            2000-2003              4           2
        RAM              0059-006F             17           1
                         00A0-00EF             50
                         0110-016F             60
                         0190-01EF             60
        SFR0             0000-001F             20           1
        SFR1             0080-009F             20           1
        SFR2             0100-010F             10           1
        SFR3             0180-018F             10           1
        STACK            0110-016F             60           1
        STRCODE          0800-0C46            447           2
                         1000-1FFF           1000
        STRING           0800-0C46            100           2
                         1000-1FFF            100

                                  Symbol Table

?_I2C_Master_Read                  cstackCOMMON 0070
?___aldiv                          cstackCOMMON 0070
?___lldiv                          cstackCOMMON 0070
?___lwdiv                          cstackCOMMON 0070
?___lwmod                          cstackCOMMON 0078
?_sprintf                          cstackBANK0  0041
?_strcmp                           cstackCOMMON 0070
I2C_Master_Init@c                  cstackBANK0  0041
I2C_Master_Read@a                  cstackCOMMON 0070
I2C_Master_Read@temp               cstackCOMMON 0074
I2C_Master_Write@d                 cstackCOMMON 0070
Lcd_Cmd@a                          cstackCOMMON 0073
Lcd_Port@a                         cstackCOMMON 0070
Lcd_Set_Cursor@a                   cstackCOMMON 0077
Lcd_Set_Cursor@b                   cstackCOMMON 0074
Lcd_Set_Cursor@temp                cstackCOMMON 007A
Lcd_Set_Cursor@y                   cstackCOMMON 0079
Lcd_Set_Cursor@z                   cstackCOMMON 0078
Lcd_Write_Char@a                   cstackCOMMON 0074
Lcd_Write_Char@temp                cstackCOMMON 0072
Lcd_Write_Char@y                   cstackCOMMON 0073
Lcd_Write_String@a                 cstackCOMMON 0075
Lcd_Write_String@i                 cstackCOMMON 007A
UART_Init@baudrate                 cstackBANK0  0047
UART_Init@x                        cstackCOMMON 0079
UART_Write@data                    cstackCOMMON 0070
_ANSEL                             (abs)        0188
_ANSELH                            (abs)        0189
_BRGH                              (abs)        04C2
_CREN                              (abs)        00C4
_GIE                               (abs)        005F
_I2C_Master_Init                   text7        0E37
_I2C_Master_Read                   text23       0DD5
_I2C_Master_RepeatedStart          text20       0C5B
_I2C_Master_Start                  text27       0C4D
_I2C_Master_Stop                   text26       0C54
_I2C_Master_Wait                   text28       0C72
_I2C_Master_Write                  text25       0C62
_IR                                bssBANK0     0030
_Lcd_Clear                         text34       0C85
_Lcd_Cmd                           text35       0CBB
_Lcd_Init                          text6        00E8
_Lcd_Port                          text36       0CA1
_Lcd_Set_Cursor                    text33       0F61
_Lcd_Write_Char                    text32       0E6D
_Lcd_Write_String                  text31       0EE2
_OSCCONbits                        (abs)        008F
_PEIE                              (abs)        005E
_PIR                               bssBANK0     0031
_PORTA                             (abs)        0005
_PORTAbits                         (abs)        0005
_PORTB                             (abs)        0006
_PORTBbits                         (abs)        0006
_PORTC                             (abs)        0007
_PORTCbits                         (abs)        0007
_PORTDbits                         (abs)        0008
_RCEN                              (abs)        048B
_RCIF                              (abs)        0065
_RCREG                             (abs)        001A
_RCSTAbits                         (abs)        0018
_SPBRG                             (abs)        0099
_SPEN                              (abs)        00C7
_SSPADD                            (abs)        0093
_SSPBUF                            (abs)        0013
_SSPCON                            (abs)        0014
_SSPCON2                           (abs)        0091
_SSPCON2bits                       (abs)        0091
_SSPCONbits                        (abs)        0014
_SSPIE                             (abs)        0463
_SSPIF                             (abs)        0063
_SSPSTAT                           (abs)        0094
_SYNC                              (abs)        04C4
_TRISA                             (abs)        0085
_TRISB                             (abs)        0086
_TRISC                             (abs)        0087
_TRISC3                            (abs)        043B
_TRISC4                            (abs)        043C
_TRISC6                            (abs)        043E
_TRISC7                            (abs)        043F
_TRISCbits                         (abs)        0087
_TRISD                             (abs)        0088
_TRMT                              (abs)        04C1
_TXEN                              (abs)        04C5
_TXREG                             (abs)        0019
_UART_Init                         text4        0354
_UART_TX_Empty                     text30       0C47
_UART_Write                        text29       0C7B
__CFG_BOR4V$BOR40V                 (abs)        0000
__CFG_BOREN$OFF                    (abs)        0000
__CFG_CP$OFF                       (abs)        0000
__CFG_CPD$OFF                      (abs)        0000
__CFG_FCMEN$OFF                    (abs)        0000
__CFG_FOSC$INTRC_NOCLKOUT          (abs)        0000
__CFG_IESO$OFF                     (abs)        0000
__CFG_LVP$OFF                      (abs)        0000
__CFG_MCLRE$ON                     (abs)        0000
__CFG_PWRTE$OFF                    (abs)        0000
__CFG_WDTE$OFF                     (abs)        0000
__CFG_WRT$OFF                      (abs)        0000
__Habs1                            abs1         0000
__Hbank0                           bank0        0000
__Hbank1                           bank1        0000
__Hbank2                           bank2        0000
__Hbank3                           bank3        0000
__HbssBANK0                        bssBANK0     0000
__Hcinit                           cinit        0800
__Hclrtext                         clrtext      0000
__Hcode                            code         0000
__Hcommon                          common       0000
__Hconfig                          config       2009
__HcstackBANK0                     cstackBANK0  0000
__HcstackCOMMON                    cstackCOMMON 0000
__Heeprom_data                     eeprom_data  0000
__Hend_init                        end_init     0003
__Hfunctab                         functab      0000
__Hidloc                           idloc        0000
__Hinit                            init         0000
__Hintentry                        intentry     0000
__Hmaintext                        maintext     0000
__Hpowerup                         powerup      0000
__Hram                             ram          0000
__Hreset_vec                       reset_vec    0000
__Hsfr0                            sfr0         0000
__Hsfr1                            sfr1         0000
__Hsfr2                            sfr2         0000
__Hsfr3                            sfr3         0000
__Hspace_0                         (abs)        2009
__Hspace_1                         (abs)        007E
__Hspace_2                         (abs)        0000
__Hspace_3                         (abs)        0000
__Hstack                           stack        0000
__Hstrings                         strings      0000
__Htext                            text         0000
__Labs1                            abs1         0000
__Lbank0                           bank0        0000
__Lbank1                           bank1        0000
__Lbank2                           bank2        0000
__Lbank3                           bank3        0000
__LbssBANK0                        bssBANK0     0000
__Lcinit                           cinit        07F5
__Lclrtext                         clrtext      0000
__Lcode                            code         0000
__Lcommon                          common       0000
__Lconfig                          config       2007
__LcstackBANK0                     cstackBANK0  0000
__LcstackCOMMON                    cstackCOMMON 0000
__Leeprom_data                     eeprom_data  0000
__Lend_init                        end_init     0000
__Lfunctab                         functab      0000
__Lidloc                           idloc        0000
__Linit                            init         0000
__Lintentry                        intentry     0000
__Lmaintext                        maintext     0000
__Lpowerup                         powerup      0000
__Lram                             ram          0000
__Lreset_vec                       reset_vec    0000
__Lsfr0                            sfr0         0000
__Lsfr1                            sfr1         0000
__Lsfr2                            sfr2         0000
__Lsfr3                            sfr3         0000
__Lspace_0                         (abs)        0000
__Lspace_1                         (abs)        0000
__Lspace_2                         (abs)        0000
__Lspace_3                         (abs)        0000
__Lstack                           stack        0000
__Lstrings                         strings      0000
__Ltext                            text         0000
__S0                               (abs)        2009
__S1                               (abs)        007E
__S2                               (abs)        0000
__S3                               (abs)        0000
___aldiv                           text5        0222
___aldiv@counter                   cstackBANK0  0041
___aldiv@dividend                  cstackCOMMON 0074
___aldiv@divisor                   cstackCOMMON 0070
___aldiv@quotient                  cstackBANK0  0043
___aldiv@sign                      cstackBANK0  0042
___bmul                            text17       0C90
___bmul@multiplicand               cstackCOMMON 0070
___bmul@multiplier                 cstackCOMMON 0073
___bmul@product                    cstackCOMMON 0072
___int_sp                          stack        0000
___latbits                         (abs)        0002
___lldiv                           text8        0143
___lldiv@counter                   cstackCOMMON 007D
___lldiv@dividend                  cstackCOMMON 0074
___lldiv@divisor                   cstackCOMMON 0070
___lldiv@quotient                  cstackCOMMON 0079
___lwdiv                           text16       0EA6
___lwdiv@counter                   cstackCOMMON 0077
___lwdiv@dividend                  cstackCOMMON 0072
___lwdiv@divisor                   cstackCOMMON 0070
___lwdiv@quotient                  cstackCOMMON 0075
___lwmod                           text15       00B6
___lwmod@counter                   cstackCOMMON 007D
___lwmod@dividend                  cstackCOMMON 007A
___lwmod@divisor                   cstackCOMMON 0078
___sp                              stack        0000
___stackhi                         (abs)        0000
___stacklo                         (abs)        0000
__end_of_I2C_Master_Init           text7        0E6D
__end_of_I2C_Master_Read           text23       0E01
__end_of_I2C_Master_RepeatedStart  text20       0C62
__end_of_I2C_Master_Start          text27       0C54
__end_of_I2C_Master_Stop           text26       0C5B
__end_of_I2C_Master_Wait           text28       0C7B
__end_of_I2C_Master_Write          text25       0C6A
__end_of_Lcd_Clear                 text34       0C90
__end_of_Lcd_Cmd                   text35       0CD5
__end_of_Lcd_Init                  text6        0143
__end_of_Lcd_Port                  text36       0CBB
__end_of_Lcd_Set_Cursor            text33       0FAB
__end_of_Lcd_Write_Char            text32       0EA6
__end_of_Lcd_Write_String          text31       0F1F
__end_of_UART_Init                 text4        042A
__end_of_UART_TX_Empty             text30       0C4D
__end_of_UART_Write                text29       0C85
__end_of___aldiv                   text5        02B1
__end_of___bmul                    text17       0CA1
__end_of___lldiv                   text8        01A1
__end_of___lwdiv                   text16       0EE2
__end_of___lwmod                   text15       00E8
__end_of__initialization           cinit        07FC
__end_of__stringtab                strings      0013
__end_of_close_door                text24       0CF0
__end_of_dpowers                   strings      001D
__end_of_get_IR                    text22       0D2A
__end_of_get_PIR                   text21       0D49
__end_of_get_day                   text19       0E37
__end_of_get_hall                  text18       0D68
__end_of_get_temp                  text12       0354
__end_of_get_time                  text11       0222
__end_of_get_tripwire              text10       0D87
__end_of_initOscilador             text3        1000
__end_of_main                      maintext     07F5
__end_of_open_door                 text9        0D0B
__end_of_setup                     text2        0F61
__end_of_sprintf                   text14       0502
__end_of_strcat                    text13       0DAB
__end_of_strcmp                    text1        0DD5
__initialization                   cinit        07F5
__pbssBANK0                        bssBANK0     0020
__pcstackBANK0                     cstackBANK0  0041
__pcstackCOMMON                    cstackCOMMON 0070
__pmaintext                        maintext     0502
__pstrings                         strings      0003
__ptext1                           text1        0DAB
__ptext10                          text10       0D68
__ptext11                          text11       01A1
__ptext12                          text12       02B1
__ptext13                          text13       0D87
__ptext14                          text14       042A
__ptext15                          text15       00B6
__ptext16                          text16       0EA6
__ptext17                          text17       0C90
__ptext18                          text18       0D49
__ptext19                          text19       0E01
__ptext2                           text2        0F1F
__ptext20                          text20       0C5B
__ptext21                          text21       0D2A
__ptext22                          text22       0D0B
__ptext23                          text23       0DD5
__ptext24                          text24       0CD5
__ptext25                          text25       0C62
__ptext26                          text26       0C54
__ptext27                          text27       0C4D
__ptext28                          text28       0C72
__ptext29                          text29       0C7B
__ptext3                           text3        0FAB
__ptext30                          text30       0C47
__ptext31                          text31       0EE2
__ptext32                          text32       0E6D
__ptext33                          text33       0F61
__ptext34                          text34       0C85
__ptext35                          text35       0CBB
__ptext36                          text36       0CA1
__ptext4                           text4        0354
__ptext5                           text5        0222
__ptext6                           text6        00E8
__ptext7                           text7        0E37
__ptext8                           text8        0143
__ptext9                           text9        0CF0
__size_of_I2C_Master_Init          (abs)        0000
__size_of_I2C_Master_Read          (abs)        0000
__size_of_I2C_Master_RepeatedStart (abs)        0000
__size_of_I2C_Master_Start         (abs)        0000
__size_of_I2C_Master_Stop          (abs)        0000
__size_of_I2C_Master_Wait          (abs)        0000
__size_of_I2C_Master_Write         (abs)        0000
__size_of_Lcd_Clear                (abs)        0000
__size_of_Lcd_Cmd                  (abs)        0000
__size_of_Lcd_Init                 (abs)        0000
__size_of_Lcd_Port                 (abs)        0000
__size_of_Lcd_Set_Cursor           (abs)        0000
__size_of_Lcd_Write_Char           (abs)        0000
__size_of_Lcd_Write_String         (abs)        0000
__size_of_UART_Init                (abs)        0000
__size_of_UART_TX_Empty            (abs)        0000
__size_of_UART_Write               (abs)        0000
__size_of___aldiv                  (abs)        0000
__size_of___bmul                   (abs)        0000
__size_of___lldiv                  (abs)        0000
__size_of___lwdiv                  (abs)        0000
__size_of___lwmod                  (abs)        0000
__size_of_close_door               (abs)        0000
__size_of_get_IR                   (abs)        0000
__size_of_get_PIR                  (abs)        0000
__size_of_get_day                  (abs)        0000
__size_of_get_hall                 (abs)        0000
__size_of_get_temp                 (abs)        0000
__size_of_get_time                 (abs)        0000
__size_of_get_tripwire             (abs)        0000
__size_of_initOscilador            (abs)        0000
__size_of_main                     (abs)        0000
__size_of_open_door                (abs)        0000
__size_of_setup                    (abs)        0000
__size_of_sprintf                  (abs)        0000
__size_of_strcat                   (abs)        0000
__size_of_strcmp                   (abs)        0000
__stringbase                       strings      0012
__stringtab                        strings      0003
_alarm                             bssBANK0     0027
_bank                              bssBANK0     0026
_change                            bssBANK0     002B
_change1                           bssBANK0     002A
_change2                           bssBANK0     0029
_change3                           bssBANK0     0028
_close_door                        text24       0CD5
_day1                              bssBANK0     002E
_day2                              bssBANK0     0034
_door                              bssBANK0     0033
_dpowers                           strings      0013
_get_IR                            text22       0D0B
_get_PIR                           text21       0D2A
_get_day                           text19       0E01
_get_hall                          text18       0D49
_get_temp                          text12       02B1
_get_time                          text11       01A1
_get_tripwire                      text10       0D68
_i                                 bssBANK0     002D
_initOscilador                     text3        0FAB
_j                                 bssBANK0     002C
_main                              maintext     0502
_open_door                         text9        0CF0
_setup                             text2        0F1F
_sprintf                           text14       042A
_state                             bssBANK0     002F
_strcat                            text13       0D87
_strcmp                            text1        0DAB
_temp                              bssBANK0     0035
_time                              bssBANK0     003B
_trip                              bssBANK0     0032
btemp                              (abs)        007E
clear_ram0                         clrtext      0C6A
end_of_initialization              cinit        07FC
get_IR@IR                          cstackCOMMON 0077
get_PIR@PIR                        cstackCOMMON 0077
get_day@d                          cstackCOMMON 0077
get_hall@key                       cstackCOMMON 0077
get_temp@decimal                   cstackBANK0  0051
get_temp@tempLSB                   cstackBANK0  0056
get_temp@tempMSB                   cstackBANK0  0054
get_temp@temp_string               cstackBANK0  0055
get_time@hour                      cstackCOMMON 0078
get_time@min                       cstackCOMMON 0079
get_time@time_string               cstackCOMMON 007A
get_tripwire@trip                  cstackCOMMON 0077
initOscilador@option               cstackCOMMON 0072
intlevel0                          functab      0000
intlevel1                          functab      0000
intlevel2                          functab      0000
intlevel3                          functab      0000
intlevel4                          functab      0000
intlevel5                          functab      0000
reset_vec                          reset_vec    0000
sprintf@ap                         cstackBANK0  0047
sprintf@c                          cstackBANK0  004D
sprintf@f                          cstackBANK0  0041
sprintf@flag                       cstackBANK0  0048
sprintf@prec                       cstackBANK0  0049
sprintf@sp                         cstackBANK0  004C
sprintf@val                        cstackBANK0  004A
start                              init         0000
start_initialization               cinit        07F5
strcat@cp                          cstackCOMMON 0073
strcat@from                        cstackCOMMON 0070
strcat@to                          cstackCOMMON 0072
strcmp@r                           cstackCOMMON 0075
strcmp@s1                          cstackCOMMON 0076
strcmp@s2                          cstackCOMMON 0070
wtemp0                             (abs)        007E


FUNCTION INFORMATION:

 *************** function _main *****************
 Defined at:
		line 56 in file "mainMaster.c"
 Parameters:    Size  Location     Type
		None
 Auto vars:     Size  Location     Type
		None
 Return value:  Size  Location     Type
                  1    wreg      void 
 Registers used:
		wreg, fsr0l, fsr0h, status,2, status,0, btemp+1, pclath, cstack
 Tracked objects:
		On entry : 
		On exit  : 
		Unchanged: 
 Data sizes:     COMMON   BANK0   BANK1   BANK3   BANK2
      Params:         0       0       0       0       0
      Locals:         0       0       0       0       0
      Temps:          0       2       0       0       0
      Totals:         0       2       0       0       0
Total ram usage:        2 bytes
 Hardware stack levels required when called:    4
 This function calls:
		_Lcd_Clear
		_Lcd_Set_Cursor
		_Lcd_Write_Char
		_Lcd_Write_String
		_UART_TX_Empty
		_UART_Write
		_close_door
		_get_IR
		_get_PIR
		_get_day
		_get_hall
		_get_temp
		_get_time
		_get_tripwire
		_open_door
		_setup
		_strcmp
 This function is called by:
		Startup code after reset
 This function uses a non-reentrant model


 *************** function _strcmp *****************
 Defined at:
		line 33 in file "C:\Program Files (x86)\Microchip\xc8\v2.05\pic\sources\c90\common\strcmp.c"
 Parameters:    Size  Location     Type
  s1              1    wreg     PTR const unsigned char 
		 -> temp(6), 
  s2              1    0[COMMON] PTR const unsigned char 
		 -> STR_9(6), 
 Auto vars:     Size  Location     Type
  s1              1    6[COMMON] PTR const unsigned char 
		 -> temp(6), 
  r               1    5[COMMON] char 
 Return value:  Size  Location     Type
                  2    0[COMMON] int 
 Registers used:
		wreg, fsr0l, fsr0h, status,2, status,0, pclath
 Tracked objects:
		On entry : 
		On exit  : 
		Unchanged: 
 Data sizes:     COMMON   BANK0   BANK1   BANK3   BANK2
      Params:         2       0       0       0       0
      Locals:         2       0       0       0       0
      Temps:          3       0       0       0       0
      Totals:         7       0       0       0       0
Total ram usage:        7 bytes
 Hardware stack levels used:    2
 This function calls:
		Nothing
 This function is called by:
		_main
 This function uses a non-reentrant model


 *************** function _setup *****************
 Defined at:
		line 274 in file "mainMaster.c"
 Parameters:    Size  Location     Type
		None
 Auto vars:     Size  Location     Type
		None
 Return value:  Size  Location     Type
                  1    wreg      void 
 Registers used:
		wreg, fsr0l, fsr0h, status,2, status,0, pclath, cstack
 Tracked objects:
		On entry : 
		On exit  : 
		Unchanged: 
 Data sizes:     COMMON   BANK0   BANK1   BANK3   BANK2
      Params:         0       0       0       0       0
      Locals:         0       0       0       0       0
      Temps:          0       0       0       0       0
      Totals:         0       0       0       0       0
Total ram usage:        0 bytes
 Hardware stack levels used:    1
 Hardware stack levels required when called:    3
 This function calls:
		_I2C_Master_Init
		_Lcd_Init
		_UART_Init
		_initOscilador
 This function is called by:
		_main
 This function uses a non-reentrant model


 *************** function _initOscilador *****************
 Defined at:
		line 11 in file "./Oscilador.h"
 Parameters:    Size  Location     Type
  option          1    wreg     unsigned char 
 Auto vars:     Size  Location     Type
  option          1    2[COMMON] unsigned char 
 Return value:  Size  Location     Type
                  1    wreg      void 
 Registers used:
		wreg, fsr0l, fsr0h, status,2, status,0
 Tracked objects:
		On entry : 
		On exit  : 
		Unchanged: 
 Data sizes:     COMMON   BANK0   BANK1   BANK3   BANK2
      Params:         0       0       0       0       0
      Locals:         1       0       0       0       0
      Temps:          2       0       0       0       0
      Totals:         3       0       0       0       0
Total ram usage:        3 bytes
 Hardware stack levels used:    1
 This function calls:
		Nothing
 This function is called by:
		_setup
 This function uses a non-reentrant model


 *************** function _UART_Init *****************
 Defined at:
		line 8 in file "./UART.h"
 Parameters:    Size  Location     Type
  baudrate        4    6[BANK0 ] const long 
 Auto vars:     Size  Location     Type
  x               2    9[COMMON] unsigned int 
 Return value:  Size  Location     Type
                  1    wreg      unsigned char 
 Registers used:
		wreg, status,2, status,0, pclath, cstack
 Tracked objects:
		On entry : 
		On exit  : 
		Unchanged: 
 Data sizes:     COMMON   BANK0   BANK1   BANK3   BANK2
      Params:         0       4       0       0       0
      Locals:         2       0       0       0       0
      Temps:          0      12       0       0       0
      Totals:         2      16       0       0       0
Total ram usage:       18 bytes
 Hardware stack levels used:    1
 Hardware stack levels required when called:    1
 This function calls:
		___aldiv
 This function is called by:
		_setup
 This function uses a non-reentrant model


 *************** function ___aldiv *****************
 Defined at:
		line 5 in file "C:\Program Files (x86)\Microchip\xc8\v2.05\pic\sources\c90\common\aldiv.c"
 Parameters:    Size  Location     Type
  divisor         4    0[COMMON] long 
  dividend        4    4[COMMON] long 
 Auto vars:     Size  Location     Type
  quotient        4    2[BANK0 ] long 
  sign            1    1[BANK0 ] unsigned char 
  counter         1    0[BANK0 ] unsigned char 
 Return value:  Size  Location     Type
                  4    0[COMMON] long 
 Registers used:
		wreg, status,2, status,0
 Tracked objects:
		On entry : 
		On exit  : 
		Unchanged: 
 Data sizes:     COMMON   BANK0   BANK1   BANK3   BANK2
      Params:         8       0       0       0       0
      Locals:         0       6       0       0       0
      Temps:          1       0       0       0       0
      Totals:         9       6       0       0       0
Total ram usage:       15 bytes
 Hardware stack levels used:    1
 This function calls:
		Nothing
 This function is called by:
		_UART_Init
 This function uses a non-reentrant model


 *************** function _Lcd_Init *****************
 Defined at:
		line 65 in file "./LCD4bits.h"
 Parameters:    Size  Location     Type
		None
 Auto vars:     Size  Location     Type
		None
 Return value:  Size  Location     Type
                  1    wreg      void 
 Registers used:
		wreg, status,2, status,0, pclath, cstack
 Tracked objects:
		On entry : 
		On exit  : 
		Unchanged: 
 Data sizes:     COMMON   BANK0   BANK1   BANK3   BANK2
      Params:         0       0       0       0       0
      Locals:         0       0       0       0       0
      Temps:          2       0       0       0       0
      Totals:         2       0       0       0       0
Total ram usage:        2 bytes
 Hardware stack levels used:    1
 Hardware stack levels required when called:    2
 This function calls:
		_Lcd_Cmd
		_Lcd_Port
 This function is called by:
		_setup
 This function uses a non-reentrant model


 *************** function _I2C_Master_Init *****************
 Defined at:
		line 16 in file "./I2C.h"
 Parameters:    Size  Location     Type
  c               4    0[BANK0 ] const unsigned long 
 Auto vars:     Size  Location     Type
		None
 Return value:  Size  Location     Type
                  1    wreg      void 
 Registers used:
		wreg, status,2, status,0, pclath, cstack
 Tracked objects:
		On entry : 
		On exit  : 
		Unchanged: 
 Data sizes:     COMMON   BANK0   BANK1   BANK3   BANK2
      Params:         0       4       0       0       0
      Locals:         0       0       0       0       0
      Temps:          0       4       0       0       0
      Totals:         0       8       0       0       0
Total ram usage:        8 bytes
 Hardware stack levels used:    1
 Hardware stack levels required when called:    1
 This function calls:
		___lldiv
 This function is called by:
		_setup
 This function uses a non-reentrant model


 *************** function ___lldiv *****************
 Defined at:
		line 5 in file "C:\Program Files (x86)\Microchip\xc8\v2.05\pic\sources\c90\common\__lldiv.c"
 Parameters:    Size  Location     Type
  divisor         4    0[COMMON] unsigned long 
  dividend        4    4[COMMON] unsigned long 
 Auto vars:     Size  Location     Type
  quotient        4    9[COMMON] unsigned long 
  counter         1   13[COMMON] unsigned char 
 Return value:  Size  Location     Type
                  4    0[COMMON] unsigned long 
 Registers used:
		wreg, status,2, status,0
 Tracked objects:
		On entry : 
		On exit  : 
		Unchanged: 
 Data sizes:     COMMON   BANK0   BANK1   BANK3   BANK2
      Params:         8       0       0       0       0
      Locals:         5       0       0       0       0
      Temps:          1       0       0       0       0
      Totals:        14       0       0       0       0
Total ram usage:       14 bytes
 Hardware stack levels used:    1
 This function calls:
		Nothing
 This function is called by:
		_I2C_Master_Init
 This function uses a non-reentrant model


 *************** function _open_door *****************
 Defined at:
		line 418 in file "mainMaster.c"
 Parameters:    Size  Location     Type
		None
 Auto vars:     Size  Location     Type
		None
 Return value:  Size  Location     Type
                  1    wreg      void 
 Registers used:
		wreg, status,2, status,0, pclath, cstack
 Tracked objects:
		On entry : 
		On exit  : 
		Unchanged: 
 Data sizes:     COMMON   BANK0   BANK1   BANK3   BANK2
      Params:         0       0       0       0       0
      Locals:         0       0       0       0       0
      Temps:          0       0       0       0       0
      Totals:         0       0       0       0       0
Total ram usage:        0 bytes
 Hardware stack levels used:    1
 Hardware stack levels required when called:    2
 This function calls:
		_I2C_Master_Start
		_I2C_Master_Stop
		_I2C_Master_Write
 This function is called by:
		_main
 This function uses a non-reentrant model


 *************** function _get_tripwire *****************
 Defined at:
		line 382 in file "mainMaster.c"
 Parameters:    Size  Location     Type
		None
 Auto vars:     Size  Location     Type
  trip            1    7[COMMON] unsigned char 
 Return value:  Size  Location     Type
                  1    wreg      unsigned char 
 Registers used:
		wreg, status,2, status,0, pclath, cstack
 Tracked objects:
		On entry : 
		On exit  : 
		Unchanged: 
 Data sizes:     COMMON   BANK0   BANK1   BANK3   BANK2
      Params:         0       0       0       0       0
      Locals:         1       0       0       0       0
      Temps:          1       0       0       0       0
      Totals:         2       0       0       0       0
Total ram usage:        2 bytes
 Hardware stack levels used:    1
 Hardware stack levels required when called:    2
 This function calls:
		_I2C_Master_Read
		_I2C_Master_Start
		_I2C_Master_Stop
		_I2C_Master_Write
 This function is called by:
		_main
 This function uses a non-reentrant model


 *************** function _get_time *****************
 Defined at:
		line 307 in file "mainMaster.c"
 Parameters:    Size  Location     Type
  time_string     1    wreg     PTR unsigned char 
		 -> time(6), 
 Auto vars:     Size  Location     Type
  time_string     1   10[COMMON] PTR unsigned char 
		 -> time(6), 
  min             1    9[COMMON] unsigned char 
  hour            1    8[COMMON] unsigned char 
 Return value:  Size  Location     Type
                  1    wreg      void 
 Registers used:
		wreg, fsr0l, fsr0h, status,2, status,0, pclath, cstack
 Tracked objects:
		On entry : 
		On exit  : 
		Unchanged: 
 Data sizes:     COMMON   BANK0   BANK1   BANK3   BANK2
      Params:         0       0       0       0       0
      Locals:         3       0       0       0       0
      Temps:          2       0       0       0       0
      Totals:         5       0       0       0       0
Total ram usage:        5 bytes
 Hardware stack levels used:    1
 Hardware stack levels required when called:    2
 This function calls:
		_I2C_Master_Read
		_I2C_Master_RepeatedStart
		_I2C_Master_Start
		_I2C_Master_Stop
		_I2C_Master_Write
 This function is called by:
		_main
 This function uses a non-reentrant model


 *************** function _get_temp *****************
 Defined at:
		line 343 in file "mainMaster.c"
 Parameters:    Size  Location     Type
  temp_string     1    wreg     PTR unsigned char 
		 -> temp(6), 
 Auto vars:     Size  Location     Type
  temp_string     1   20[BANK0 ] PTR unsigned char 
		 -> temp(6), 
  decimal         3   16[BANK0 ] unsigned char [3]
  tempLSB         1   21[BANK0 ] unsigned char 
  tempMSB         1   19[BANK0 ] unsigned char 
 Return value:  Size  Location     Type
                  1    wreg      void 
 Registers used:
		wreg, fsr0l, fsr0h, status,2, status,0, btemp+1, pclath, cstack
 Tracked objects:
		On entry : 
		On exit  : 
		Unchanged: 
 Data sizes:     COMMON   BANK0   BANK1   BANK3   BANK2
      Params:         0       0       0       0       0
      Locals:         0       6       0       0       0
      Temps:          0       3       0       0       0
      Totals:         0       9       0       0       0
Total ram usage:        9 bytes
 Hardware stack levels used:    1
 Hardware stack levels required when called:    2
 This function calls:
		_I2C_Master_Read
		_I2C_Master_RepeatedStart
		_I2C_Master_Start
		_I2C_Master_Stop
		_I2C_Master_Write
		___bmul
		_sprintf
		_strcat
 This function is called by:
		_main
 This function uses a non-reentrant model


 *************** function _strcat *****************
 Defined at:
		line 8 in file "C:\Program Files (x86)\Microchip\xc8\v2.05\pic\sources\c90\common\strcat.c"
 Parameters:    Size  Location     Type
  to              1    wreg     PTR unsigned char 
		 -> temp(6), 
  from            1    0[COMMON] PTR const unsigned char 
		 -> get_temp@decimal(3), 
 Auto vars:     Size  Location     Type
  to              1    2[COMMON] PTR unsigned char 
		 -> temp(6), 
  cp              1    3[COMMON] PTR unsigned char 
		 -> temp(6), 
 Return value:  Size  Location     Type
                  1    wreg      PTR unsigned char 
 Registers used:
		wreg, fsr0l, fsr0h, status,2, status,0
 Tracked objects:
		On entry : 
		On exit  : 
		Unchanged: 
 Data sizes:     COMMON   BANK0   BANK1   BANK3   BANK2
      Params:         1       0       0       0       0
      Locals:         2       0       0       0       0
      Temps:          1       0       0       0       0
      Totals:         4       0       0       0       0
Total ram usage:        4 bytes
 Hardware stack levels used:    1
 This function calls:
		Nothing
 This function is called by:
		_get_temp
 This function uses a non-reentrant model


 *************** function _sprintf *****************
 Defined at:
		line 500 in file "C:\Program Files (x86)\Microchip\xc8\v2.05\pic\sources\c90\common\doprnt.c"
 Parameters:    Size  Location     Type
  sp              1    wreg     PTR unsigned char 
		 -> get_temp@decimal(3), temp(6), 
  f               1    0[BANK0 ] PTR const unsigned char 
		 -> STR_20(4), STR_19(5), STR_18(3), 
 Auto vars:     Size  Location     Type
  sp              1   11[BANK0 ] PTR unsigned char 
		 -> get_temp@decimal(3), temp(6), 
  tmpval          4    0        struct .
  val             2    9[BANK0 ] unsigned int 
  cp              2    0        PTR const unsigned char 
  len             2    0        unsigned int 
  c               1   12[BANK0 ] unsigned char 
  prec            1    8[BANK0 ] char 
  flag            1    7[BANK0 ] unsigned char 
  ap              1    6[BANK0 ] PTR void [1]
		 -> ?_sprintf(2), 
 Return value:  Size  Location     Type
                  2    0[BANK0 ] int 
 Registers used:
		wreg, fsr0l, fsr0h, status,2, status,0, btemp+1, pclath, cstack
 Tracked objects:
		On entry : 
		On exit  : 
		Unchanged: 
 Data sizes:     COMMON   BANK0   BANK1   BANK3   BANK2
      Params:         0       3       0       0       0
      Locals:         0       7       0       0       0
      Temps:          0       3       0       0       0
      Totals:         0      13       0       0       0
Total ram usage:       13 bytes
 Hardware stack levels used:    1
 Hardware stack levels required when called:    1
 This function calls:
		___lwdiv
		___lwmod
 This function is called by:
		_get_temp
 This function uses a non-reentrant model


 *************** function ___lwmod *****************
 Defined at:
		line 5 in file "C:\Program Files (x86)\Microchip\xc8\v2.05\pic\sources\c90\common\lwmod.c"
 Parameters:    Size  Location     Type
  divisor         2    8[COMMON] unsigned int 
  dividend        2   10[COMMON] unsigned int 
 Auto vars:     Size  Location     Type
  counter         1   13[COMMON] unsigned char 
 Return value:  Size  Location     Type
                  2    8[COMMON] unsigned int 
 Registers used:
		wreg, status,2, status,0
 Tracked objects:
		On entry : 
		On exit  : 
		Unchanged: 
 Data sizes:     COMMON   BANK0   BANK1   BANK3   BANK2
      Params:         4       0       0       0       0
      Locals:         1       0       0       0       0
      Temps:          1       0       0       0       0
      Totals:         6       0       0       0       0
Total ram usage:        6 bytes
 Hardware stack levels used:    1
 This function calls:
		Nothing
 This function is called by:
		_sprintf
 This function uses a non-reentrant model


 *************** function ___lwdiv *****************
 Defined at:
		line 5 in file "C:\Program Files (x86)\Microchip\xc8\v2.05\pic\sources\c90\common\lwdiv.c"
 Parameters:    Size  Location     Type
  divisor         2    0[COMMON] unsigned int 
  dividend        2    2[COMMON] unsigned int 
 Auto vars:     Size  Location     Type
  quotient        2    5[COMMON] unsigned int 
  counter         1    7[COMMON] unsigned char 
 Return value:  Size  Location     Type
                  2    0[COMMON] unsigned int 
 Registers used:
		wreg, status,2, status,0
 Tracked objects:
		On entry : 
		On exit  : 
		Unchanged: 
 Data sizes:     COMMON   BANK0   BANK1   BANK3   BANK2
      Params:         4       0       0       0       0
      Locals:         3       0       0       0       0
      Temps:          1       0       0       0       0
      Totals:         8       0       0       0       0
Total ram usage:        8 bytes
 Hardware stack levels used:    1
 This function calls:
		Nothing
 This function is called by:
		_sprintf
 This function uses a non-reentrant model


 *************** function ___bmul *****************
 Defined at:
		line 4 in file "C:\Program Files (x86)\Microchip\xc8\v2.05\pic\sources\c90\common\Umul8.c"
 Parameters:    Size  Location     Type
  multiplier      1    wreg     unsigned char 
  multiplicand    1    0[COMMON] unsigned char 
 Auto vars:     Size  Location     Type
  multiplier      1    3[COMMON] unsigned char 
  product         1    2[COMMON] unsigned char 
 Return value:  Size  Location     Type
                  1    wreg      unsigned char 
 Registers used:
		wreg, status,2, status,0
 Tracked objects:
		On entry : 
		On exit  : 
		Unchanged: 
 Data sizes:     COMMON   BANK0   BANK1   BANK3   BANK2
      Params:         1       0       0       0       0
      Locals:         2       0       0       0       0
      Temps:          1       0       0       0       0
      Totals:         4       0       0       0       0
Total ram usage:        4 bytes
 Hardware stack levels used:    1
 This function calls:
		Nothing
 This function is called by:
		_get_temp
 This function uses a non-reentrant model


 *************** function _get_hall *****************
 Defined at:
		line 370 in file "mainMaster.c"
 Parameters:    Size  Location     Type
		None
 Auto vars:     Size  Location     Type
  key             1    7[COMMON] unsigned char 
 Return value:  Size  Location     Type
                  1    wreg      unsigned char 
 Registers used:
		wreg, status,2, status,0, pclath, cstack
 Tracked objects:
		On entry : 
		On exit  : 
		Unchanged: 
 Data sizes:     COMMON   BANK0   BANK1   BANK3   BANK2
      Params:         0       0       0       0       0
      Locals:         1       0       0       0       0
      Temps:          1       0       0       0       0
      Totals:         2       0       0       0       0
Total ram usage:        2 bytes
 Hardware stack levels used:    1
 Hardware stack levels required when called:    2
 This function calls:
		_I2C_Master_Read
		_I2C_Master_Start
		_I2C_Master_Stop
		_I2C_Master_Write
 This function is called by:
		_main
 This function uses a non-reentrant model


 *************** function _get_day *****************
 Defined at:
		line 328 in file "mainMaster.c"
 Parameters:    Size  Location     Type
		None
 Auto vars:     Size  Location     Type
  d               1    7[COMMON] unsigned char 
 Return value:  Size  Location     Type
                  1    wreg      unsigned char 
 Registers used:
		wreg, status,2, status,0, pclath, cstack
 Tracked objects:
		On entry : 
		On exit  : 
		Unchanged: 
 Data sizes:     COMMON   BANK0   BANK1   BANK3   BANK2
      Params:         0       0       0       0       0
      Locals:         1       0       0       0       0
      Temps:          1       0       0       0       0
      Totals:         2       0       0       0       0
Total ram usage:        2 bytes
 Hardware stack levels used:    1
 Hardware stack levels required when called:    2
 This function calls:
		_I2C_Master_Read
		_I2C_Master_RepeatedStart
		_I2C_Master_Start
		_I2C_Master_Stop
		_I2C_Master_Write
 This function is called by:
		_main
 This function uses a non-reentrant model


 *************** function _I2C_Master_RepeatedStart *****************
 Defined at:
		line 47 in file "./I2C.h"
 Parameters:    Size  Location     Type
		None
 Auto vars:     Size  Location     Type
		None
 Return value:  Size  Location     Type
                  1    wreg      void 
 Registers used:
		wreg, status,2, status,0, pclath, cstack
 Tracked objects:
		On entry : 
		On exit  : 
		Unchanged: 
 Data sizes:     COMMON   BANK0   BANK1   BANK3   BANK2
      Params:         0       0       0       0       0
      Locals:         0       0       0       0       0
      Temps:          0       0       0       0       0
      Totals:         0       0       0       0       0
Total ram usage:        0 bytes
 Hardware stack levels used:    1
 Hardware stack levels required when called:    1
 This function calls:
		_I2C_Master_Wait
 This function is called by:
		_get_time
		_get_day
		_get_temp
 This function uses a non-reentrant model


 *************** function _get_PIR *****************
 Defined at:
		line 394 in file "mainMaster.c"
 Parameters:    Size  Location     Type
		None
 Auto vars:     Size  Location     Type
  PIR             1    7[COMMON] unsigned char 
 Return value:  Size  Location     Type
                  1    wreg      unsigned char 
 Registers used:
		wreg, status,2, status,0, pclath, cstack
 Tracked objects:
		On entry : 
		On exit  : 
		Unchanged: 
 Data sizes:     COMMON   BANK0   BANK1   BANK3   BANK2
      Params:         0       0       0       0       0
      Locals:         1       0       0       0       0
      Temps:          1       0       0       0       0
      Totals:         2       0       0       0       0
Total ram usage:        2 bytes
 Hardware stack levels used:    1
 Hardware stack levels required when called:    2
 This function calls:
		_I2C_Master_Read
		_I2C_Master_Start
		_I2C_Master_Stop
		_I2C_Master_Write
 This function is called by:
		_main
 This function uses a non-reentrant model


 *************** function _get_IR *****************
 Defined at:
		line 406 in file "mainMaster.c"
 Parameters:    Size  Location     Type
		None
 Auto vars:     Size  Location     Type
  IR              1    7[COMMON] unsigned char 
 Return value:  Size  Location     Type
                  1    wreg      unsigned char 
 Registers used:
		wreg, status,2, status,0, pclath, cstack
 Tracked objects:
		On entry : 
		On exit  : 
		Unchanged: 
 Data sizes:     COMMON   BANK0   BANK1   BANK3   BANK2
      Params:         0       0       0       0       0
      Locals:         1       0       0       0       0
      Temps:          1       0       0       0       0
      Totals:         2       0       0       0       0
Total ram usage:        2 bytes
 Hardware stack levels used:    1
 Hardware stack levels required when called:    2
 This function calls:
		_I2C_Master_Read
		_I2C_Master_Start
		_I2C_Master_Stop
		_I2C_Master_Write
 This function is called by:
		_main
 This function uses a non-reentrant model


 *************** function _I2C_Master_Read *****************
 Defined at:
		line 74 in file "./I2C.h"
 Parameters:    Size  Location     Type
  a               2    0[COMMON] unsigned short 
 Auto vars:     Size  Location     Type
  temp            2    4[COMMON] unsigned short 
 Return value:  Size  Location     Type
                  2    0[COMMON] unsigned short 
 Registers used:
		wreg, status,2, status,0, pclath, cstack
 Tracked objects:
		On entry : 
		On exit  : 
		Unchanged: 
 Data sizes:     COMMON   BANK0   BANK1   BANK3   BANK2
      Params:         2       0       0       0       0
      Locals:         2       0       0       0       0
      Temps:          2       0       0       0       0
      Totals:         6       0       0       0       0
Total ram usage:        6 bytes
 Hardware stack levels used:    1
 Hardware stack levels required when called:    1
 This function calls:
		_I2C_Master_Wait
 This function is called by:
		_get_time
		_get_day
		_get_temp
		_get_hall
		_get_tripwire
		_get_PIR
		_get_IR
 This function uses a non-reentrant model


 *************** function _close_door *****************
 Defined at:
		line 427 in file "mainMaster.c"
 Parameters:    Size  Location     Type
		None
 Auto vars:     Size  Location     Type
		None
 Return value:  Size  Location     Type
                  1    wreg      void 
 Registers used:
		wreg, status,2, status,0, pclath, cstack
 Tracked objects:
		On entry : 
		On exit  : 
		Unchanged: 
 Data sizes:     COMMON   BANK0   BANK1   BANK3   BANK2
      Params:         0       0       0       0       0
      Locals:         0       0       0       0       0
      Temps:          0       0       0       0       0
      Totals:         0       0       0       0       0
Total ram usage:        0 bytes
 Hardware stack levels used:    1
 Hardware stack levels required when called:    2
 This function calls:
		_I2C_Master_Start
		_I2C_Master_Stop
		_I2C_Master_Write
 This function is called by:
		_main
 This function uses a non-reentrant model


 *************** function _I2C_Master_Write *****************
 Defined at:
		line 65 in file "./I2C.h"
 Parameters:    Size  Location     Type
  d               2    0[COMMON] unsigned int 
 Auto vars:     Size  Location     Type
		None
 Return value:  Size  Location     Type
                  1    wreg      void 
 Registers used:
		wreg, status,2, status,0, pclath, cstack
 Tracked objects:
		On entry : 
		On exit  : 
		Unchanged: 
 Data sizes:     COMMON   BANK0   BANK1   BANK3   BANK2
      Params:         2       0       0       0       0
      Locals:         0       0       0       0       0
      Temps:          0       0       0       0       0
      Totals:         2       0       0       0       0
Total ram usage:        2 bytes
 Hardware stack levels used:    1
 Hardware stack levels required when called:    1
 This function calls:
		_I2C_Master_Wait
 This function is called by:
		_get_time
		_get_day
		_get_temp
		_get_hall
		_get_tripwire
		_get_PIR
		_get_IR
		_open_door
		_close_door
		_write_RTC
 This function uses a non-reentrant model


 *************** function _I2C_Master_Stop *****************
 Defined at:
		line 55 in file "./I2C.h"
 Parameters:    Size  Location     Type
		None
 Auto vars:     Size  Location     Type
		None
 Return value:  Size  Location     Type
                  1    wreg      void 
 Registers used:
		wreg, status,2, status,0, pclath, cstack
 Tracked objects:
		On entry : 
		On exit  : 
		Unchanged: 
 Data sizes:     COMMON   BANK0   BANK1   BANK3   BANK2
      Params:         0       0       0       0       0
      Locals:         0       0       0       0       0
      Temps:          0       0       0       0       0
      Totals:         0       0       0       0       0
Total ram usage:        0 bytes
 Hardware stack levels used:    1
 Hardware stack levels required when called:    1
 This function calls:
		_I2C_Master_Wait
 This function is called by:
		_get_time
		_get_day
		_get_temp
		_get_hall
		_get_tripwire
		_get_PIR
		_get_IR
		_open_door
		_close_door
		_write_RTC
 This function uses a non-reentrant model


 *************** function _I2C_Master_Start *****************
 Defined at:
		line 39 in file "./I2C.h"
 Parameters:    Size  Location     Type
		None
 Auto vars:     Size  Location     Type
		None
 Return value:  Size  Location     Type
                  1    wreg      void 
 Registers used:
		wreg, status,2, status,0, pclath, cstack
 Tracked objects:
		On entry : 
		On exit  : 
		Unchanged: 
 Data sizes:     COMMON   BANK0   BANK1   BANK3   BANK2
      Params:         0       0       0       0       0
      Locals:         0       0       0       0       0
      Temps:          0       0       0       0       0
      Totals:         0       0       0       0       0
Total ram usage:        0 bytes
 Hardware stack levels used:    1
 Hardware stack levels required when called:    1
 This function calls:
		_I2C_Master_Wait
 This function is called by:
		_get_time
		_get_day
		_get_temp
		_get_hall
		_get_tripwire
		_get_PIR
		_get_IR
		_open_door
		_close_door
		_write_RTC
 This function uses a non-reentrant model


 *************** function _I2C_Master_Wait *****************
 Defined at:
		line 32 in file "./I2C.h"
 Parameters:    Size  Location     Type
		None
 Auto vars:     Size  Location     Type
		None
 Return value:  Size  Location     Type
                  1    wreg      void 
 Registers used:
		wreg, status,2
 Tracked objects:
		On entry : 
		On exit  : 
		Unchanged: 
 Data sizes:     COMMON   BANK0   BANK1   BANK3   BANK2
      Params:         0       0       0       0       0
      Locals:         0       0       0       0       0
      Temps:          0       0       0       0       0
      Totals:         0       0       0       0       0
Total ram usage:        0 bytes
 Hardware stack levels used:    1
 This function calls:
		Nothing
 This function is called by:
		_I2C_Master_Start
		_I2C_Master_RepeatedStart
		_I2C_Master_Stop
		_I2C_Master_Write
		_I2C_Master_Read
 This function uses a non-reentrant model


 *************** function _UART_Write *****************
 Defined at:
		line 54 in file "./UART.h"
 Parameters:    Size  Location     Type
  data            1    wreg     unsigned char 
 Auto vars:     Size  Location     Type
  data            1    0[COMMON] unsigned char 
 Return value:  Size  Location     Type
                  1    wreg      void 
 Registers used:
		wreg
 Tracked objects:
		On entry : 
		On exit  : 
		Unchanged: 
 Data sizes:     COMMON   BANK0   BANK1   BANK3   BANK2
      Params:         0       0       0       0       0
      Locals:         1       0       0       0       0
      Temps:          0       0       0       0       0
      Totals:         1       0       0       0       0
Total ram usage:        1 bytes
 Hardware stack levels used:    1
 This function calls:
		Nothing
 This function is called by:
		_main
		_UART_Write_Text
 This function uses a non-reentrant model


 *************** function _UART_TX_Empty *****************
 Defined at:
		line 31 in file "./UART.h"
 Parameters:    Size  Location     Type
		None
 Auto vars:     Size  Location     Type
		None
 Return value:  Size  Location     Type
                  1    wreg      unsigned char 
 Registers used:
		wreg
 Tracked objects:
		On entry : 
		On exit  : 
		Unchanged: 
 Data sizes:     COMMON   BANK0   BANK1   BANK3   BANK2
      Params:         0       0       0       0       0
      Locals:         0       0       0       0       0
      Temps:          0       0       0       0       0
      Totals:         0       0       0       0       0
Total ram usage:        0 bytes
 Hardware stack levels used:    1
 This function calls:
		Nothing
 This function is called by:
		_main
 This function uses a non-reentrant model


 *************** function _Lcd_Write_String *****************
 Defined at:
		line 100 in file "./LCD4bits.h"
 Parameters:    Size  Location     Type
  a               2    5[COMMON] PTR unsigned char 
		 -> NULL(0), STR_17(7), STR_16(7), STR_15(8), 
		 -> STR_14(8), STR_13(9), STR_12(9), STR_11(12), 
		 -> STR_10(12), STR_8(10), STR_7(10), STR_6(10), 
		 -> STR_5(10), STR_4(10), STR_3(10), STR_2(10), 
		 -> STR_1(10), time(6), temp(6), 
 Auto vars:     Size  Location     Type
  i               2   10[COMMON] int 
 Return value:  Size  Location     Type
                  1    wreg      void 
 Registers used:
		wreg, fsr0l, fsr0h, status,2, status,0, btemp+1, pclath, cstack
 Tracked objects:
		On entry : 
		On exit  : 
		Unchanged: 
 Data sizes:     COMMON   BANK0   BANK1   BANK3   BANK2
      Params:         2       0       0       0       0
      Locals:         2       0       0       0       0
      Temps:          3       0       0       0       0
      Totals:         7       0       0       0       0
Total ram usage:        7 bytes
 Hardware stack levels used:    1
 Hardware stack levels required when called:    2
 This function calls:
		_Lcd_Write_Char
 This function is called by:
		_main
 This function uses a non-reentrant model


 *************** function _Lcd_Write_Char *****************
 Defined at:
		line 84 in file "./LCD4bits.h"
 Parameters:    Size  Location     Type
  a               1    wreg     unsigned char 
 Auto vars:     Size  Location     Type
  a               1    4[COMMON] unsigned char 
  y               1    3[COMMON] unsigned char 
  temp            1    2[COMMON] unsigned char 
 Return value:  Size  Location     Type
                  1    wreg      void 
 Registers used:
		wreg, status,2, status,0, pclath, cstack
 Tracked objects:
		On entry : 
		On exit  : 
		Unchanged: 
 Data sizes:     COMMON   BANK0   BANK1   BANK3   BANK2
      Params:         0       0       0       0       0
      Locals:         3       0       0       0       0
      Temps:          1       0       0       0       0
      Totals:         4       0       0       0       0
Total ram usage:        4 bytes
 Hardware stack levels used:    1
 Hardware stack levels required when called:    1
 This function calls:
		_Lcd_Port
 This function is called by:
		_Lcd_Write_String
		_main
 This function uses a non-reentrant model


 *************** function _Lcd_Set_Cursor *****************
 Defined at:
		line 44 in file "./LCD4bits.h"
 Parameters:    Size  Location     Type
  a               1    wreg     unsigned char 
  b               1    4[COMMON] unsigned char 
 Auto vars:     Size  Location     Type
  a               1    7[COMMON] unsigned char 
  temp            1   10[COMMON] unsigned char 
  y               1    9[COMMON] unsigned char 
  z               1    8[COMMON] unsigned char 
 Return value:  Size  Location     Type
                  1    wreg      void 
 Registers used:
		wreg, status,2, status,0, pclath, cstack
 Tracked objects:
		On entry : 
		On exit  : 
		Unchanged: 
 Data sizes:     COMMON   BANK0   BANK1   BANK3   BANK2
      Params:         1       0       0       0       0
      Locals:         4       0       0       0       0
      Temps:          2       0       0       0       0
      Totals:         7       0       0       0       0
Total ram usage:        7 bytes
 Hardware stack levels used:    1
 Hardware stack levels required when called:    2
 This function calls:
		_Lcd_Cmd
 This function is called by:
		_main
 This function uses a non-reentrant model


 *************** function _Lcd_Clear *****************
 Defined at:
		line 38 in file "./LCD4bits.h"
 Parameters:    Size  Location     Type
		None
 Auto vars:     Size  Location     Type
		None
 Return value:  Size  Location     Type
                  1    wreg      void 
 Registers used:
		wreg, status,2, status,0, pclath, cstack
 Tracked objects:
		On entry : 
		On exit  : 
		Unchanged: 
 Data sizes:     COMMON   BANK0   BANK1   BANK3   BANK2
      Params:         0       0       0       0       0
      Locals:         0       0       0       0       0
      Temps:          0       0       0       0       0
      Totals:         0       0       0       0       0
Total ram usage:        0 bytes
 Hardware stack levels used:    1
 Hardware stack levels required when called:    2
 This function calls:
		_Lcd_Cmd
 This function is called by:
		_main
 This function uses a non-reentrant model


 *************** function _Lcd_Cmd *****************
 Defined at:
		line 29 in file "./LCD4bits.h"
 Parameters:    Size  Location     Type
  a               1    wreg     unsigned char 
 Auto vars:     Size  Location     Type
  a               1    3[COMMON] unsigned char 
 Return value:  Size  Location     Type
                  1    wreg      void 
 Registers used:
		wreg, status,2, status,0, pclath, cstack
 Tracked objects:
		On entry : 
		On exit  : 
		Unchanged: 
 Data sizes:     COMMON   BANK0   BANK1   BANK3   BANK2
      Params:         0       0       0       0       0
      Locals:         1       0       0       0       0
      Temps:          2       0       0       0       0
      Totals:         3       0       0       0       0
Total ram usage:        3 bytes
 Hardware stack levels used:    1
 Hardware stack levels required when called:    1
 This function calls:
		_Lcd_Port
 This function is called by:
		_Lcd_Clear
		_Lcd_Set_Cursor
		_Lcd_Init
		_Lcd_Shift_Right
		_Lcd_Shift_Left
 This function uses a non-reentrant model


 *************** function _Lcd_Port *****************
 Defined at:
		line 7 in file "./LCD4bits.h"
 Parameters:    Size  Location     Type
  a               1    wreg     unsigned char 
 Auto vars:     Size  Location     Type
  a               1    0[COMMON] unsigned char 
 Return value:  Size  Location     Type
                  1    wreg      void 
 Registers used:
		wreg
 Tracked objects:
		On entry : 
		On exit  : 
		Unchanged: 
 Data sizes:     COMMON   BANK0   BANK1   BANK3   BANK2
      Params:         0       0       0       0       0
      Locals:         1       0       0       0       0
      Temps:          0       0       0       0       0
      Totals:         1       0       0       0       0
Total ram usage:        1 bytes
 Hardware stack levels used:    1
 This function calls:
		Nothing
 This function is called by:
		_Lcd_Cmd
		_Lcd_Init
		_Lcd_Write_Char
 This function uses a non-reentrant model



MODULE INFORMATION

Module		Function		Class		Link	Load	Size
C:\Program Files (x86)\Microchip\xc8\v2.05\pic\sources\c90\common\doprnt.c
		_sprintf       		CODE           	042A	0000	217

C:\Program Files (x86)\Microchip\xc8\v2.05\pic\sources\c90\common\doprnt.c estimated size: 217

./LCD4bits.h
		_Lcd_Write_String		CODE           	0EE2	0000	62
		_Lcd_Init      		CODE           	00E8	0000	92
		_Lcd_Write_Char		CODE           	0E6D	0000	58
		_Lcd_Cmd       		CODE           	0CBB	0000	27
		_Lcd_Set_Cursor		CODE           	0F61	0000	75
		_Lcd_Clear     		CODE           	0C85	0000	12
		_Lcd_Port      		CODE           	0CA1	0000	27

./LCD4bits.h estimated size: 353

C:\Program Files (x86)\Microchip\xc8\v2.05\pic\sources\c90\common\lwdiv.c
		___lwdiv       		CODE           	0EA6	0000	61

C:\Program Files (x86)\Microchip\xc8\v2.05\pic\sources\c90\common\lwdiv.c estimated size: 61

./UART.h
		_UART_TX_Empty 		CODE           	0C47	0000	7
		_UART_Init     		CODE           	0354	0000	215
		_UART_Write    		CODE           	0C7B	0000	11

./UART.h estimated size: 233

mainMaster.c
		_get_hall      		CODE           	0D49	0000	32
		_get_temp      		CODE           	02B1	0000	164
		_get_IR        		CODE           	0D0B	0000	32
		_main          		CODE           	0502	0000	756
		_get_day       		CODE           	0E01	0000	55
		_get_time      		CODE           	01A1	0000	130
		_open_door     		CODE           	0CF0	0000	28
		_setup         		CODE           	0F1F	0000	67
		_get_PIR       		CODE           	0D2A	0000	32
		_get_tripwire  		CODE           	0D68	0000	32
		_close_door    		CODE           	0CD5	0000	28

mainMaster.c estimated size: 1356

C:\Program Files (x86)\Microchip\xc8\v2.05\pic\sources\c90\common\Umul8.c
		___bmul        		CODE           	0C90	0000	18

C:\Program Files (x86)\Microchip\xc8\v2.05\pic\sources\c90\common\Umul8.c estimated size: 18

shared
		__stringtab    		STRING         	0003	0000	17
		_dpowers       		STRING         	0013	0000	11
		__initialization		CODE           	07F5	0000	8

shared estimated size: 36

C:\Program Files (x86)\Microchip\xc8\v2.05\pic\sources\c90\common\aldiv.c
		___aldiv       		CODE           	0222	0000	144

C:\Program Files (x86)\Microchip\xc8\v2.05\pic\sources\c90\common\aldiv.c estimated size: 144

C:\Program Files (x86)\Microchip\xc8\v2.05\pic\sources\c90\common\strcat.c
		_strcat        		CODE           	0D87	0000	37

C:\Program Files (x86)\Microchip\xc8\v2.05\pic\sources\c90\common\strcat.c estimated size: 37

./Oscilador.h
		_initOscilador 		CODE           	0FAB	0000	86

./Oscilador.h estimated size: 86

./I2C.h
		_I2C_Master_Read		CODE           	0DD5	0000	45
		_I2C_Master_Wait		CODE           	0C72	0000	10
		_I2C_Master_Init		CODE           	0E37	0000	55
		_I2C_Master_Stop		CODE           	0C54	0000	8
		_I2C_Master_RepeatedStart		CODE           	0C5B	0000	8
		_I2C_Master_Write		CODE           	0C62	0000	9
		_I2C_Master_Start		CODE           	0C4D	0000	8

./I2C.h estimated size: 143

C:\Program Files (x86)\Microchip\xc8\v2.05\pic\sources\c90\common\strcmp.c
		_strcmp        		CODE           	0DAB	0000	43

C:\Program Files (x86)\Microchip\xc8\v2.05\pic\sources\c90\common\strcmp.c estimated size: 43

C:\Program Files (x86)\Microchip\xc8\v2.05\pic\sources\c90\common\__lldiv.c
		___lldiv       		CODE           	0143	0000	95

C:\Program Files (x86)\Microchip\xc8\v2.05\pic\sources\c90\common\__lldiv.c estimated size: 95

C:\Program Files (x86)\Microchip\xc8\v2.05\pic\sources\c90\common\lwmod.c
		___lwmod       		CODE           	00B6	0000	51

C:\Program Files (x86)\Microchip\xc8\v2.05\pic\sources\c90\common\lwmod.c estimated size: 51

