Microchip MPLAB XC8 Compiler V2.05 ()

Linker command line:

-W-3 --edf=C:\Program Files (x86)\Microchip\xc8\v2.05\pic\dat\en_msgs.txt \
  -cs -h+dist/default/production\MasterProyecto.X.production.sym \
  --cmf=dist/default/production\MasterProyecto.X.production.cmf -z -Q16F887 \
  -oC:\Users\Alejandro Recancoj\AppData\Local\Temp\sgm8.2 \
  --defsym=__MPLAB_BUILD=1 \
  -Mdist/default/production/MasterProyecto.X.production.map -E1 -ver=XC8 \
  --acfsm=1493 -ASTACK=0110h-016Fh -pstack=STACK -ACODE=00h-07FFhx4 \
  -ASTRCODE=00h-01FFFh -ASTRING=00h-0FFhx32 -ACONST=00h-0FFhx32 \
  -AENTRY=00h-0FFhx32 -ACOMMON=070h-07Fh -ABANK0=020h-06Fh \
  -ABANK1=0A0h-0EFh -ABANK2=0110h-016Fh -ABANK3=0190h-01EFh \
  -ARAM=020h-06Fh,0A0h-0EFh,0110h-016Fh,0190h-01EFh \
  -AABS1=020h-07Fh,0A0h-0EFh,0110h-016Fh,0190h-01EFh -ASFR0=00h-01Fh \
  -ASFR1=080h-09Fh -ASFR2=0100h-010Fh -ASFR3=0180h-018Fh \
  -preset_vec=00h,intentry=04h,init,end_init -ppowerup=CODE -pcinit=CODE \
  -pfunctab=ENTRY -ACONFIG=02007h-02008h -pconfig=CONFIG -DCONFIG=2 \
  -AIDLOC=02000h-02003h -pidloc=IDLOC -DIDLOC=2 -AEEDATA=00h-0FFh/02100h \
  -peeprom_data=EEDATA -DEEDATA=2 -DCODE=2 -DSTRCODE=2 -DSTRING=2 -DCONST=2 \
  -DENTRY=2 -k C:\Users\Alejandro Recancoj\AppData\Local\Temp\sgm8.o \
  dist/default/production\MasterProyecto.X.production.o 

Object code version is 3.11

Machine type is 16F887



                Name                               Link     Load   Length Selector   Space Scale
C:\Users\Alejandro Recancoj\AppData\Local\Temp\sgm8.o
                end_init                              C        C        3        8       0
                reset_vec                             0        0        3        0       0
                config                             2007     2007        2     400E       0
dist/default/production\MasterProyecto.X.production.o
                cinit                                 F        F        E        8       0
                intentry                              4        4        8        8       0
                text40                              9CE      9CE       1F     139C       0
                text39                              964      964       1A     12C8       0
                text38                              97E      97E       1A     12FC       0
                text37                              948      948        B     1290       0
                text36                              CE8      CE8       50     19D0       0
                text35                              B63      B63       39     16C6       0
                text34                              C14      C14       41     1828       0
                text33                              90A      90A        6     1214       0
                text32                              93E      93E        A     127C       0
                text31                              7A3      7A3       5B      BE2       0
                text30                              C9B      C9B       4D     1936       0
                text29                              935      935        9     126A       0
                text28                              910      910        7     1220       0
                text27                              917      917        7     122E       0
                text26                              925      925        8     124A       0
                text25                              998      998       1B     1330       0
                text24                              AC9      AC9       2E     1592       0
                text23                              9ED      9ED       23     13DA       0
                text22                              A10      A10       23     1420       0
                text21                              91E      91E        7     123C       0
                text20                              B9C      B9C       3A     1738       0
                text19                              A33      A33       23     1466       0
                text18                              953      953       11     12A6       0
                text17                              BD6      BD6       3E     17AC       0
                text16                              AF7      AF7       34     15EE       0
                text15                              5F1      5F1       DA      BE2       0
                text14                              A79      A79       24     14F2       0
                text13                              F5D      F5D       A3     1EBA       0
                text12                              E45      E45       89     1C8A       0
                text11                              A56      A56       23     14AC       0
                text10                              9B3      9B3       1B     1366       0
                text9                               DE5      DE5       60     1BCA       0
                text8                               B2B      B2B       38     1656       0
                text7                               49F      49F       60        8       0
                text6                               ECE      ECE       8F     1D9C       0
                text5                               6CB      6CB       D8      BE2       0
                text4                               D38      D38       55     1A70       0
                text3                               D8D      D8D       58     1B1A       0
                text2                               A9D      A9D       2C     153A       0
                text1                               C55      C55       46     18AA       0
                maintext                             1D       1D      482        8       0
                cstackBANK0                          20       20       25       20       1
                cstackCOMMON                         70       70        8       70       1
                clrtext                             92D      92D        8     125A       0
                bssBANK0                             45       45       20       20       1
                bssCOMMON                            78       78        3       70       1
                strings                             500      500       F1      A00       0

TOTAL           Name                               Link     Load   Length     Space
        CLASS   STACK          

        CLASS   CODE           
                end_init                              C        C        3         0
                cinit                                 F        F        E         0
                intentry                              4        4        8         0
                reset_vec                             0        0        3         0
                text40                              9CE      9CE       1F         0
                text39                              964      964       1A         0
                text38                              97E      97E       1A         0
                text37                              948      948        B         0
                text36                              CE8      CE8       50         0
                text35                              B63      B63       39         0
                text34                              C14      C14       41         0
                text33                              90A      90A        6         0
                text32                              93E      93E        A         0
                text31                              7A3      7A3       5B         0
                text30                              C9B      C9B       4D         0
                text29                              935      935        9         0
                text28                              910      910        7         0
                text27                              917      917        7         0
                text26                              925      925        8         0
                text25                              998      998       1B         0
                text24                              AC9      AC9       2E         0
                text23                              9ED      9ED       23         0
                text22                              A10      A10       23         0
                text21                              91E      91E        7         0
                text20                              B9C      B9C       3A         0
                text19                              A33      A33       23         0
                text18                              953      953       11         0
                text17                              BD6      BD6       3E         0
                text16                              AF7      AF7       34         0
                text15                              5F1      5F1       DA         0
                text14                              A79      A79       24         0
                text13                              F5D      F5D       A3         0
                text12                              E45      E45       89         0
                text11                              A56      A56       23         0
                text10                              9B3      9B3       1B         0
                text9                               DE5      DE5       60         0
                text8                               B2B      B2B       38         0
                text7                               49F      49F       60         0
                text6                               ECE      ECE       8F         0
                text5                               6CB      6CB       D8         0
                text4                               D38      D38       55         0
                text3                               D8D      D8D       58         0
                text2                               A9D      A9D       2C         0
                text1                               C55      C55       46         0
                maintext                             1D       1D      482         0
                clrtext                             92D      92D        8         0

        CLASS   STRCODE        

        CLASS   STRING         
                strings                             500      500       F1         0

        CLASS   CONST          

        CLASS   ENTRY          

        CLASS   COMMON         
                cstackCOMMON                         70       70        8         1
                bssCOMMON                            78       78        3         1

        CLASS   BANK0          
                cstackBANK0                          20       20       25         1
                bssBANK0                             45       45       20         1

        CLASS   BANK1          

        CLASS   BANK2          

        CLASS   BANK3          

        CLASS   RAM            

        CLASS   ABS1           
                abs_s1                               7E       7E        2         1

        CLASS   SFR0           

        CLASS   SFR1           

        CLASS   SFR2           

        CLASS   SFR3           

        CLASS   CONFIG         
                config                             2007     2007        2         0

        CLASS   IDLOC          

        CLASS   EEDATA         



SEGMENTS        Name                           Load    Length   Top    Selector   Space  Class     Delta

                reset_vec                      000000  000003  000003         0       0  CODE        2
                intentry                       000004  0004FB  0004FF         8       0  CODE        2
                cstackBANK0                    000020  000045  000065        20       1  BANK0       1
                cstackCOMMON                   000070  00000B  00007B        70       1  COMMON      1
                strings                        000500  0000F1  0005F1       A00       0  STRING      2
                text15                         0005F1  00020D  0007FE       BE2       0  CODE        2
                text33                         00090A  000006  000910      1214       0  CODE        2
                text28                         000910  000007  000917      1220       0  CODE        2
                text27                         000917  000007  00091E      122E       0  CODE        2
                text21                         00091E  000007  000925      123C       0  CODE        2
                text26                         000925  000008  00092D      124A       0  CODE        2
                clrtext                        00092D  000008  000935      125A       0  CODE        2
                text29                         000935  000009  00093E      126A       0  CODE        2
                text32                         00093E  00000A  000948      127C       0  CODE        2
                text37                         000948  00000B  000953      1290       0  CODE        2
                text18                         000953  000011  000964      12A6       0  CODE        2
                text39                         000964  00001A  00097E      12C8       0  CODE        2
                text38                         00097E  00001A  000998      12FC       0  CODE        2
                text25                         000998  00001B  0009B3      1330       0  CODE        2
                text10                         0009B3  00001B  0009CE      1366       0  CODE        2
                text40                         0009CE  00001F  0009ED      139C       0  CODE        2
                text23                         0009ED  000023  000A10      13DA       0  CODE        2
                text22                         000A10  000023  000A33      1420       0  CODE        2
                text19                         000A33  000023  000A56      1466       0  CODE        2
                text11                         000A56  000023  000A79      14AC       0  CODE        2
                text14                         000A79  000024  000A9D      14F2       0  CODE        2
                text2                          000A9D  00002C  000AC9      153A       0  CODE        2
                text24                         000AC9  00002E  000AF7      1592       0  CODE        2
                text16                         000AF7  000034  000B2B      15EE       0  CODE        2
                text8                          000B2B  000038  000B63      1656       0  CODE        2
                text35                         000B63  000039  000B9C      16C6       0  CODE        2
                text20                         000B9C  00003A  000BD6      1738       0  CODE        2
                text17                         000BD6  00003E  000C14      17AC       0  CODE        2
                text34                         000C14  000041  000C55      1828       0  CODE        2
                text1                          000C55  000046  000C9B      18AA       0  CODE        2
                text30                         000C9B  00004D  000CE8      1936       0  CODE        2
                text36                         000CE8  000050  000D38      19D0       0  CODE        2
                text4                          000D38  000055  000D8D      1A70       0  CODE        2
                text3                          000D8D  000058  000DE5      1B1A       0  CODE        2
                text9                          000DE5  000060  000E45      1BCA       0  CODE        2
                text12                         000E45  000089  000ECE      1C8A       0  CODE        2
                text6                          000ECE  00008F  000F5D      1D9C       0  CODE        2
                text13                         000F5D  0000A3  001000      1EBA       0  CODE        2
                config                         002007  000002  002009      400E       0  CONFIG      2


UNUSED ADDRESS RANGES

        Name                Unused          Largest block    Delta
        BANK0            0065-006F              B           1
        BANK1            00A0-00EF             50           1
        BANK2            0110-016F             60           1
        BANK3            0190-01EF             60           1
        CODE             0003-0003              1           2
                         04FF-04FF              1
                         07FE-0909              2
                         1000-1FFF            800
        COMMON           007B-007D              3           1
        CONST            0003-0003              1           2
                         04FF-04FF              1
                         07FE-0909            100
                         1000-1FFF            100
        EEDATA           2100-21FF            100           2
        ENTRY            0003-0003              1           2
                         04FF-04FF              1
                         07FE-0909            100
                         1000-1FFF            100
        IDLOC            2000-2003              4           2
        RAM              0065-006F              B           1
                         00A0-00EF             50
                         0110-016F             60
                         0190-01EF             60
        SFR0             0000-001F             20           1
        SFR1             0080-009F             20           1
        SFR2             0100-010F             10           1
        SFR3             0180-018F             10           1
        STACK            0110-016F             60           1
        STRCODE          0003-0003              1           2
                         04FF-04FF              1
                         07FE-0909            10C
                         1000-1FFF           1000
        STRING           0003-0003              1           2
                         04FF-04FF              1
                         07FE-0909            100
                         1000-1FFF            100

                                  Symbol Table

?_I2C_Master_Read                  cstackCOMMON 0073
?___aldiv                          cstackBANK0  0020
?___awdiv                          cstackCOMMON 0073
?___awmod                          cstackCOMMON 0073
?___lldiv                          cstackBANK0  0020
?___lwdiv                          cstackCOMMON 0073
?___lwmod                          cstackBANK0  0023
?_sprintf                          cstackBANK0  0029
?_strcmp                           cstackCOMMON 0073
I2C_Master_Init@c                  cstackBANK0  002D
I2C_Master_Read@a                  cstackCOMMON 0073
I2C_Master_Read@temp               cstackBANK0  0020
I2C_Master_Write@d                 cstackCOMMON 0073
Lcd_Cmd@a                          cstackCOMMON 0076
Lcd_Port@a                         cstackCOMMON 0073
Lcd_Set_Cursor@a                   cstackBANK0  0022
Lcd_Set_Cursor@b                   cstackCOMMON 0077
Lcd_Set_Cursor@temp                cstackBANK0  0025
Lcd_Set_Cursor@y                   cstackBANK0  0024
Lcd_Set_Cursor@z                   cstackBANK0  0023
Lcd_Write_Char@a                   cstackCOMMON 0077
Lcd_Write_Char@temp                cstackCOMMON 0075
Lcd_Write_Char@y                   cstackCOMMON 0076
Lcd_Write_String@a                 cstackBANK0  0020
Lcd_Write_String@i                 cstackBANK0  0025
UART_Init@baudrate                 cstackBANK0  002E
UART_Init@x                        cstackCOMMON 0074
UART_Write@data                    cstackCOMMON 0073
_ANSEL                             (abs)        0188
_ANSELH                            (abs)        0189
_BRGH                              (abs)        04C2
_CREN                              (abs)        00C4
_GIE                               (abs)        005F
_I2C_Master_Init                   text8        0B2B
_I2C_Master_Read                   text24       0AC9
_I2C_Master_RepeatedStart          text21       091E
_I2C_Master_Start                  text28       0910
_I2C_Master_Stop                   text27       0917
_I2C_Master_Wait                   text29       0935
_I2C_Master_Write                  text26       0925
_INTCONbits                        (abs)        000B
_IR                                bssBANK0     0055
_Lcd_Clear                         text37       0948
_Lcd_Cmd                           text38       097E
_Lcd_Init                          text7        049F
_Lcd_Port                          text39       0964
_Lcd_Set_Cursor                    text36       0CE8
_Lcd_Write_Char                    text35       0B63
_Lcd_Write_String                  text34       0C14
_OPTION_REGbits                    (abs)        0081
_OSCCONbits                        (abs)        008F
_PEIE                              (abs)        005E
_PIR                               bssBANK0     0056
_PORTA                             (abs)        0005
_PORTAbits                         (abs)        0005
_PORTB                             (abs)        0006
_PORTBbits                         (abs)        0006
_PORTC                             (abs)        0007
_PORTCbits                         (abs)        0007
_PORTDbits                         (abs)        0008
_PORTE                             (abs)        0009
_PORTEbits                         (abs)        0009
_RCEN                              (abs)        048B
_RCIF                              (abs)        0065
_RCREG                             (abs)        001A
_RCSTAbits                         (abs)        0018
_SPBRG                             (abs)        0099
_SPEN                              (abs)        00C7
_SSPADD                            (abs)        0093
_SSPBUF                            (abs)        0013
_SSPCON                            (abs)        0014
_SSPCON2                           (abs)        0091
_SSPCON2bits                       (abs)        0091
_SSPCONbits                        (abs)        0014
_SSPIE                             (abs)        0463
_SSPIF                             (abs)        0063
_SSPSTAT                           (abs)        0094
_SYNC                              (abs)        04C4
_TMR0                              (abs)        0001
_TRISA                             (abs)        0085
_TRISB                             (abs)        0086
_TRISC                             (abs)        0087
_TRISC3                            (abs)        043B
_TRISC4                            (abs)        043C
_TRISC6                            (abs)        043E
_TRISC7                            (abs)        043F
_TRISCbits                         (abs)        0087
_TRISD                             (abs)        0088
_TRISE                             (abs)        0089
_TRMT                              (abs)        04C1
_TXEN                              (abs)        04C5
_TXREG                             (abs)        0019
_UART_Init                         text5        06CB
_UART_TX_Empty                     text33       090A
_UART_Write                        text32       093E
__CFG_BOR4V$BOR40V                 (abs)        0000
__CFG_BOREN$OFF                    (abs)        0000
__CFG_CP$OFF                       (abs)        0000
__CFG_CPD$OFF                      (abs)        0000
__CFG_FCMEN$OFF                    (abs)        0000
__CFG_FOSC$INTRC_NOCLKOUT          (abs)        0000
__CFG_IESO$OFF                     (abs)        0000
__CFG_LVP$OFF                      (abs)        0000
__CFG_MCLRE$ON                     (abs)        0000
__CFG_PWRTE$OFF                    (abs)        0000
__CFG_WDTE$OFF                     (abs)        0000
__CFG_WRT$OFF                      (abs)        0000
__Habs1                            abs1         0000
__Hbank0                           bank0        0000
__Hbank1                           bank1        0000
__Hbank2                           bank2        0000
__Hbank3                           bank3        0000
__HbssBANK0                        bssBANK0     0000
__HbssCOMMON                       bssCOMMON    0000
__Hcinit                           cinit        001D
__Hclrtext                         clrtext      0000
__Hcode                            code         0000
__Hcommon                          common       0000
__Hconfig                          config       2009
__HcstackBANK0                     cstackBANK0  0000
__HcstackCOMMON                    cstackCOMMON 0000
__Heeprom_data                     eeprom_data  0000
__Hend_init                        end_init     000F
__Hfunctab                         functab      0000
__Hidloc                           idloc        0000
__Hinit                            init         000C
__Hintentry                        intentry     000C
__Hmaintext                        maintext     0000
__Hpowerup                         powerup      0000
__Hram                             ram          0000
__Hreset_vec                       reset_vec    0003
__Hsfr0                            sfr0         0000
__Hsfr1                            sfr1         0000
__Hsfr2                            sfr2         0000
__Hsfr3                            sfr3         0000
__Hspace_0                         (abs)        2009
__Hspace_1                         (abs)        007B
__Hspace_2                         (abs)        0000
__Hspace_3                         (abs)        0000
__Hstack                           stack        0000
__Hstrings                         strings      0000
__Htext                            text         0000
__Labs1                            abs1         0000
__Lbank0                           bank0        0000
__Lbank1                           bank1        0000
__Lbank2                           bank2        0000
__Lbank3                           bank3        0000
__LbssBANK0                        bssBANK0     0000
__LbssCOMMON                       bssCOMMON    0000
__Lcinit                           cinit        000F
__Lclrtext                         clrtext      0000
__Lcode                            code         0000
__Lcommon                          common       0000
__Lconfig                          config       2007
__LcstackBANK0                     cstackBANK0  0000
__LcstackCOMMON                    cstackCOMMON 0000
__Leeprom_data                     eeprom_data  0000
__Lend_init                        end_init     000C
__Lfunctab                         functab      0000
__Lidloc                           idloc        0000
__Linit                            init         000C
__Lintentry                        intentry     0004
__Lmaintext                        maintext     0000
__Lpowerup                         powerup      0000
__Lram                             ram          0000
__Lreset_vec                       reset_vec    0000
__Lsfr0                            sfr0         0000
__Lsfr1                            sfr1         0000
__Lsfr2                            sfr2         0000
__Lsfr3                            sfr3         0000
__Lspace_0                         (abs)        0000
__Lspace_1                         (abs)        0000
__Lspace_2                         (abs)        0000
__Lspace_3                         (abs)        0000
__Lstack                           stack        0000
__Lstrings                         strings      0000
__Ltext                            text         0000
__S0                               (abs)        2009
__S1                               (abs)        007B
__S2                               (abs)        0000
__S3                               (abs)        0000
___aldiv                           text6        0ECE
___aldiv@counter                   cstackBANK0  0028
___aldiv@dividend                  cstackBANK0  0024
___aldiv@divisor                   cstackBANK0  0020
___aldiv@quotient                  cstackBANK0  002A
___aldiv@sign                      cstackBANK0  0029
___awdiv                           text31       07A3
___awdiv@counter                   cstackBANK0  0020
___awdiv@dividend                  cstackCOMMON 0075
___awdiv@divisor                   cstackCOMMON 0073
___awdiv@quotient                  cstackBANK0  0022
___awdiv@sign                      cstackBANK0  0021
___awmod                           text30       0C9B
___awmod@counter                   cstackBANK0  0020
___awmod@dividend                  cstackCOMMON 0075
___awmod@divisor                   cstackCOMMON 0073
___awmod@sign                      cstackBANK0  0021
___bmul                            text18       0953
___bmul@multiplicand               cstackCOMMON 0073
___bmul@multiplier                 cstackCOMMON 0076
___bmul@product                    cstackCOMMON 0075
___int_sp                          stack        0000
___latbits                         (abs)        0002
___lldiv                           text9        0DE5
___lldiv@counter                   cstackBANK0  002C
___lldiv@dividend                  cstackBANK0  0024
___lldiv@divisor                   cstackBANK0  0020
___lldiv@quotient                  cstackBANK0  0028
___lwdiv                           text17       0BD6
___lwdiv@counter                   cstackBANK0  0020
___lwdiv@dividend                  cstackCOMMON 0075
___lwdiv@divisor                   cstackCOMMON 0073
___lwdiv@quotient                  cstackBANK0  0021
___lwmod                           text16       0AF7
___lwmod@counter                   cstackBANK0  0028
___lwmod@dividend                  cstackBANK0  0025
___lwmod@divisor                   cstackBANK0  0023
___sp                              stack        0000
___stackhi                         (abs)        0000
___stacklo                         (abs)        0000
__end_of_I2C_Master_Init           text8        0B63
__end_of_I2C_Master_Read           text24       0AF7
__end_of_I2C_Master_RepeatedStart  text21       0925
__end_of_I2C_Master_Start          text28       0917
__end_of_I2C_Master_Stop           text27       091E
__end_of_I2C_Master_Wait           text29       093E
__end_of_I2C_Master_Write          text26       092D
__end_of_Lcd_Clear                 text37       0953
__end_of_Lcd_Cmd                   text38       0998
__end_of_Lcd_Init                  text7        04FF
__end_of_Lcd_Port                  text39       097E
__end_of_Lcd_Set_Cursor            text36       0D38
__end_of_Lcd_Write_Char            text35       0B9C
__end_of_Lcd_Write_String          text34       0C55
__end_of_UART_Init                 text5        07A3
__end_of_UART_TX_Empty             text33       0910
__end_of_UART_Write                text32       0948
__end_of___aldiv                   text6        0F5D
__end_of___awdiv                   text31       07FE
__end_of___awmod                   text30       0CE8
__end_of___bmul                    text18       0964
__end_of___lldiv                   text9        0E45
__end_of___lwdiv                   text17       0C14
__end_of___lwmod                   text16       0B2B
__end_of__initialization           cinit        0019
__end_of__stringtab                strings      0510
__end_of_close_door                text25       09B3
__end_of_dpowers                   strings      051A
__end_of_get_IR                    text23       0A10
__end_of_get_PIR                   text22       0A33
__end_of_get_day                   text20       0BD6
__end_of_get_hall                  text19       0A56
__end_of_get_temp                  text13       1000
__end_of_get_time                  text12       0ECE
__end_of_get_tripwire              text11       0A79
__end_of_initOscilador             text4        0D8D
__end_of_main                      maintext     049F
__end_of_manual_pwm                text40       09ED
__end_of_open_door                 text10       09CE
__end_of_setup                     text3        0DE5
__end_of_sprintf                   text15       06CB
__end_of_strcat                    text14       0A9D
__end_of_strcmp                    text2        0AC9
__end_of_write_RTC                 text1        0C9B
__initialization                   cinit        000F
__pbssBANK0                        bssBANK0     0045
__pbssCOMMON                       bssCOMMON    0078
__pcstackBANK0                     cstackBANK0  0020
__pcstackCOMMON                    cstackCOMMON 0070
__pintentry                        intentry     0004
__pmaintext                        maintext     001D
__pstrings                         strings      0500
__ptext1                           text1        0C55
__ptext10                          text10       09B3
__ptext11                          text11       0A56
__ptext12                          text12       0E45
__ptext13                          text13       0F5D
__ptext14                          text14       0A79
__ptext15                          text15       05F1
__ptext16                          text16       0AF7
__ptext17                          text17       0BD6
__ptext18                          text18       0953
__ptext19                          text19       0A33
__ptext2                           text2        0A9D
__ptext20                          text20       0B9C
__ptext21                          text21       091E
__ptext22                          text22       0A10
__ptext23                          text23       09ED
__ptext24                          text24       0AC9
__ptext25                          text25       0998
__ptext26                          text26       0925
__ptext27                          text27       0917
__ptext28                          text28       0910
__ptext29                          text29       0935
__ptext3                           text3        0D8D
__ptext30                          text30       0C9B
__ptext31                          text31       07A3
__ptext32                          text32       093E
__ptext33                          text33       090A
__ptext34                          text34       0C14
__ptext35                          text35       0B63
__ptext36                          text36       0CE8
__ptext37                          text37       0948
__ptext38                          text38       097E
__ptext39                          text39       0964
__ptext4                           text4        0D38
__ptext40                          text40       09CE
__ptext5                           text5        06CB
__ptext6                           text6        0ECE
__ptext7                           text7        049F
__ptext8                           text8        0B2B
__ptext9                           text9        0DE5
__size_of_I2C_Master_Init          (abs)        0000
__size_of_I2C_Master_Read          (abs)        0000
__size_of_I2C_Master_RepeatedStart (abs)        0000
__size_of_I2C_Master_Start         (abs)        0000
__size_of_I2C_Master_Stop          (abs)        0000
__size_of_I2C_Master_Wait          (abs)        0000
__size_of_I2C_Master_Write         (abs)        0000
__size_of_Lcd_Clear                (abs)        0000
__size_of_Lcd_Cmd                  (abs)        0000
__size_of_Lcd_Init                 (abs)        0000
__size_of_Lcd_Port                 (abs)        0000
__size_of_Lcd_Set_Cursor           (abs)        0000
__size_of_Lcd_Write_Char           (abs)        0000
__size_of_Lcd_Write_String         (abs)        0000
__size_of_UART_Init                (abs)        0000
__size_of_UART_TX_Empty            (abs)        0000
__size_of_UART_Write               (abs)        0000
__size_of___aldiv                  (abs)        0000
__size_of___awdiv                  (abs)        0000
__size_of___awmod                  (abs)        0000
__size_of___bmul                   (abs)        0000
__size_of___lldiv                  (abs)        0000
__size_of___lwdiv                  (abs)        0000
__size_of___lwmod                  (abs)        0000
__size_of_close_door               (abs)        0000
__size_of_get_IR                   (abs)        0000
__size_of_get_PIR                  (abs)        0000
__size_of_get_day                  (abs)        0000
__size_of_get_hall                 (abs)        0000
__size_of_get_temp                 (abs)        0000
__size_of_get_time                 (abs)        0000
__size_of_get_tripwire             (abs)        0000
__size_of_initOscilador            (abs)        0000
__size_of_main                     (abs)        0000
__size_of_manual_pwm               (abs)        0000
__size_of_open_door                (abs)        0000
__size_of_setup                    (abs)        0000
__size_of_sprintf                  (abs)        0000
__size_of_strcat                   (abs)        0000
__size_of_strcmp                   (abs)        0000
__size_of_write_RTC                (abs)        0000
__stringbase                       strings      050F
__stringtab                        strings      0500
_alarm                             bssBANK0     004D
_bank                              bssBANK0     004C
_change                            bssBANK0     0051
_change1                           bssBANK0     0050
_change2                           bssBANK0     004F
_close_door                        text25       0998
_cont                              bssBANK0     004B
_day1                              bssBANK0     0054
_day2                              bssBANK0     0058
_door                              bssCOMMON    007A
_dpowers                           strings      0510
_get_IR                            text23       09ED
_get_PIR                           text22       0A10
_get_day                           text20       0B9C
_get_hall                          text19       0A33
_get_temp                          text13       0F5D
_get_time                          text12       0E45
_get_tripwire                      text11       0A56
_hour                              bssBANK0     0049
_i                                 bssBANK0     0053
_initOscilador                     text4        0D38
_j                                 bssBANK0     0052
_main                              maintext     001D
_manual_pwm                        text40       09CE
_min                               bssBANK0     0048
_newhour                           bssCOMMON    0078
_newmin                            bssBANK0     0047
_open_door                         text10       09B3
_setup                             text3        0D8D
_sprintf                           text15       05F1
_state                             bssCOMMON    0079
_strcat                            text14       0A79
_strcmp                            text2        0A9D
_temp                              bssBANK0     0059
_time                              bssBANK0     005F
_trip                              bssBANK0     0057
_val                               bssBANK0     004A
_write_RTC                         text1        0C55
btemp                              (abs)        007E
clear_ram0                         clrtext      092D
end_of_initialization              cinit        0019
get_IR@IR                          cstackBANK0  0022
get_PIR@PIR                        cstackBANK0  0022
get_day@d                          cstackBANK0  0022
get_hall@key                       cstackBANK0  0022
get_temp@decimal                   cstackBANK0  0039
get_temp@tempLSB                   cstackBANK0  003E
get_temp@tempMSB                   cstackBANK0  003C
get_temp@temp_string               cstackBANK0  003D
get_time@hour                      cstackBANK0  0024
get_time@min                       cstackBANK0  0025
get_time@time_string               cstackBANK0  0026
get_tripwire@trip                  cstackBANK0  0022
initOscilador@option               cstackCOMMON 0075
interrupt_function                 intentry     0004
intlevel0                          functab      0000
intlevel1                          functab      0000
intlevel2                          functab      0000
intlevel3                          functab      0000
intlevel4                          functab      0000
intlevel5                          functab      0000
reset_vec                          reset_vec    0000
saved_w                            (abs)        007E
sprintf@ap                         cstackBANK0  002F
sprintf@c                          cstackBANK0  0035
sprintf@f                          cstackBANK0  0029
sprintf@flag                       cstackBANK0  0030
sprintf@prec                       cstackBANK0  0031
sprintf@sp                         cstackBANK0  0034
sprintf@val                        cstackBANK0  0032
start                              init         000C
start_initialization               cinit        000F
strcat@cp                          cstackCOMMON 0076
strcat@from                        cstackCOMMON 0073
strcat@to                          cstackCOMMON 0075
strcmp@r                           cstackBANK0  0020
strcmp@s1                          cstackBANK0  0021
strcmp@s2                          cstackCOMMON 0073
write_RTC@day                      cstackCOMMON 0076
write_RTC@hour                     cstackCOMMON 0077
write_RTC@minutes                  cstackCOMMON 0075
wtemp0                             (abs)        007E


FUNCTION INFORMATION:

 *************** function _main *****************
 Defined at:
		line 78 in file "mainMaster.c"
 Parameters:    Size  Location     Type
		None
 Auto vars:     Size  Location     Type
		None
 Return value:  Size  Location     Type
                  1    wreg      void 
 Registers used:
		wreg, fsr0l, fsr0h, status,2, status,0, btemp+1, pclath, cstack
 Tracked objects:
		On entry : 
		On exit  : 
		Unchanged: 
 Data sizes:     COMMON   BANK0   BANK1   BANK3   BANK2
      Params:         0       0       0       0       0
      Locals:         0       0       0       0       0
      Temps:          0       6       0       0       0
      Totals:         0       6       0       0       0
Total ram usage:        6 bytes
 Hardware stack levels required when called:    5
 This function calls:
		_Lcd_Clear
		_Lcd_Set_Cursor
		_Lcd_Write_Char
		_Lcd_Write_String
		_UART_TX_Empty
		_UART_Write
		___awdiv
		___awmod
		___bmul
		_close_door
		_get_IR
		_get_PIR
		_get_day
		_get_hall
		_get_temp
		_get_time
		_get_tripwire
		_open_door
		_setup
		_strcmp
		_write_RTC
 This function is called by:
		Startup code after reset
 This function uses a non-reentrant model


 *************** function _write_RTC *****************
 Defined at:
		line 382 in file "mainMaster.c"
 Parameters:    Size  Location     Type
  hour            1    wreg     unsigned char 
  minutes         1    5[COMMON] unsigned char 
  day             1    6[COMMON] unsigned char 
 Auto vars:     Size  Location     Type
  hour            1    7[COMMON] unsigned char 
 Return value:  Size  Location     Type
                  1    wreg      void 
 Registers used:
		wreg, status,2, status,0, pclath, cstack
 Tracked objects:
		On entry : 
		On exit  : 
		Unchanged: 
 Data sizes:     COMMON   BANK0   BANK1   BANK3   BANK2
      Params:         2       0       0       0       0
      Locals:         1       0       0       0       0
      Temps:          0       2       0       0       0
      Totals:         3       2       0       0       0
Total ram usage:        5 bytes
 Hardware stack levels used:    1
 Hardware stack levels required when called:    3
 This function calls:
		_I2C_Master_Start
		_I2C_Master_Stop
		_I2C_Master_Write
 This function is called by:
		_main
 This function uses a non-reentrant model


 *************** function _strcmp *****************
 Defined at:
		line 33 in file "C:\Program Files (x86)\Microchip\xc8\v2.05\pic\sources\c90\common\strcmp.c"
 Parameters:    Size  Location     Type
  s1              1    wreg     PTR const unsigned char 
		 -> temp(6), 
  s2              1    3[COMMON] PTR const unsigned char 
		 -> STR_11(6), 
 Auto vars:     Size  Location     Type
  s1              1    1[BANK0 ] PTR const unsigned char 
		 -> temp(6), 
  r               1    0[BANK0 ] char 
 Return value:  Size  Location     Type
                  2    3[COMMON] int 
 Registers used:
		wreg, fsr0l, fsr0h, status,2, status,0, pclath
 Tracked objects:
		On entry : 
		On exit  : 
		Unchanged: 
 Data sizes:     COMMON   BANK0   BANK1   BANK3   BANK2
      Params:         2       0       0       0       0
      Locals:         0       2       0       0       0
      Temps:          3       0       0       0       0
      Totals:         5       2       0       0       0
Total ram usage:        7 bytes
 Hardware stack levels used:    2
 Hardware stack levels required when called:    1
 This function calls:
		Nothing
 This function is called by:
		_main
 This function uses a non-reentrant model


 *************** function _setup *****************
 Defined at:
		line 348 in file "mainMaster.c"
 Parameters:    Size  Location     Type
		None
 Auto vars:     Size  Location     Type
		None
 Return value:  Size  Location     Type
                  1    wreg      void 
 Registers used:
		wreg, fsr0l, fsr0h, status,2, status,0, pclath, cstack
 Tracked objects:
		On entry : 
		On exit  : 
		Unchanged: 
 Data sizes:     COMMON   BANK0   BANK1   BANK3   BANK2
      Params:         0       0       0       0       0
      Locals:         0       0       0       0       0
      Temps:          0       0       0       0       0
      Totals:         0       0       0       0       0
Total ram usage:        0 bytes
 Hardware stack levels used:    1
 Hardware stack levels required when called:    4
 This function calls:
		_I2C_Master_Init
		_Lcd_Init
		_UART_Init
		_initOscilador
 This function is called by:
		_main
 This function uses a non-reentrant model


 *************** function _initOscilador *****************
 Defined at:
		line 11 in file "./Oscilador.h"
 Parameters:    Size  Location     Type
  option          1    wreg     unsigned char 
 Auto vars:     Size  Location     Type
  option          1    5[COMMON] unsigned char 
 Return value:  Size  Location     Type
                  1    wreg      void 
 Registers used:
		wreg, fsr0l, fsr0h, status,2, status,0
 Tracked objects:
		On entry : 
		On exit  : 
		Unchanged: 
 Data sizes:     COMMON   BANK0   BANK1   BANK3   BANK2
      Params:         0       0       0       0       0
      Locals:         1       0       0       0       0
      Temps:          2       0       0       0       0
      Totals:         3       0       0       0       0
Total ram usage:        3 bytes
 Hardware stack levels used:    1
 Hardware stack levels required when called:    1
 This function calls:
		Nothing
 This function is called by:
		_setup
 This function uses a non-reentrant model


 *************** function _UART_Init *****************
 Defined at:
		line 8 in file "./UART.h"
 Parameters:    Size  Location     Type
  baudrate        4   14[BANK0 ] const long 
 Auto vars:     Size  Location     Type
  x               2    4[COMMON] unsigned int 
 Return value:  Size  Location     Type
                  1    wreg      unsigned char 
 Registers used:
		wreg, status,2, status,0, pclath, cstack
 Tracked objects:
		On entry : 
		On exit  : 
		Unchanged: 
 Data sizes:     COMMON   BANK0   BANK1   BANK3   BANK2
      Params:         0       4       0       0       0
      Locals:         2       0       0       0       0
      Temps:          0      12       0       0       0
      Totals:         2      16       0       0       0
Total ram usage:       18 bytes
 Hardware stack levels used:    1
 Hardware stack levels required when called:    2
 This function calls:
		___aldiv
 This function is called by:
		_setup
 This function uses a non-reentrant model


 *************** function ___aldiv *****************
 Defined at:
		line 5 in file "C:\Program Files (x86)\Microchip\xc8\v2.05\pic\sources\c90\common\aldiv.c"
 Parameters:    Size  Location     Type
  divisor         4    0[BANK0 ] long 
  dividend        4    4[BANK0 ] long 
 Auto vars:     Size  Location     Type
  quotient        4   10[BANK0 ] long 
  sign            1    9[BANK0 ] unsigned char 
  counter         1    8[BANK0 ] unsigned char 
 Return value:  Size  Location     Type
                  4    0[BANK0 ] long 
 Registers used:
		wreg, status,2, status,0
 Tracked objects:
		On entry : 
		On exit  : 
		Unchanged: 
 Data sizes:     COMMON   BANK0   BANK1   BANK3   BANK2
      Params:         0       8       0       0       0
      Locals:         0       6       0       0       0
      Temps:          1       0       0       0       0
      Totals:         1      14       0       0       0
Total ram usage:       15 bytes
 Hardware stack levels used:    1
 Hardware stack levels required when called:    1
 This function calls:
		Nothing
 This function is called by:
		_UART_Init
 This function uses a non-reentrant model


 *************** function _Lcd_Init *****************
 Defined at:
		line 65 in file "./LCD4bits.h"
 Parameters:    Size  Location     Type
		None
 Auto vars:     Size  Location     Type
		None
 Return value:  Size  Location     Type
                  1    wreg      void 
 Registers used:
		wreg, status,2, status,0, pclath, cstack
 Tracked objects:
		On entry : 
		On exit  : 
		Unchanged: 
 Data sizes:     COMMON   BANK0   BANK1   BANK3   BANK2
      Params:         0       0       0       0       0
      Locals:         0       0       0       0       0
      Temps:          0       2       0       0       0
      Totals:         0       2       0       0       0
Total ram usage:        2 bytes
 Hardware stack levels used:    1
 Hardware stack levels required when called:    3
 This function calls:
		_Lcd_Cmd
		_Lcd_Port
 This function is called by:
		_setup
 This function uses a non-reentrant model


 *************** function _I2C_Master_Init *****************
 Defined at:
		line 16 in file "./I2C.h"
 Parameters:    Size  Location     Type
  c               4   13[BANK0 ] const unsigned long 
 Auto vars:     Size  Location     Type
		None
 Return value:  Size  Location     Type
                  1    wreg      void 
 Registers used:
		wreg, status,2, status,0, pclath, cstack
 Tracked objects:
		On entry : 
		On exit  : 
		Unchanged: 
 Data sizes:     COMMON   BANK0   BANK1   BANK3   BANK2
      Params:         0       4       0       0       0
      Locals:         0       0       0       0       0
      Temps:          4       0       0       0       0
      Totals:         4       4       0       0       0
Total ram usage:        8 bytes
 Hardware stack levels used:    1
 Hardware stack levels required when called:    2
 This function calls:
		___lldiv
 This function is called by:
		_setup
 This function uses a non-reentrant model


 *************** function ___lldiv *****************
 Defined at:
		line 5 in file "C:\Program Files (x86)\Microchip\xc8\v2.05\pic\sources\c90\common\__lldiv.c"
 Parameters:    Size  Location     Type
  divisor         4    0[BANK0 ] unsigned long 
  dividend        4    4[BANK0 ] unsigned long 
 Auto vars:     Size  Location     Type
  quotient        4    8[BANK0 ] unsigned long 
  counter         1   12[BANK0 ] unsigned char 
 Return value:  Size  Location     Type
                  4    0[BANK0 ] unsigned long 
 Registers used:
		wreg, status,2, status,0
 Tracked objects:
		On entry : 
		On exit  : 
		Unchanged: 
 Data sizes:     COMMON   BANK0   BANK1   BANK3   BANK2
      Params:         0       8       0       0       0
      Locals:         0       5       0       0       0
      Temps:          1       0       0       0       0
      Totals:         1      13       0       0       0
Total ram usage:       14 bytes
 Hardware stack levels used:    1
 Hardware stack levels required when called:    1
 This function calls:
		Nothing
 This function is called by:
		_I2C_Master_Init
 This function uses a non-reentrant model


 *************** function _open_door *****************
 Defined at:
		line 504 in file "mainMaster.c"
 Parameters:    Size  Location     Type
		None
 Auto vars:     Size  Location     Type
		None
 Return value:  Size  Location     Type
                  1    wreg      void 
 Registers used:
		wreg, status,2, status,0, pclath, cstack
 Tracked objects:
		On entry : 
		On exit  : 
		Unchanged: 
 Data sizes:     COMMON   BANK0   BANK1   BANK3   BANK2
      Params:         0       0       0       0       0
      Locals:         0       0       0       0       0
      Temps:          0       0       0       0       0
      Totals:         0       0       0       0       0
Total ram usage:        0 bytes
 Hardware stack levels used:    1
 Hardware stack levels required when called:    3
 This function calls:
		_I2C_Master_Start
		_I2C_Master_Stop
		_I2C_Master_Write
 This function is called by:
		_main
 This function uses a non-reentrant model


 *************** function _get_tripwire *****************
 Defined at:
		line 468 in file "mainMaster.c"
 Parameters:    Size  Location     Type
		None
 Auto vars:     Size  Location     Type
  trip            1    2[BANK0 ] unsigned char 
 Return value:  Size  Location     Type
                  1    wreg      unsigned char 
 Registers used:
		wreg, status,2, status,0, pclath, cstack
 Tracked objects:
		On entry : 
		On exit  : 
		Unchanged: 
 Data sizes:     COMMON   BANK0   BANK1   BANK3   BANK2
      Params:         0       0       0       0       0
      Locals:         0       1       0       0       0
      Temps:          1       0       0       0       0
      Totals:         1       1       0       0       0
Total ram usage:        2 bytes
 Hardware stack levels used:    1
 Hardware stack levels required when called:    3
 This function calls:
		_I2C_Master_Read
		_I2C_Master_Start
		_I2C_Master_Stop
		_I2C_Master_Write
 This function is called by:
		_main
 This function uses a non-reentrant model


 *************** function _get_time *****************
 Defined at:
		line 393 in file "mainMaster.c"
 Parameters:    Size  Location     Type
  time_string     1    wreg     PTR unsigned char 
		 -> time(6), 
 Auto vars:     Size  Location     Type
  time_string     1    6[BANK0 ] PTR unsigned char 
		 -> time(6), 
  min             1    5[BANK0 ] unsigned char 
  hour            1    4[BANK0 ] unsigned char 
 Return value:  Size  Location     Type
                  1    wreg      void 
 Registers used:
		wreg, fsr0l, fsr0h, status,2, status,0, pclath, cstack
 Tracked objects:
		On entry : 
		On exit  : 
		Unchanged: 
 Data sizes:     COMMON   BANK0   BANK1   BANK3   BANK2
      Params:         0       0       0       0       0
      Locals:         0       3       0       0       0
      Temps:          0       2       0       0       0
      Totals:         0       5       0       0       0
Total ram usage:        5 bytes
 Hardware stack levels used:    1
 Hardware stack levels required when called:    3
 This function calls:
		_I2C_Master_Read
		_I2C_Master_RepeatedStart
		_I2C_Master_Start
		_I2C_Master_Stop
		_I2C_Master_Write
 This function is called by:
		_main
 This function uses a non-reentrant model


 *************** function _get_temp *****************
 Defined at:
		line 429 in file "mainMaster.c"
 Parameters:    Size  Location     Type
  temp_string     1    wreg     PTR unsigned char 
		 -> temp(6), 
 Auto vars:     Size  Location     Type
  temp_string     1   29[BANK0 ] PTR unsigned char 
		 -> temp(6), 
  decimal         3   25[BANK0 ] unsigned char [3]
  tempLSB         1   30[BANK0 ] unsigned char 
  tempMSB         1   28[BANK0 ] unsigned char 
 Return value:  Size  Location     Type
                  1    wreg      void 
 Registers used:
		wreg, fsr0l, fsr0h, status,2, status,0, btemp+1, pclath, cstack
 Tracked objects:
		On entry : 
		On exit  : 
		Unchanged: 
 Data sizes:     COMMON   BANK0   BANK1   BANK3   BANK2
      Params:         0       0       0       0       0
      Locals:         0       6       0       0       0
      Temps:          0       3       0       0       0
      Totals:         0       9       0       0       0
Total ram usage:        9 bytes
 Hardware stack levels used:    1
 Hardware stack levels required when called:    3
 This function calls:
		_I2C_Master_Read
		_I2C_Master_RepeatedStart
		_I2C_Master_Start
		_I2C_Master_Stop
		_I2C_Master_Write
		___bmul
		_sprintf
		_strcat
 This function is called by:
		_main
 This function uses a non-reentrant model


 *************** function _strcat *****************
 Defined at:
		line 8 in file "C:\Program Files (x86)\Microchip\xc8\v2.05\pic\sources\c90\common\strcat.c"
 Parameters:    Size  Location     Type
  to              1    wreg     PTR unsigned char 
		 -> temp(6), 
  from            1    3[COMMON] PTR const unsigned char 
		 -> get_temp@decimal(3), 
 Auto vars:     Size  Location     Type
  to              1    5[COMMON] PTR unsigned char 
		 -> temp(6), 
  cp              1    6[COMMON] PTR unsigned char 
		 -> temp(6), 
 Return value:  Size  Location     Type
                  1    wreg      PTR unsigned char 
 Registers used:
		wreg, fsr0l, fsr0h, status,2, status,0
 Tracked objects:
		On entry : 
		On exit  : 
		Unchanged: 
 Data sizes:     COMMON   BANK0   BANK1   BANK3   BANK2
      Params:         1       0       0       0       0
      Locals:         2       0       0       0       0
      Temps:          1       0       0       0       0
      Totals:         4       0       0       0       0
Total ram usage:        4 bytes
 Hardware stack levels used:    1
 Hardware stack levels required when called:    1
 This function calls:
		Nothing
 This function is called by:
		_get_temp
 This function uses a non-reentrant model


 *************** function _sprintf *****************
 Defined at:
		line 500 in file "C:\Program Files (x86)\Microchip\xc8\v2.05\pic\sources\c90\common\doprnt.c"
 Parameters:    Size  Location     Type
  sp              1    wreg     PTR unsigned char 
		 -> get_temp@decimal(3), temp(6), 
  f               1    9[BANK0 ] PTR const unsigned char 
		 -> STR_26(4), STR_25(5), STR_24(3), 
 Auto vars:     Size  Location     Type
  sp              1   20[BANK0 ] PTR unsigned char 
		 -> get_temp@decimal(3), temp(6), 
  tmpval          4    0        struct .
  val             2   18[BANK0 ] unsigned int 
  cp              2    0        PTR const unsigned char 
  len             2    0        unsigned int 
  c               1   21[BANK0 ] unsigned char 
  prec            1   17[BANK0 ] char 
  flag            1   16[BANK0 ] unsigned char 
  ap              1   15[BANK0 ] PTR void [1]
		 -> ?_sprintf(2), 
 Return value:  Size  Location     Type
                  2    9[BANK0 ] int 
 Registers used:
		wreg, fsr0l, fsr0h, status,2, status,0, btemp+1, pclath, cstack
 Tracked objects:
		On entry : 
		On exit  : 
		Unchanged: 
 Data sizes:     COMMON   BANK0   BANK1   BANK3   BANK2
      Params:         0       3       0       0       0
      Locals:         0       7       0       0       0
      Temps:          0       3       0       0       0
      Totals:         0      13       0       0       0
Total ram usage:       13 bytes
 Hardware stack levels used:    1
 Hardware stack levels required when called:    2
 This function calls:
		___lwdiv
		___lwmod
 This function is called by:
		_get_temp
 This function uses a non-reentrant model


 *************** function ___lwmod *****************
 Defined at:
		line 5 in file "C:\Program Files (x86)\Microchip\xc8\v2.05\pic\sources\c90\common\lwmod.c"
 Parameters:    Size  Location     Type
  divisor         2    3[BANK0 ] unsigned int 
  dividend        2    5[BANK0 ] unsigned int 
 Auto vars:     Size  Location     Type
  counter         1    8[BANK0 ] unsigned char 
 Return value:  Size  Location     Type
                  2    3[BANK0 ] unsigned int 
 Registers used:
		wreg, status,2, status,0
 Tracked objects:
		On entry : 
		On exit  : 
		Unchanged: 
 Data sizes:     COMMON   BANK0   BANK1   BANK3   BANK2
      Params:         0       4       0       0       0
      Locals:         0       1       0       0       0
      Temps:          0       1       0       0       0
      Totals:         0       6       0       0       0
Total ram usage:        6 bytes
 Hardware stack levels used:    1
 Hardware stack levels required when called:    1
 This function calls:
		Nothing
 This function is called by:
		_sprintf
 This function uses a non-reentrant model


 *************** function ___lwdiv *****************
 Defined at:
		line 5 in file "C:\Program Files (x86)\Microchip\xc8\v2.05\pic\sources\c90\common\lwdiv.c"
 Parameters:    Size  Location     Type
  divisor         2    3[COMMON] unsigned int 
  dividend        2    5[COMMON] unsigned int 
 Auto vars:     Size  Location     Type
  quotient        2    1[BANK0 ] unsigned int 
  counter         1    0[BANK0 ] unsigned char 
 Return value:  Size  Location     Type
                  2    3[COMMON] unsigned int 
 Registers used:
		wreg, status,2, status,0
 Tracked objects:
		On entry : 
		On exit  : 
		Unchanged: 
 Data sizes:     COMMON   BANK0   BANK1   BANK3   BANK2
      Params:         4       0       0       0       0
      Locals:         0       3       0       0       0
      Temps:          1       0       0       0       0
      Totals:         5       3       0       0       0
Total ram usage:        8 bytes
 Hardware stack levels used:    1
 Hardware stack levels required when called:    1
 This function calls:
		Nothing
 This function is called by:
		_sprintf
 This function uses a non-reentrant model


 *************** function ___bmul *****************
 Defined at:
		line 4 in file "C:\Program Files (x86)\Microchip\xc8\v2.05\pic\sources\c90\common\Umul8.c"
 Parameters:    Size  Location     Type
  multiplier      1    wreg     unsigned char 
  multiplicand    1    3[COMMON] unsigned char 
 Auto vars:     Size  Location     Type
  multiplier      1    6[COMMON] unsigned char 
  product         1    5[COMMON] unsigned char 
 Return value:  Size  Location     Type
                  1    wreg      unsigned char 
 Registers used:
		wreg, status,2, status,0
 Tracked objects:
		On entry : 
		On exit  : 
		Unchanged: 
 Data sizes:     COMMON   BANK0   BANK1   BANK3   BANK2
      Params:         1       0       0       0       0
      Locals:         2       0       0       0       0
      Temps:          1       0       0       0       0
      Totals:         4       0       0       0       0
Total ram usage:        4 bytes
 Hardware stack levels used:    1
 Hardware stack levels required when called:    1
 This function calls:
		Nothing
 This function is called by:
		_main
		_get_temp
 This function uses a non-reentrant model


 *************** function _get_hall *****************
 Defined at:
		line 456 in file "mainMaster.c"
 Parameters:    Size  Location     Type
		None
 Auto vars:     Size  Location     Type
  key             1    2[BANK0 ] unsigned char 
 Return value:  Size  Location     Type
                  1    wreg      unsigned char 
 Registers used:
		wreg, status,2, status,0, pclath, cstack
 Tracked objects:
		On entry : 
		On exit  : 
		Unchanged: 
 Data sizes:     COMMON   BANK0   BANK1   BANK3   BANK2
      Params:         0       0       0       0       0
      Locals:         0       1       0       0       0
      Temps:          1       0       0       0       0
      Totals:         1       1       0       0       0
Total ram usage:        2 bytes
 Hardware stack levels used:    1
 Hardware stack levels required when called:    3
 This function calls:
		_I2C_Master_Read
		_I2C_Master_Start
		_I2C_Master_Stop
		_I2C_Master_Write
 This function is called by:
		_main
 This function uses a non-reentrant model


 *************** function _get_day *****************
 Defined at:
		line 414 in file "mainMaster.c"
 Parameters:    Size  Location     Type
		None
 Auto vars:     Size  Location     Type
  d               1    2[BANK0 ] unsigned char 
 Return value:  Size  Location     Type
                  1    wreg      unsigned char 
 Registers used:
		wreg, status,2, status,0, pclath, cstack
 Tracked objects:
		On entry : 
		On exit  : 
		Unchanged: 
 Data sizes:     COMMON   BANK0   BANK1   BANK3   BANK2
      Params:         0       0       0       0       0
      Locals:         0       1       0       0       0
      Temps:          1       0       0       0       0
      Totals:         1       1       0       0       0
Total ram usage:        2 bytes
 Hardware stack levels used:    1
 Hardware stack levels required when called:    3
 This function calls:
		_I2C_Master_Read
		_I2C_Master_RepeatedStart
		_I2C_Master_Start
		_I2C_Master_Stop
		_I2C_Master_Write
 This function is called by:
		_main
 This function uses a non-reentrant model


 *************** function _I2C_Master_RepeatedStart *****************
 Defined at:
		line 47 in file "./I2C.h"
 Parameters:    Size  Location     Type
		None
 Auto vars:     Size  Location     Type
		None
 Return value:  Size  Location     Type
                  1    wreg      void 
 Registers used:
		wreg, status,2, status,0, pclath, cstack
 Tracked objects:
		On entry : 
		On exit  : 
		Unchanged: 
 Data sizes:     COMMON   BANK0   BANK1   BANK3   BANK2
      Params:         0       0       0       0       0
      Locals:         0       0       0       0       0
      Temps:          0       0       0       0       0
      Totals:         0       0       0       0       0
Total ram usage:        0 bytes
 Hardware stack levels used:    1
 Hardware stack levels required when called:    2
 This function calls:
		_I2C_Master_Wait
 This function is called by:
		_get_time
		_get_day
		_get_temp
 This function uses a non-reentrant model


 *************** function _get_PIR *****************
 Defined at:
		line 480 in file "mainMaster.c"
 Parameters:    Size  Location     Type
		None
 Auto vars:     Size  Location     Type
  PIR             1    2[BANK0 ] unsigned char 
 Return value:  Size  Location     Type
                  1    wreg      unsigned char 
 Registers used:
		wreg, status,2, status,0, pclath, cstack
 Tracked objects:
		On entry : 
		On exit  : 
		Unchanged: 
 Data sizes:     COMMON   BANK0   BANK1   BANK3   BANK2
      Params:         0       0       0       0       0
      Locals:         0       1       0       0       0
      Temps:          1       0       0       0       0
      Totals:         1       1       0       0       0
Total ram usage:        2 bytes
 Hardware stack levels used:    1
 Hardware stack levels required when called:    3
 This function calls:
		_I2C_Master_Read
		_I2C_Master_Start
		_I2C_Master_Stop
		_I2C_Master_Write
 This function is called by:
		_main
 This function uses a non-reentrant model


 *************** function _get_IR *****************
 Defined at:
		line 492 in file "mainMaster.c"
 Parameters:    Size  Location     Type
		None
 Auto vars:     Size  Location     Type
  IR              1    2[BANK0 ] unsigned char 
 Return value:  Size  Location     Type
                  1    wreg      unsigned char 
 Registers used:
		wreg, status,2, status,0, pclath, cstack
 Tracked objects:
		On entry : 
		On exit  : 
		Unchanged: 
 Data sizes:     COMMON   BANK0   BANK1   BANK3   BANK2
      Params:         0       0       0       0       0
      Locals:         0       1       0       0       0
      Temps:          1       0       0       0       0
      Totals:         1       1       0       0       0
Total ram usage:        2 bytes
 Hardware stack levels used:    1
 Hardware stack levels required when called:    3
 This function calls:
		_I2C_Master_Read
		_I2C_Master_Start
		_I2C_Master_Stop
		_I2C_Master_Write
 This function is called by:
		_main
 This function uses a non-reentrant model


 *************** function _I2C_Master_Read *****************
 Defined at:
		line 74 in file "./I2C.h"
 Parameters:    Size  Location     Type
  a               2    3[COMMON] unsigned short 
 Auto vars:     Size  Location     Type
  temp            2    0[BANK0 ] unsigned short 
 Return value:  Size  Location     Type
                  2    3[COMMON] unsigned short 
 Registers used:
		wreg, status,2, status,0, pclath, cstack
 Tracked objects:
		On entry : 
		On exit  : 
		Unchanged: 
 Data sizes:     COMMON   BANK0   BANK1   BANK3   BANK2
      Params:         2       0       0       0       0
      Locals:         0       2       0       0       0
      Temps:          2       0       0       0       0
      Totals:         4       2       0       0       0
Total ram usage:        6 bytes
 Hardware stack levels used:    1
 Hardware stack levels required when called:    2
 This function calls:
		_I2C_Master_Wait
 This function is called by:
		_get_time
		_get_day
		_get_temp
		_get_hall
		_get_tripwire
		_get_PIR
		_get_IR
 This function uses a non-reentrant model


 *************** function _close_door *****************
 Defined at:
		line 513 in file "mainMaster.c"
 Parameters:    Size  Location     Type
		None
 Auto vars:     Size  Location     Type
		None
 Return value:  Size  Location     Type
                  1    wreg      void 
 Registers used:
		wreg, status,2, status,0, pclath, cstack
 Tracked objects:
		On entry : 
		On exit  : 
		Unchanged: 
 Data sizes:     COMMON   BANK0   BANK1   BANK3   BANK2
      Params:         0       0       0       0       0
      Locals:         0       0       0       0       0
      Temps:          0       0       0       0       0
      Totals:         0       0       0       0       0
Total ram usage:        0 bytes
 Hardware stack levels used:    1
 Hardware stack levels required when called:    3
 This function calls:
		_I2C_Master_Start
		_I2C_Master_Stop
		_I2C_Master_Write
 This function is called by:
		_main
 This function uses a non-reentrant model


 *************** function _I2C_Master_Write *****************
 Defined at:
		line 65 in file "./I2C.h"
 Parameters:    Size  Location     Type
  d               2    3[COMMON] unsigned int 
 Auto vars:     Size  Location     Type
		None
 Return value:  Size  Location     Type
                  1    wreg      void 
 Registers used:
		wreg, status,2, status,0, pclath, cstack
 Tracked objects:
		On entry : 
		On exit  : 
		Unchanged: 
 Data sizes:     COMMON   BANK0   BANK1   BANK3   BANK2
      Params:         2       0       0       0       0
      Locals:         0       0       0       0       0
      Temps:          0       0       0       0       0
      Totals:         2       0       0       0       0
Total ram usage:        2 bytes
 Hardware stack levels used:    1
 Hardware stack levels required when called:    2
 This function calls:
		_I2C_Master_Wait
 This function is called by:
		_write_RTC
		_get_time
		_get_day
		_get_temp
		_get_hall
		_get_tripwire
		_get_PIR
		_get_IR
		_open_door
		_close_door
 This function uses a non-reentrant model


 *************** function _I2C_Master_Stop *****************
 Defined at:
		line 55 in file "./I2C.h"
 Parameters:    Size  Location     Type
		None
 Auto vars:     Size  Location     Type
		None
 Return value:  Size  Location     Type
                  1    wreg      void 
 Registers used:
		wreg, status,2, status,0, pclath, cstack
 Tracked objects:
		On entry : 
		On exit  : 
		Unchanged: 
 Data sizes:     COMMON   BANK0   BANK1   BANK3   BANK2
      Params:         0       0       0       0       0
      Locals:         0       0       0       0       0
      Temps:          0       0       0       0       0
      Totals:         0       0       0       0       0
Total ram usage:        0 bytes
 Hardware stack levels used:    1
 Hardware stack levels required when called:    2
 This function calls:
		_I2C_Master_Wait
 This function is called by:
		_write_RTC
		_get_time
		_get_day
		_get_temp
		_get_hall
		_get_tripwire
		_get_PIR
		_get_IR
		_open_door
		_close_door
 This function uses a non-reentrant model


 *************** function _I2C_Master_Start *****************
 Defined at:
		line 39 in file "./I2C.h"
 Parameters:    Size  Location     Type
		None
 Auto vars:     Size  Location     Type
		None
 Return value:  Size  Location     Type
                  1    wreg      void 
 Registers used:
		wreg, status,2, status,0, pclath, cstack
 Tracked objects:
		On entry : 
		On exit  : 
		Unchanged: 
 Data sizes:     COMMON   BANK0   BANK1   BANK3   BANK2
      Params:         0       0       0       0       0
      Locals:         0       0       0       0       0
      Temps:          0       0       0       0       0
      Totals:         0       0       0       0       0
Total ram usage:        0 bytes
 Hardware stack levels used:    1
 Hardware stack levels required when called:    2
 This function calls:
		_I2C_Master_Wait
 This function is called by:
		_write_RTC
		_get_time
		_get_day
		_get_temp
		_get_hall
		_get_tripwire
		_get_PIR
		_get_IR
		_open_door
		_close_door
 This function uses a non-reentrant model


 *************** function _I2C_Master_Wait *****************
 Defined at:
		line 32 in file "./I2C.h"
 Parameters:    Size  Location     Type
		None
 Auto vars:     Size  Location     Type
		None
 Return value:  Size  Location     Type
                  1    wreg      void 
 Registers used:
		wreg, status,2
 Tracked objects:
		On entry : 
		On exit  : 
		Unchanged: 
 Data sizes:     COMMON   BANK0   BANK1   BANK3   BANK2
      Params:         0       0       0       0       0
      Locals:         0       0       0       0       0
      Temps:          0       0       0       0       0
      Totals:         0       0       0       0       0
Total ram usage:        0 bytes
 Hardware stack levels used:    1
 Hardware stack levels required when called:    1
 This function calls:
		Nothing
 This function is called by:
		_I2C_Master_Start
		_I2C_Master_RepeatedStart
		_I2C_Master_Stop
		_I2C_Master_Write
		_I2C_Master_Read
 This function uses a non-reentrant model


 *************** function ___awmod *****************
 Defined at:
		line 5 in file "C:\Program Files (x86)\Microchip\xc8\v2.05\pic\sources\c90\common\awmod.c"
 Parameters:    Size  Location     Type
  divisor         2    3[COMMON] int 
  dividend        2    5[COMMON] int 
 Auto vars:     Size  Location     Type
  sign            1    1[BANK0 ] unsigned char 
  counter         1    0[BANK0 ] unsigned char 
 Return value:  Size  Location     Type
                  2    3[COMMON] int 
 Registers used:
		wreg, status,2, status,0
 Tracked objects:
		On entry : 
		On exit  : 
		Unchanged: 
 Data sizes:     COMMON   BANK0   BANK1   BANK3   BANK2
      Params:         4       0       0       0       0
      Locals:         0       2       0       0       0
      Temps:          1       0       0       0       0
      Totals:         5       2       0       0       0
Total ram usage:        7 bytes
 Hardware stack levels used:    1
 Hardware stack levels required when called:    1
 This function calls:
		Nothing
 This function is called by:
		_main
 This function uses a non-reentrant model


 *************** function ___awdiv *****************
 Defined at:
		line 5 in file "C:\Program Files (x86)\Microchip\xc8\v2.05\pic\sources\c90\common\awdiv.c"
 Parameters:    Size  Location     Type
  divisor         2    3[COMMON] int 
  dividend        2    5[COMMON] int 
 Auto vars:     Size  Location     Type
  quotient        2    2[BANK0 ] int 
  sign            1    1[BANK0 ] unsigned char 
  counter         1    0[BANK0 ] unsigned char 
 Return value:  Size  Location     Type
                  2    3[COMMON] int 
 Registers used:
		wreg, status,2, status,0
 Tracked objects:
		On entry : 
		On exit  : 
		Unchanged: 
 Data sizes:     COMMON   BANK0   BANK1   BANK3   BANK2
      Params:         4       0       0       0       0
      Locals:         0       4       0       0       0
      Temps:          1       0       0       0       0
      Totals:         5       4       0       0       0
Total ram usage:        9 bytes
 Hardware stack levels used:    1
 Hardware stack levels required when called:    1
 This function calls:
		Nothing
 This function is called by:
		_main
 This function uses a non-reentrant model


 *************** function _UART_Write *****************
 Defined at:
		line 54 in file "./UART.h"
 Parameters:    Size  Location     Type
  data            1    wreg     unsigned char 
 Auto vars:     Size  Location     Type
  data            1    3[COMMON] unsigned char 
 Return value:  Size  Location     Type
                  1    wreg      void 
 Registers used:
		wreg
 Tracked objects:
		On entry : 
		On exit  : 
		Unchanged: 
 Data sizes:     COMMON   BANK0   BANK1   BANK3   BANK2
      Params:         0       0       0       0       0
      Locals:         1       0       0       0       0
      Temps:          0       0       0       0       0
      Totals:         1       0       0       0       0
Total ram usage:        1 bytes
 Hardware stack levels used:    1
 Hardware stack levels required when called:    1
 This function calls:
		Nothing
 This function is called by:
		_main
		_UART_Write_Text
 This function uses a non-reentrant model


 *************** function _UART_TX_Empty *****************
 Defined at:
		line 31 in file "./UART.h"
 Parameters:    Size  Location     Type
		None
 Auto vars:     Size  Location     Type
		None
 Return value:  Size  Location     Type
                  1    wreg      unsigned char 
 Registers used:
		wreg
 Tracked objects:
		On entry : 
		On exit  : 
		Unchanged: 
 Data sizes:     COMMON   BANK0   BANK1   BANK3   BANK2
      Params:         0       0       0       0       0
      Locals:         0       0       0       0       0
      Temps:          0       0       0       0       0
      Totals:         0       0       0       0       0
Total ram usage:        0 bytes
 Hardware stack levels used:    1
 Hardware stack levels required when called:    1
 This function calls:
		Nothing
 This function is called by:
		_main
 This function uses a non-reentrant model


 *************** function _Lcd_Write_String *****************
 Defined at:
		line 100 in file "./LCD4bits.h"
 Parameters:    Size  Location     Type
  a               2    0[BANK0 ] PTR unsigned char 
		 -> NULL(0), STR_23(6), STR_22(7), STR_21(7), 
		 -> STR_20(7), STR_19(8), STR_18(8), STR_17(9), 
		 -> STR_16(9), STR_15(9), STR_14(9), STR_13(12), 
		 -> STR_12(12), STR_10(10), STR_9(10), STR_8(10), 
		 -> STR_7(10), STR_6(10), STR_5(10), STR_4(10), 
		 -> STR_3(10), time(6), temp(6), STR_2(13), 
		 -> STR_1(18), 
 Auto vars:     Size  Location     Type
  i               2    5[BANK0 ] int 
 Return value:  Size  Location     Type
                  1    wreg      void 
 Registers used:
		wreg, fsr0l, fsr0h, status,2, status,0, btemp+1, pclath, cstack
 Tracked objects:
		On entry : 
		On exit  : 
		Unchanged: 
 Data sizes:     COMMON   BANK0   BANK1   BANK3   BANK2
      Params:         0       2       0       0       0
      Locals:         0       2       0       0       0
      Temps:          0       3       0       0       0
      Totals:         0       7       0       0       0
Total ram usage:        7 bytes
 Hardware stack levels used:    1
 Hardware stack levels required when called:    3
 This function calls:
		_Lcd_Write_Char
 This function is called by:
		_main
 This function uses a non-reentrant model


 *************** function _Lcd_Write_Char *****************
 Defined at:
		line 84 in file "./LCD4bits.h"
 Parameters:    Size  Location     Type
  a               1    wreg     unsigned char 
 Auto vars:     Size  Location     Type
  a               1    7[COMMON] unsigned char 
  y               1    6[COMMON] unsigned char 
  temp            1    5[COMMON] unsigned char 
 Return value:  Size  Location     Type
                  1    wreg      void 
 Registers used:
		wreg, status,2, status,0, pclath, cstack
 Tracked objects:
		On entry : 
		On exit  : 
		Unchanged: 
 Data sizes:     COMMON   BANK0   BANK1   BANK3   BANK2
      Params:         0       0       0       0       0
      Locals:         3       0       0       0       0
      Temps:          1       0       0       0       0
      Totals:         4       0       0       0       0
Total ram usage:        4 bytes
 Hardware stack levels used:    1
 Hardware stack levels required when called:    2
 This function calls:
		_Lcd_Port
 This function is called by:
		_Lcd_Write_String
		_main
 This function uses a non-reentrant model


 *************** function _Lcd_Set_Cursor *****************
 Defined at:
		line 44 in file "./LCD4bits.h"
 Parameters:    Size  Location     Type
  a               1    wreg     unsigned char 
  b               1    7[COMMON] unsigned char 
 Auto vars:     Size  Location     Type
  a               1    2[BANK0 ] unsigned char 
  temp            1    5[BANK0 ] unsigned char 
  y               1    4[BANK0 ] unsigned char 
  z               1    3[BANK0 ] unsigned char 
 Return value:  Size  Location     Type
                  1    wreg      void 
 Registers used:
		wreg, status,2, status,0, pclath, cstack
 Tracked objects:
		On entry : 
		On exit  : 
		Unchanged: 
 Data sizes:     COMMON   BANK0   BANK1   BANK3   BANK2
      Params:         1       0       0       0       0
      Locals:         0       4       0       0       0
      Temps:          0       2       0       0       0
      Totals:         1       6       0       0       0
Total ram usage:        7 bytes
 Hardware stack levels used:    1
 Hardware stack levels required when called:    3
 This function calls:
		_Lcd_Cmd
 This function is called by:
		_main
 This function uses a non-reentrant model


 *************** function _Lcd_Clear *****************
 Defined at:
		line 38 in file "./LCD4bits.h"
 Parameters:    Size  Location     Type
		None
 Auto vars:     Size  Location     Type
		None
 Return value:  Size  Location     Type
                  1    wreg      void 
 Registers used:
		wreg, status,2, status,0, pclath, cstack
 Tracked objects:
		On entry : 
		On exit  : 
		Unchanged: 
 Data sizes:     COMMON   BANK0   BANK1   BANK3   BANK2
      Params:         0       0       0       0       0
      Locals:         0       0       0       0       0
      Temps:          0       0       0       0       0
      Totals:         0       0       0       0       0
Total ram usage:        0 bytes
 Hardware stack levels used:    1
 Hardware stack levels required when called:    3
 This function calls:
		_Lcd_Cmd
 This function is called by:
		_main
 This function uses a non-reentrant model


 *************** function _Lcd_Cmd *****************
 Defined at:
		line 29 in file "./LCD4bits.h"
 Parameters:    Size  Location     Type
  a               1    wreg     unsigned char 
 Auto vars:     Size  Location     Type
  a               1    6[COMMON] unsigned char 
 Return value:  Size  Location     Type
                  1    wreg      void 
 Registers used:
		wreg, status,2, status,0, pclath, cstack
 Tracked objects:
		On entry : 
		On exit  : 
		Unchanged: 
 Data sizes:     COMMON   BANK0   BANK1   BANK3   BANK2
      Params:         0       0       0       0       0
      Locals:         1       0       0       0       0
      Temps:          2       0       0       0       0
      Totals:         3       0       0       0       0
Total ram usage:        3 bytes
 Hardware stack levels used:    1
 Hardware stack levels required when called:    2
 This function calls:
		_Lcd_Port
 This function is called by:
		_Lcd_Clear
		_Lcd_Set_Cursor
		_Lcd_Init
		_Lcd_Shift_Right
		_Lcd_Shift_Left
 This function uses a non-reentrant model


 *************** function _Lcd_Port *****************
 Defined at:
		line 7 in file "./LCD4bits.h"
 Parameters:    Size  Location     Type
  a               1    wreg     unsigned char 
 Auto vars:     Size  Location     Type
  a               1    3[COMMON] unsigned char 
 Return value:  Size  Location     Type
                  1    wreg      void 
 Registers used:
		wreg
 Tracked objects:
		On entry : 
		On exit  : 
		Unchanged: 
 Data sizes:     COMMON   BANK0   BANK1   BANK3   BANK2
      Params:         0       0       0       0       0
      Locals:         1       0       0       0       0
      Temps:          0       0       0       0       0
      Totals:         1       0       0       0       0
Total ram usage:        1 bytes
 Hardware stack levels used:    1
 Hardware stack levels required when called:    1
 This function calls:
		Nothing
 This function is called by:
		_Lcd_Cmd
		_Lcd_Init
		_Lcd_Write_Char
 This function uses a non-reentrant model


 *************** function _manual_pwm *****************
 Defined at:
		line 59 in file "mainMaster.c"
 Parameters:    Size  Location     Type
		None
 Auto vars:     Size  Location     Type
		None
 Return value:  Size  Location     Type
                  1    wreg      void 
 Registers used:
		wreg, status,2, status,0
 Tracked objects:
		On entry : 
		On exit  : 
		Unchanged: 
 Data sizes:     COMMON   BANK0   BANK1   BANK3   BANK2
      Params:         0       0       0       0       0
      Locals:         0       0       0       0       0
      Temps:          3       0       0       0       0
      Totals:         3       0       0       0       0
Total ram usage:        3 bytes
 Hardware stack levels used:    1
 This function calls:
		Nothing
 This function is called by:
		Interrupt level 1
 This function uses a non-reentrant model



MODULE INFORMATION

Module		Function		Class		Link	Load	Size
C:\Program Files (x86)\Microchip\xc8\v2.05\pic\sources\c90\common\doprnt.c
		_sprintf       		CODE           	05F1	0000	219

C:\Program Files (x86)\Microchip\xc8\v2.05\pic\sources\c90\common\doprnt.c estimated size: 219

./LCD4bits.h
		_Lcd_Write_String		CODE           	0C14	0000	66
		_Lcd_Init      		CODE           	049F	0000	97
		_Lcd_Write_Char		CODE           	0B63	0000	58
		_Lcd_Cmd       		CODE           	097E	0000	27
		_Lcd_Set_Cursor		CODE           	0CE8	0000	81
		_Lcd_Clear     		CODE           	0948	0000	12
		_Lcd_Port      		CODE           	0964	0000	27

./LCD4bits.h estimated size: 368

C:\Program Files (x86)\Microchip\xc8\v2.05\pic\sources\c90\common\awmod.c
		___awmod       		CODE           	0C9B	0000	78

C:\Program Files (x86)\Microchip\xc8\v2.05\pic\sources\c90\common\awmod.c estimated size: 78

C:\Program Files (x86)\Microchip\xc8\v2.05\pic\sources\c90\common\lwdiv.c
		___lwdiv       		CODE           	0BD6	0000	63

C:\Program Files (x86)\Microchip\xc8\v2.05\pic\sources\c90\common\lwdiv.c estimated size: 63

./UART.h
		_UART_TX_Empty 		CODE           	090A	0000	7
		_UART_Init     		CODE           	06CB	0000	217
		_UART_Write    		CODE           	093E	0000	11

./UART.h estimated size: 235

mainMaster.c
		_get_hall      		CODE           	0A33	0000	36
		_get_temp      		CODE           	0F5D	0000	164
		_get_IR        		CODE           	09ED	0000	36
		_main          		CODE           	001D	0000	1155
		_get_day       		CODE           	0B9C	0000	59
		_manual_pwm    		CODE           	09CE	0000	32
		_get_time      		CODE           	0E45	0000	138
		_open_door     		CODE           	09B3	0000	28
		_write_RTC     		CODE           	0C55	0000	71
		_setup         		CODE           	0D8D	0000	89
		_get_PIR       		CODE           	0A10	0000	36
		_get_tripwire  		CODE           	0A56	0000	36
		_close_door    		CODE           	0998	0000	28

mainMaster.c estimated size: 1908

C:\Program Files (x86)\Microchip\xc8\v2.05\pic\sources\c90\common\Umul8.c
		___bmul        		CODE           	0953	0000	18

C:\Program Files (x86)\Microchip\xc8\v2.05\pic\sources\c90\common\Umul8.c estimated size: 18

C:\Program Files (x86)\Microchip\xc8\v2.05\pic\sources\c90\common\awdiv.c
		___awdiv       		CODE           	07A3	0000	92

C:\Program Files (x86)\Microchip\xc8\v2.05\pic\sources\c90\common\awdiv.c estimated size: 92

shared
		__stringtab    		STRING         	0500	0000	17
		_dpowers       		STRING         	0510	0000	11
		__initialization		CODE           	000F	0000	11

shared estimated size: 39

C:\Program Files (x86)\Microchip\xc8\v2.05\pic\sources\c90\common\aldiv.c
		___aldiv       		CODE           	0ECE	0000	144

C:\Program Files (x86)\Microchip\xc8\v2.05\pic\sources\c90\common\aldiv.c estimated size: 144

C:\Program Files (x86)\Microchip\xc8\v2.05\pic\sources\c90\common\strcat.c
		_strcat        		CODE           	0A79	0000	37

C:\Program Files (x86)\Microchip\xc8\v2.05\pic\sources\c90\common\strcat.c estimated size: 37

./Oscilador.h
		_initOscilador 		CODE           	0D38	0000	86

./Oscilador.h estimated size: 86

./I2C.h
		_I2C_Master_Read		CODE           	0AC9	0000	47
		_I2C_Master_Wait		CODE           	0935	0000	10
		_I2C_Master_Init		CODE           	0B2B	0000	57
		_I2C_Master_Stop		CODE           	0917	0000	8
		_I2C_Master_RepeatedStart		CODE           	091E	0000	8
		_I2C_Master_Write		CODE           	0925	0000	9
		_I2C_Master_Start		CODE           	0910	0000	8

./I2C.h estimated size: 147

C:\Program Files (x86)\Microchip\xc8\v2.05\pic\sources\c90\common\strcmp.c
		_strcmp        		CODE           	0A9D	0000	45

C:\Program Files (x86)\Microchip\xc8\v2.05\pic\sources\c90\common\strcmp.c estimated size: 45

C:\Program Files (x86)\Microchip\xc8\v2.05\pic\sources\c90\common\__lldiv.c
		___lldiv       		CODE           	0DE5	0000	97

C:\Program Files (x86)\Microchip\xc8\v2.05\pic\sources\c90\common\__lldiv.c estimated size: 97

C:\Program Files (x86)\Microchip\xc8\v2.05\pic\sources\c90\common\lwmod.c
		___lwmod       		CODE           	0AF7	0000	53

C:\Program Files (x86)\Microchip\xc8\v2.05\pic\sources\c90\common\lwmod.c estimated size: 53

