Microchip MPLAB XC8 Compiler V2.05 ()

Linker command line:

-W-3 --edf=D:\Program Files (x86)\Microchip\xc8\v2.05\pic\dat\en_msgs.txt \
  -cs -h+dist/default/production\MasterProyecto.X.production.sym \
  --cmf=dist/default/production\MasterProyecto.X.production.cmf -z -Q16F887 \
  -oC:\Users\kit_s\AppData\Local\Temp\slvk.2 --defsym=__MPLAB_BUILD=1 \
  -Mdist/default/production/MasterProyecto.X.production.map -E1 -ver=XC8 \
  --acfsm=1493 -ASTACK=0110h-016Fh -pstack=STACK -ACODE=00h-07FFhx4 \
  -ASTRCODE=00h-01FFFh -ASTRING=00h-0FFhx32 -ACONST=00h-0FFhx32 \
  -AENTRY=00h-0FFhx32 -ACOMMON=070h-07Fh -ABANK0=020h-06Fh \
  -ABANK1=0A0h-0EFh -ABANK2=0110h-016Fh -ABANK3=0190h-01EFh \
  -ARAM=020h-06Fh,0A0h-0EFh,0110h-016Fh,0190h-01EFh \
  -AABS1=020h-07Fh,0A0h-0EFh,0110h-016Fh,0190h-01EFh -ASFR0=00h-01Fh \
  -ASFR1=080h-09Fh -ASFR2=0100h-010Fh -ASFR3=0180h-018Fh \
  -preset_vec=00h,intentry,init,end_init -ppowerup=CODE -pcinit=CODE \
  -pfunctab=ENTRY -ACONFIG=02007h-02008h -pconfig=CONFIG -DCONFIG=2 \
  -AIDLOC=02000h-02003h -pidloc=IDLOC -DIDLOC=2 -AEEDATA=00h-0FFh/02100h \
  -peeprom_data=EEDATA -DEEDATA=2 -DCODE=2 -DSTRCODE=2 -DSTRING=2 -DCONST=2 \
  -DENTRY=2 -k C:\Users\kit_s\AppData\Local\Temp\slvk.o \
  dist/default/production\MasterProyecto.X.production.o 

Object code version is 3.11

Machine type is 16F887



                Name                               Link     Load   Length Selector   Space Scale
C:\Users\kit_s\AppData\Local\Temp\slvk.o
                end_init                              0        0        3        0       0
                config                             2007     2007        2     400E       0
dist/default/production\MasterProyecto.X.production.o
                cinit                               7F3      7F3        D      FE6       0
                text33                              EE4      EE4       1A     1DC8       0
                text32                              EFE      EFE       1A     1DFC       0
                text31                               68       68        B       D0       0
                text30                              1F4      1F4       4A      3E8       0
                text29                              107      107       39      20E       0
                text28                              1B7      1B7       3D      36E       0
                text27                              EC9      EC9        A     1D92       0
                text26                              F18      F18       1E     1E30       0
                text25                              EC0      EC0        9     1D80       0
                text24                               73       73       2C       E6       0
                text23                              EA3      EA3        7     1D46       0
                text22                              EAA      EAA        7     1D54       0
                text21                              EB8      EB8        8     1D70       0
                text20                              F36      F36       1F     1E6C       0
                text19                              F55      F55       1F     1EAA       0
                text18                              F74      F74       1F     1EE8       0
                text17                              EB1      EB1        7     1D62       0
                text16                              ED3      ED3       11     1DA6       0
                text15                              17B      17B       3C      2F6       0
                text14                               9F       9F       32      13E       0
                text13                              5C4      5C4       D8      B88       0
                text12                              FB2      FB2       24     1F64       0
                text11                              451      451       9D      8A2       0
                text10                              34C      34C       76      698       0
                text9                               F93      F93       1F     1F26       0
                text8                               2EE      2EE       5E      5DC       0
                text7                                D1       D1       36      1A2       0
                text6                               293      293       5B      526       0
                text5                               3C2      3C2       8F      784       0
                text4                               4EE      4EE       D6      9DC       0
                text3                               23E      23E       55      47C       0
                text2                               140      140       3B      280       0
                text1                               FD6      FD6       2A     1FAC       0
                maintext                            69C      69C      157      D38       0
                cstackBANK0                          20       20       1C       20       1
                cstackCOMMON                         70       70        E       70       1
                bssBANK0                             3C       3C        7       20       1
                strings                               3        3       63        6       0

TOTAL           Name                               Link     Load   Length     Space
        CLASS   STACK          

        CLASS   CODE           
                end_init                              0        0        3         0
                cinit                               7F3      7F3        D         0
                text33                              EE4      EE4       1A         0
                text32                              EFE      EFE       1A         0
                text31                               68       68        B         0
                text30                              1F4      1F4       4A         0
                text29                              107      107       39         0
                text28                              1B7      1B7       3D         0
                text27                              EC9      EC9        A         0
                text26                              F18      F18       1E         0
                text25                              EC0      EC0        9         0
                text24                               73       73       2C         0
                text23                              EA3      EA3        7         0
                text22                              EAA      EAA        7         0
                text21                              EB8      EB8        8         0
                text20                              F36      F36       1F         0
                text19                              F55      F55       1F         0
                text18                              F74      F74       1F         0
                text17                              EB1      EB1        7         0
                text16                              ED3      ED3       11         0
                text15                              17B      17B       3C         0
                text14                               9F       9F       32         0
                text13                              5C4      5C4       D8         0
                text12                              FB2      FB2       24         0
                text11                              451      451       9D         0
                text10                              34C      34C       76         0
                text9                               F93      F93       1F         0
                text8                               2EE      2EE       5E         0
                text7                                D1       D1       36         0
                text6                               293      293       5B         0
                text5                               3C2      3C2       8F         0
                text4                               4EE      4EE       D6         0
                text3                               23E      23E       55         0
                text2                               140      140       3B         0
                text1                               FD6      FD6       2A         0
                maintext                            69C      69C      157         0

        CLASS   STRCODE        

        CLASS   STRING         
                strings                               3        3       63         0

        CLASS   CONST          

        CLASS   ENTRY          

        CLASS   COMMON         
                cstackCOMMON                         70       70        E         1

        CLASS   BANK0          
                cstackBANK0                          20       20       1C         1
                bssBANK0                             3C       3C        7         1

        CLASS   BANK1          

        CLASS   BANK2          

        CLASS   BANK3          

        CLASS   RAM            

        CLASS   ABS1           
                abs_s1                               7E       7E        2         1

        CLASS   SFR0           

        CLASS   SFR1           

        CLASS   SFR2           

        CLASS   SFR3           

        CLASS   CONFIG         
                config                             2007     2007        2         0

        CLASS   IDLOC          

        CLASS   EEDATA         



SEGMENTS        Name                           Load    Length   Top    Selector   Space  Class     Delta

                reset_vec                      000000  000003  000003         0       0  CODE        2
                strings                        000003  000063  000066         6       0  STRING      2
                cstackBANK0                    000020  000023  000043        20       1  BANK0       1
                cstackCOMMON                   000070  00000E  00007E        70       1  COMMON      1
                text31                         000068  00000B  000073        D0       0  CODE        2
                text24                         000073  00002C  00009F        E6       0  CODE        2
                text14                         00009F  000032  0000D1       13E       0  CODE        2
                text7                          0000D1  000036  000107       1A2       0  CODE        2
                text29                         000107  000039  000140       20E       0  CODE        2
                text2                          000140  00003B  00017B       280       0  CODE        2
                text15                         00017B  00003C  0001B7       2F6       0  CODE        2
                text28                         0001B7  00003D  0001F4       36E       0  CODE        2
                text30                         0001F4  00004A  00023E       3E8       0  CODE        2
                text3                          00023E  000055  000293       47C       0  CODE        2
                text6                          000293  00005B  0002EE       526       0  CODE        2
                text8                          0002EE  00005E  00034C       5DC       0  CODE        2
                text10                         00034C  000076  0003C2       698       0  CODE        2
                text5                          0003C2  00008F  000451       784       0  CODE        2
                text11                         000451  00009D  0004EE       8A2       0  CODE        2
                text4                          0004EE  0000D6  0005C4       9DC       0  CODE        2
                text13                         0005C4  0000D8  00069C       B88       0  CODE        2
                maintext                       00069C  000157  0007F3       D38       0  CODE        2
                cinit                          0007F3  00000D  000800       FE6       0  CODE        2
                text23                         000EA3  000007  000EAA      1D46       0  CODE        2
                text22                         000EAA  000007  000EB1      1D54       0  CODE        2
                text17                         000EB1  000007  000EB8      1D62       0  CODE        2
                text21                         000EB8  000008  000EC0      1D70       0  CODE        2
                text25                         000EC0  000009  000EC9      1D80       0  CODE        2
                text27                         000EC9  00000A  000ED3      1D92       0  CODE        2
                text16                         000ED3  000011  000EE4      1DA6       0  CODE        2
                text33                         000EE4  00001A  000EFE      1DC8       0  CODE        2
                text32                         000EFE  00001A  000F18      1DFC       0  CODE        2
                text26                         000F18  00001E  000F36      1E30       0  CODE        2
                text20                         000F36  00001F  000F55      1E6C       0  CODE        2
                text19                         000F55  00001F  000F74      1EAA       0  CODE        2
                text18                         000F74  00001F  000F93      1EE8       0  CODE        2
                text9                          000F93  00001F  000FB2      1F26       0  CODE        2
                text12                         000FB2  000024  000FD6      1F64       0  CODE        2
                text1                          000FD6  00002A  001000      1FAC       0  CODE        2
                config                         002007  000002  002009      400E       0  CONFIG      2


UNUSED ADDRESS RANGES

        Name                Unused          Largest block    Delta
        BANK0            0043-006F             2D           1
        BANK1            00A0-00EF             50           1
        BANK2            0110-016F             60           1
        BANK3            0190-01EF             60           1
        CODE             0066-0067              2           2
                         0800-0EA2            6A3
                         1000-1FFF            800
        CONST            0066-0067              2           2
                         0800-0EA2            100
                         1000-1FFF            100
        EEDATA           2100-21FF            100           2
        ENTRY            0066-0067              2           2
                         0800-0EA2            100
                         1000-1FFF            100
        IDLOC            2000-2003              4           2
        RAM              0043-006F             2D           1
                         00A0-00EF             50
                         0110-016F             60
                         0190-01EF             60
        SFR0             0000-001F             20           1
        SFR1             0080-009F             20           1
        SFR2             0100-010F             10           1
        SFR3             0180-018F             10           1
        STACK            0110-016F             60           1
        STRCODE          0066-0067              2           2
                         0800-0EA2            6A3
                         1000-1FFF           1000
        STRING           0066-0067              2           2
                         0800-0EA2            100
                         1000-1FFF            100

                                  Symbol Table

?_I2C_Master_Read                  cstackCOMMON 0070
?___aldiv                          cstackCOMMON 0070
?___lldiv                          cstackCOMMON 0070
?___lwdiv                          cstackCOMMON 0070
?___lwmod                          cstackCOMMON 0078
?_sprintf                          cstackBANK0  0020
?_strcmp                           cstackCOMMON 0070
I2C_Master_Init@c                  cstackBANK0  0020
I2C_Master_Read@a                  cstackCOMMON 0070
I2C_Master_Read@temp               cstackCOMMON 0074
I2C_Master_Write@d                 cstackCOMMON 0070
Lcd_Cmd@a                          cstackCOMMON 0073
Lcd_Port@a                         cstackCOMMON 0070
Lcd_Set_Cursor@a                   cstackCOMMON 0077
Lcd_Set_Cursor@b                   cstackCOMMON 0074
Lcd_Set_Cursor@temp                cstackCOMMON 007A
Lcd_Set_Cursor@y                   cstackCOMMON 0079
Lcd_Set_Cursor@z                   cstackCOMMON 0078
Lcd_Write_Char@a                   cstackCOMMON 0074
Lcd_Write_Char@temp                cstackCOMMON 0072
Lcd_Write_Char@y                   cstackCOMMON 0073
Lcd_Write_String@a                 cstackCOMMON 0075
Lcd_Write_String@i                 cstackCOMMON 007A
UART_Init@baudrate                 cstackBANK0  0026
UART_Init@x                        cstackCOMMON 0079
UART_Write@data                    cstackCOMMON 0070
UART_Write_Text@i                  cstackCOMMON 0072
UART_Write_Text@text               cstackCOMMON 0074
_ANSEL                             (abs)        0188
_ANSELH                            (abs)        0189
_BRGH                              (abs)        04C2
_CREN                              (abs)        00C4
_GIE                               (abs)        005F
_I2C_Master_Init                   text7        00D1
_I2C_Master_Read                   text24       0073
_I2C_Master_RepeatedStart          text17       0EB1
_I2C_Master_Start                  text23       0EA3
_I2C_Master_Stop                   text22       0EAA
_I2C_Master_Wait                   text25       0EC0
_I2C_Master_Write                  text21       0EB8
_IR                                bssBANK0     003D
_Lcd_Clear                         text31       0068
_Lcd_Cmd                           text32       0EFE
_Lcd_Init                          text6        0293
_Lcd_Port                          text33       0EE4
_Lcd_Set_Cursor                    text30       01F4
_Lcd_Write_Char                    text29       0107
_Lcd_Write_String                  text28       01B7
_OSCCONbits                        (abs)        008F
_PEIE                              (abs)        005E
_PIR                               bssBANK0     003E
_PORTA                             (abs)        0005
_PORTAbits                         (abs)        0005
_PORTB                             (abs)        0006
_PORTBbits                         (abs)        0006
_PORTC                             (abs)        0007
_PORTCbits                         (abs)        0007
_RCEN                              (abs)        048B
_RCIF                              (abs)        0065
_RCREG                             (abs)        001A
_SPBRG                             (abs)        0099
_SPEN                              (abs)        00C7
_SSPADD                            (abs)        0093
_SSPBUF                            (abs)        0013
_SSPCON                            (abs)        0014
_SSPCON2                           (abs)        0091
_SSPCON2bits                       (abs)        0091
_SSPIE                             (abs)        0463
_SSPIF                             (abs)        0063
_SSPSTAT                           (abs)        0094
_SYNC                              (abs)        04C4
_TRISA                             (abs)        0085
_TRISB                             (abs)        0086
_TRISC                             (abs)        0087
_TRISC3                            (abs)        043B
_TRISC4                            (abs)        043C
_TRISC6                            (abs)        043E
_TRISC7                            (abs)        043F
_TRMT                              (abs)        04C1
_TXEN                              (abs)        04C5
_TXREG                             (abs)        0019
_UART_Init                         text4        04EE
_UART_Write                        text27       0EC9
_UART_Write_Text                   text26       0F18
__CFG_BOR4V$BOR40V                 (abs)        0000
__CFG_BOREN$OFF                    (abs)        0000
__CFG_CP$OFF                       (abs)        0000
__CFG_CPD$OFF                      (abs)        0000
__CFG_FCMEN$OFF                    (abs)        0000
__CFG_FOSC$INTRC_NOCLKOUT          (abs)        0000
__CFG_IESO$OFF                     (abs)        0000
__CFG_LVP$OFF                      (abs)        0000
__CFG_MCLRE$ON                     (abs)        0000
__CFG_PWRTE$OFF                    (abs)        0000
__CFG_WDTE$OFF                     (abs)        0000
__CFG_WRT$OFF                      (abs)        0000
__Habs1                            abs1         0000
__Hbank0                           bank0        0000
__Hbank1                           bank1        0000
__Hbank2                           bank2        0000
__Hbank3                           bank3        0000
__HbssBANK0                        bssBANK0     0000
__Hcinit                           cinit        0800
__Hclrtext                         clrtext      0000
__Hcode                            code         0000
__Hcommon                          common       0000
__Hconfig                          config       2009
__HcstackBANK0                     cstackBANK0  0000
__HcstackCOMMON                    cstackCOMMON 0000
__Heeprom_data                     eeprom_data  0000
__Hend_init                        end_init     0003
__Hfunctab                         functab      0000
__Hidloc                           idloc        0000
__Hinit                            init         0000
__Hintentry                        intentry     0000
__Hmaintext                        maintext     0000
__Hpowerup                         powerup      0000
__Hram                             ram          0000
__Hreset_vec                       reset_vec    0000
__Hsfr0                            sfr0         0000
__Hsfr1                            sfr1         0000
__Hsfr2                            sfr2         0000
__Hsfr3                            sfr3         0000
__Hspace_0                         (abs)        2009
__Hspace_1                         (abs)        007E
__Hspace_2                         (abs)        0000
__Hspace_3                         (abs)        0000
__Hstack                           stack        0000
__Hstrings                         strings      0000
__Htext                            text         0000
__Labs1                            abs1         0000
__Lbank0                           bank0        0000
__Lbank1                           bank1        0000
__Lbank2                           bank2        0000
__Lbank3                           bank3        0000
__LbssBANK0                        bssBANK0     0000
__Lcinit                           cinit        07F3
__Lclrtext                         clrtext      0000
__Lcode                            code         0000
__Lcommon                          common       0000
__Lconfig                          config       2007
__LcstackBANK0                     cstackBANK0  0000
__LcstackCOMMON                    cstackCOMMON 0000
__Leeprom_data                     eeprom_data  0000
__Lend_init                        end_init     0000
__Lfunctab                         functab      0000
__Lidloc                           idloc        0000
__Linit                            init         0000
__Lintentry                        intentry     0000
__Lmaintext                        maintext     0000
__Lpowerup                         powerup      0000
__Lram                             ram          0000
__Lreset_vec                       reset_vec    0000
__Lsfr0                            sfr0         0000
__Lsfr1                            sfr1         0000
__Lsfr2                            sfr2         0000
__Lsfr3                            sfr3         0000
__Lspace_0                         (abs)        0000
__Lspace_1                         (abs)        0000
__Lspace_2                         (abs)        0000
__Lspace_3                         (abs)        0000
__Lstack                           stack        0000
__Lstrings                         strings      0000
__Ltext                            text         0000
__S0                               (abs)        2009
__S1                               (abs)        007E
__S2                               (abs)        0000
__S3                               (abs)        0000
___aldiv                           text5        03C2
___aldiv@counter                   cstackBANK0  0020
___aldiv@dividend                  cstackCOMMON 0074
___aldiv@divisor                   cstackCOMMON 0070
___aldiv@quotient                  cstackBANK0  0022
___aldiv@sign                      cstackBANK0  0021
___bmul                            text16       0ED3
___bmul@multiplicand               cstackCOMMON 0070
___bmul@multiplier                 cstackCOMMON 0073
___bmul@product                    cstackCOMMON 0072
___int_sp                          stack        0000
___latbits                         (abs)        0002
___lldiv                           text8        02EE
___lldiv@counter                   cstackCOMMON 007D
___lldiv@dividend                  cstackCOMMON 0074
___lldiv@divisor                   cstackCOMMON 0070
___lldiv@quotient                  cstackCOMMON 0079
___lwdiv                           text15       017B
___lwdiv@counter                   cstackCOMMON 0077
___lwdiv@dividend                  cstackCOMMON 0072
___lwdiv@divisor                   cstackCOMMON 0070
___lwdiv@quotient                  cstackCOMMON 0075
___lwmod                           text14       009F
___lwmod@counter                   cstackCOMMON 007D
___lwmod@dividend                  cstackCOMMON 007A
___lwmod@divisor                   cstackCOMMON 0078
___sp                              stack        0000
___stackhi                         (abs)        0000
___stacklo                         (abs)        0000
__end_of_I2C_Master_Init           text7        0107
__end_of_I2C_Master_Read           text24       009F
__end_of_I2C_Master_RepeatedStart  text17       0EB8
__end_of_I2C_Master_Start          text23       0EAA
__end_of_I2C_Master_Stop           text22       0EB1
__end_of_I2C_Master_Wait           text25       0EC9
__end_of_I2C_Master_Write          text21       0EC0
__end_of_Lcd_Clear                 text31       0073
__end_of_Lcd_Cmd                   text32       0F18
__end_of_Lcd_Init                  text6        02EE
__end_of_Lcd_Port                  text33       0EFE
__end_of_Lcd_Set_Cursor            text30       023E
__end_of_Lcd_Write_Char            text29       0140
__end_of_Lcd_Write_String          text28       01F4
__end_of_UART_Init                 text4        05C4
__end_of_UART_Write                text27       0ED3
__end_of_UART_Write_Text           text26       0F36
__end_of___aldiv                   text5        0451
__end_of___bmul                    text16       0EE4
__end_of___lldiv                   text8        034C
__end_of___lwdiv                   text15       01B7
__end_of___lwmod                   text14       00D1
__end_of__initialization           cinit        07FC
__end_of__stringtab                strings      0013
__end_of_dpowers                   strings      001D
__end_of_get_IR                    text20       0F55
__end_of_get_PIR                   text19       0F74
__end_of_get_hall                  text18       0F93
__end_of_get_temp                  text11       04EE
__end_of_get_time                  text10       03C2
__end_of_get_tripwire              text9        0FB2
__end_of_initOscilador             text3        0293
__end_of_main                      maintext     07F3
__end_of_setup                     text2        017B
__end_of_sprintf                   text13       069C
__end_of_strcat                    text12       0FD6
__end_of_strcmp                    text1        1000
__initialization                   cinit        07F3
__pbssBANK0                        bssBANK0     003C
__pcstackBANK0                     cstackBANK0  0020
__pcstackCOMMON                    cstackCOMMON 0070
__pmaintext                        maintext     069C
__pstrings                         strings      0003
__ptext1                           text1        0FD6
__ptext10                          text10       034C
__ptext11                          text11       0451
__ptext12                          text12       0FB2
__ptext13                          text13       05C4
__ptext14                          text14       009F
__ptext15                          text15       017B
__ptext16                          text16       0ED3
__ptext17                          text17       0EB1
__ptext18                          text18       0F74
__ptext19                          text19       0F55
__ptext2                           text2        0140
__ptext20                          text20       0F36
__ptext21                          text21       0EB8
__ptext22                          text22       0EAA
__ptext23                          text23       0EA3
__ptext24                          text24       0073
__ptext25                          text25       0EC0
__ptext26                          text26       0F18
__ptext27                          text27       0EC9
__ptext28                          text28       01B7
__ptext29                          text29       0107
__ptext3                           text3        023E
__ptext30                          text30       01F4
__ptext31                          text31       0068
__ptext32                          text32       0EFE
__ptext33                          text33       0EE4
__ptext4                           text4        04EE
__ptext5                           text5        03C2
__ptext6                           text6        0293
__ptext7                           text7        00D1
__ptext8                           text8        02EE
__ptext9                           text9        0F93
__size_of_I2C_Master_Init          (abs)        0000
__size_of_I2C_Master_Read          (abs)        0000
__size_of_I2C_Master_RepeatedStart (abs)        0000
__size_of_I2C_Master_Start         (abs)        0000
__size_of_I2C_Master_Stop          (abs)        0000
__size_of_I2C_Master_Wait          (abs)        0000
__size_of_I2C_Master_Write         (abs)        0000
__size_of_Lcd_Clear                (abs)        0000
__size_of_Lcd_Cmd                  (abs)        0000
__size_of_Lcd_Init                 (abs)        0000
__size_of_Lcd_Port                 (abs)        0000
__size_of_Lcd_Set_Cursor           (abs)        0000
__size_of_Lcd_Write_Char           (abs)        0000
__size_of_Lcd_Write_String         (abs)        0000
__size_of_UART_Init                (abs)        0000
__size_of_UART_Write               (abs)        0000
__size_of_UART_Write_Text          (abs)        0000
__size_of___aldiv                  (abs)        0000
__size_of___bmul                   (abs)        0000
__size_of___lldiv                  (abs)        0000
__size_of___lwdiv                  (abs)        0000
__size_of___lwmod                  (abs)        0000
__size_of_get_IR                   (abs)        0000
__size_of_get_PIR                  (abs)        0000
__size_of_get_hall                 (abs)        0000
__size_of_get_temp                 (abs)        0000
__size_of_get_time                 (abs)        0000
__size_of_get_tripwire             (abs)        0000
__size_of_initOscilador            (abs)        0000
__size_of_main                     (abs)        0000
__size_of_setup                    (abs)        0000
__size_of_sprintf                  (abs)        0000
__size_of_strcat                   (abs)        0000
__size_of_strcmp                   (abs)        0000
__stringbase                       strings      0012
__stringtab                        strings      0003
_door                              bssBANK0     0040
_dpowers                           strings      0013
_get_IR                            text20       0F36
_get_PIR                           text19       0F55
_get_hall                          text18       0F74
_get_temp                          text11       0451
_get_time                          text10       034C
_get_tripwire                      text9        0F93
_initOscilador                     text3        023E
_main                              maintext     069C
_setup                             text2        0140
_sprintf                           text13       05C4
_state                             bssBANK0     003C
_strcat                            text12       0FB2
_strcmp                            text1        0FD6
_temp                              bssBANK0     0041
_time                              bssBANK0     0042
_trip                              bssBANK0     003F
btemp                              (abs)        007E
end_of_initialization              cinit        07FC
get_IR@IR                          cstackCOMMON 0077
get_PIR@PIR                        cstackCOMMON 0077
get_hall@key                       cstackCOMMON 0077
get_temp@decimal                   cstackBANK0  0036
get_temp@tempLSB                   cstackBANK0  003A
get_temp@tempMSB                   cstackBANK0  0039
get_temp@temperature               cstackBANK0  0030
get_time@hour                      cstackBANK0  0026
get_time@min                       cstackBANK0  0027
get_time@string_time               cstackBANK0  0020
get_tripwire@trip                  cstackCOMMON 0077
initOscilador@option               cstackCOMMON 0072
intlevel0                          functab      0000
intlevel1                          functab      0000
intlevel2                          functab      0000
intlevel3                          functab      0000
intlevel4                          functab      0000
intlevel5                          functab      0000
reset_vec                          reset_vec    0000
sprintf@ap                         cstackBANK0  0026
sprintf@c                          cstackBANK0  002C
sprintf@f                          cstackBANK0  0020
sprintf@flag                       cstackBANK0  0027
sprintf@prec                       cstackBANK0  0028
sprintf@sp                         cstackBANK0  002B
sprintf@val                        cstackBANK0  0029
start                              init         0000
start_initialization               cinit        07F3
strcat@cp                          cstackCOMMON 0073
strcat@from                        cstackCOMMON 0070
strcat@to                          cstackCOMMON 0072
strcmp@r                           cstackCOMMON 0075
strcmp@s1                          cstackCOMMON 0076
strcmp@s2                          cstackCOMMON 0070
wtemp0                             (abs)        007E


FUNCTION INFORMATION:

 *************** function _main *****************
 Defined at:
		line 52 in file "mainMaster.c"
 Parameters:    Size  Location     Type
		None
 Auto vars:     Size  Location     Type
		None
 Return value:  Size  Location     Type
                  1    wreg      void 
 Registers used:
		wreg, fsr0l, fsr0h, status,2, status,0, btemp+1, pclath, cstack
 Tracked objects:
		On entry : 
		On exit  : 
		Unchanged: 
 Data sizes:     COMMON   BANK0   BANK1   BANK3   BANK2
      Params:         0       0       0       0       0
      Locals:         0       0       0       0       0
      Temps:          0       1       0       0       0
      Totals:         0       1       0       0       0
Total ram usage:        1 bytes
 Hardware stack levels required when called:    4
 This function calls:
		_Lcd_Clear
		_Lcd_Set_Cursor
		_Lcd_Write_Char
		_Lcd_Write_String
		_UART_Write
		_UART_Write_Text
		_get_IR
		_get_PIR
		_get_hall
		_get_temp
		_get_time
		_get_tripwire
		_setup
		_strcmp
 This function is called by:
		Startup code after reset
 This function uses a non-reentrant model


 *************** function _strcmp *****************
 Defined at:
		line 33 in file "D:\Program Files (x86)\Microchip\xc8\v2.05\pic\sources\c90\common\strcmp.c"
 Parameters:    Size  Location     Type
  s1              1    wreg     PTR const unsigned char 
		 -> NULL(0), get_temp@temperature(6), 
  s2              1    0[COMMON] PTR const unsigned char 
		 -> STR_1(6), 
 Auto vars:     Size  Location     Type
  s1              1    6[COMMON] PTR const unsigned char 
		 -> NULL(0), get_temp@temperature(6), 
  r               1    5[COMMON] char 
 Return value:  Size  Location     Type
                  2    0[COMMON] int 
 Registers used:
		wreg, fsr0l, fsr0h, status,2, status,0, pclath
 Tracked objects:
		On entry : 
		On exit  : 
		Unchanged: 
 Data sizes:     COMMON   BANK0   BANK1   BANK3   BANK2
      Params:         2       0       0       0       0
      Locals:         2       0       0       0       0
      Temps:          3       0       0       0       0
      Totals:         7       0       0       0       0
Total ram usage:        7 bytes
 Hardware stack levels used:    2
 This function calls:
		Nothing
 This function is called by:
		_main
 This function uses a non-reentrant model


 *************** function _setup *****************
 Defined at:
		line 138 in file "mainMaster.c"
 Parameters:    Size  Location     Type
		None
 Auto vars:     Size  Location     Type
		None
 Return value:  Size  Location     Type
                  1    wreg      void 
 Registers used:
		wreg, fsr0l, fsr0h, status,2, status,0, pclath, cstack
 Tracked objects:
		On entry : 
		On exit  : 
		Unchanged: 
 Data sizes:     COMMON   BANK0   BANK1   BANK3   BANK2
      Params:         0       0       0       0       0
      Locals:         0       0       0       0       0
      Temps:          0       0       0       0       0
      Totals:         0       0       0       0       0
Total ram usage:        0 bytes
 Hardware stack levels used:    1
 Hardware stack levels required when called:    3
 This function calls:
		_I2C_Master_Init
		_Lcd_Init
		_UART_Init
		_initOscilador
 This function is called by:
		_main
 This function uses a non-reentrant model


 *************** function _initOscilador *****************
 Defined at:
		line 11 in file "./Oscilador.h"
 Parameters:    Size  Location     Type
  option          1    wreg     unsigned char 
 Auto vars:     Size  Location     Type
  option          1    2[COMMON] unsigned char 
 Return value:  Size  Location     Type
                  1    wreg      void 
 Registers used:
		wreg, fsr0l, fsr0h, status,2, status,0
 Tracked objects:
		On entry : 
		On exit  : 
		Unchanged: 
 Data sizes:     COMMON   BANK0   BANK1   BANK3   BANK2
      Params:         0       0       0       0       0
      Locals:         1       0       0       0       0
      Temps:          2       0       0       0       0
      Totals:         3       0       0       0       0
Total ram usage:        3 bytes
 Hardware stack levels used:    1
 This function calls:
		Nothing
 This function is called by:
		_setup
 This function uses a non-reentrant model


 *************** function _UART_Init *****************
 Defined at:
		line 8 in file "./UART.h"
 Parameters:    Size  Location     Type
  baudrate        4    6[BANK0 ] const long 
 Auto vars:     Size  Location     Type
  x               2    9[COMMON] unsigned int 
 Return value:  Size  Location     Type
                  1    wreg      unsigned char 
 Registers used:
		wreg, status,2, status,0, pclath, cstack
 Tracked objects:
		On entry : 
		On exit  : 
		Unchanged: 
 Data sizes:     COMMON   BANK0   BANK1   BANK3   BANK2
      Params:         0       4       0       0       0
      Locals:         2       0       0       0       0
      Temps:          0      12       0       0       0
      Totals:         2      16       0       0       0
Total ram usage:       18 bytes
 Hardware stack levels used:    1
 Hardware stack levels required when called:    1
 This function calls:
		___aldiv
 This function is called by:
		_setup
 This function uses a non-reentrant model


 *************** function ___aldiv *****************
 Defined at:
		line 5 in file "D:\Program Files (x86)\Microchip\xc8\v2.05\pic\sources\c90\common\aldiv.c"
 Parameters:    Size  Location     Type
  divisor         4    0[COMMON] long 
  dividend        4    4[COMMON] long 
 Auto vars:     Size  Location     Type
  quotient        4    2[BANK0 ] long 
  sign            1    1[BANK0 ] unsigned char 
  counter         1    0[BANK0 ] unsigned char 
 Return value:  Size  Location     Type
                  4    0[COMMON] long 
 Registers used:
		wreg, status,2, status,0
 Tracked objects:
		On entry : 
		On exit  : 
		Unchanged: 
 Data sizes:     COMMON   BANK0   BANK1   BANK3   BANK2
      Params:         8       0       0       0       0
      Locals:         0       6       0       0       0
      Temps:          1       0       0       0       0
      Totals:         9       6       0       0       0
Total ram usage:       15 bytes
 Hardware stack levels used:    1
 This function calls:
		Nothing
 This function is called by:
		_UART_Init
 This function uses a non-reentrant model


 *************** function _Lcd_Init *****************
 Defined at:
		line 65 in file "./LCD4bits.h"
 Parameters:    Size  Location     Type
		None
 Auto vars:     Size  Location     Type
		None
 Return value:  Size  Location     Type
                  1    wreg      void 
 Registers used:
		wreg, status,2, status,0, pclath, cstack
 Tracked objects:
		On entry : 
		On exit  : 
		Unchanged: 
 Data sizes:     COMMON   BANK0   BANK1   BANK3   BANK2
      Params:         0       0       0       0       0
      Locals:         0       0       0       0       0
      Temps:          2       0       0       0       0
      Totals:         2       0       0       0       0
Total ram usage:        2 bytes
 Hardware stack levels used:    1
 Hardware stack levels required when called:    2
 This function calls:
		_Lcd_Cmd
		_Lcd_Port
 This function is called by:
		_setup
 This function uses a non-reentrant model


 *************** function _I2C_Master_Init *****************
 Defined at:
		line 16 in file "./I2C.h"
 Parameters:    Size  Location     Type
  c               4    0[BANK0 ] const unsigned long 
 Auto vars:     Size  Location     Type
		None
 Return value:  Size  Location     Type
                  1    wreg      void 
 Registers used:
		wreg, status,2, status,0, pclath, cstack
 Tracked objects:
		On entry : 
		On exit  : 
		Unchanged: 
 Data sizes:     COMMON   BANK0   BANK1   BANK3   BANK2
      Params:         0       4       0       0       0
      Locals:         0       0       0       0       0
      Temps:          0       4       0       0       0
      Totals:         0       8       0       0       0
Total ram usage:        8 bytes
 Hardware stack levels used:    1
 Hardware stack levels required when called:    1
 This function calls:
		___lldiv
 This function is called by:
		_setup
 This function uses a non-reentrant model


 *************** function ___lldiv *****************
 Defined at:
		line 5 in file "D:\Program Files (x86)\Microchip\xc8\v2.05\pic\sources\c90\common\__lldiv.c"
 Parameters:    Size  Location     Type
  divisor         4    0[COMMON] unsigned long 
  dividend        4    4[COMMON] unsigned long 
 Auto vars:     Size  Location     Type
  quotient        4    9[COMMON] unsigned long 
  counter         1   13[COMMON] unsigned char 
 Return value:  Size  Location     Type
                  4    0[COMMON] unsigned long 
 Registers used:
		wreg, status,2, status,0
 Tracked objects:
		On entry : 
		On exit  : 
		Unchanged: 
 Data sizes:     COMMON   BANK0   BANK1   BANK3   BANK2
      Params:         8       0       0       0       0
      Locals:         5       0       0       0       0
      Temps:          1       0       0       0       0
      Totals:        14       0       0       0       0
Total ram usage:       14 bytes
 Hardware stack levels used:    1
 This function calls:
		Nothing
 This function is called by:
		_I2C_Master_Init
 This function uses a non-reentrant model


 *************** function _get_tripwire *****************
 Defined at:
		line 244 in file "mainMaster.c"
 Parameters:    Size  Location     Type
		None
 Auto vars:     Size  Location     Type
  trip            1    7[COMMON] unsigned char 
 Return value:  Size  Location     Type
                  1    wreg      unsigned char 
 Registers used:
		wreg, status,2, status,0, pclath, cstack
 Tracked objects:
		On entry : 
		On exit  : 
		Unchanged: 
 Data sizes:     COMMON   BANK0   BANK1   BANK3   BANK2
      Params:         0       0       0       0       0
      Locals:         1       0       0       0       0
      Temps:          1       0       0       0       0
      Totals:         2       0       0       0       0
Total ram usage:        2 bytes
 Hardware stack levels used:    1
 Hardware stack levels required when called:    2
 This function calls:
		_I2C_Master_Read
		_I2C_Master_Start
		_I2C_Master_Stop
		_I2C_Master_Write
 This function is called by:
		_main
 This function uses a non-reentrant model


 *************** function _get_time *****************
 Defined at:
		line 165 in file "mainMaster.c"
 Parameters:    Size  Location     Type
		None
 Auto vars:     Size  Location     Type
  string_time     6    0[BANK0 ] unsigned char [6]
  min             1    7[BANK0 ] unsigned char 
  hour            1    6[BANK0 ] unsigned char 
 Return value:  Size  Location     Type
                  1    wreg      PTR unsigned char 
 Registers used:
		wreg, status,2, status,0, pclath, cstack
 Tracked objects:
		On entry : 
		On exit  : 
		Unchanged: 
 Data sizes:     COMMON   BANK0   BANK1   BANK3   BANK2
      Params:         0       0       0       0       0
      Locals:         0       8       0       0       0
      Temps:          2       0       0       0       0
      Totals:         2       8       0       0       0
Total ram usage:       10 bytes
 Hardware stack levels used:    1
 Hardware stack levels required when called:    2
 This function calls:
		_I2C_Master_Read
		_I2C_Master_RepeatedStart
		_I2C_Master_Start
		_I2C_Master_Stop
		_I2C_Master_Write
 This function is called by:
		_main
 This function uses a non-reentrant model


 *************** function _get_temp *****************
 Defined at:
		line 204 in file "mainMaster.c"
 Parameters:    Size  Location     Type
		None
 Auto vars:     Size  Location     Type
  temperature     6   16[BANK0 ] unsigned char [6]
  decimal         3   22[BANK0 ] unsigned char [3]
  tempLSB         1   26[BANK0 ] unsigned char 
  tempMSB         1   25[BANK0 ] unsigned char 
 Return value:  Size  Location     Type
                  1    wreg      PTR unsigned char 
 Registers used:
		wreg, fsr0l, fsr0h, status,2, status,0, btemp+1, pclath, cstack
 Tracked objects:
		On entry : 
		On exit  : 
		Unchanged: 
 Data sizes:     COMMON   BANK0   BANK1   BANK3   BANK2
      Params:         0       0       0       0       0
      Locals:         0      11       0       0       0
      Temps:          0       3       0       0       0
      Totals:         0      14       0       0       0
Total ram usage:       14 bytes
 Hardware stack levels used:    1
 Hardware stack levels required when called:    2
 This function calls:
		_I2C_Master_Read
		_I2C_Master_RepeatedStart
		_I2C_Master_Start
		_I2C_Master_Stop
		_I2C_Master_Write
		___bmul
		_sprintf
		_strcat
 This function is called by:
		_main
 This function uses a non-reentrant model


 *************** function _strcat *****************
 Defined at:
		line 8 in file "D:\Program Files (x86)\Microchip\xc8\v2.05\pic\sources\c90\common\strcat.c"
 Parameters:    Size  Location     Type
  to              1    wreg     PTR unsigned char 
		 -> get_temp@temperature(6), 
  from            1    0[COMMON] PTR const unsigned char 
		 -> get_temp@decimal(3), 
 Auto vars:     Size  Location     Type
  to              1    2[COMMON] PTR unsigned char 
		 -> get_temp@temperature(6), 
  cp              1    3[COMMON] PTR unsigned char 
		 -> get_temp@temperature(6), 
 Return value:  Size  Location     Type
                  1    wreg      PTR unsigned char 
 Registers used:
		wreg, fsr0l, fsr0h, status,2, status,0
 Tracked objects:
		On entry : 
		On exit  : 
		Unchanged: 
 Data sizes:     COMMON   BANK0   BANK1   BANK3   BANK2
      Params:         1       0       0       0       0
      Locals:         2       0       0       0       0
      Temps:          1       0       0       0       0
      Totals:         4       0       0       0       0
Total ram usage:        4 bytes
 Hardware stack levels used:    1
 This function calls:
		Nothing
 This function is called by:
		_get_temp
 This function uses a non-reentrant model


 *************** function _sprintf *****************
 Defined at:
		line 500 in file "D:\Program Files (x86)\Microchip\xc8\v2.05\pic\sources\c90\common\doprnt.c"
 Parameters:    Size  Location     Type
  sp              1    wreg     PTR unsigned char 
		 -> get_temp@decimal(3), get_temp@temperature(6), 
  f               1    0[BANK0 ] PTR const unsigned char 
		 -> STR_12(4), STR_11(5), STR_10(3), 
 Auto vars:     Size  Location     Type
  sp              1   11[BANK0 ] PTR unsigned char 
		 -> get_temp@decimal(3), get_temp@temperature(6), 
  tmpval          4    0        struct .
  val             2    9[BANK0 ] unsigned int 
  cp              2    0        PTR const unsigned char 
  len             2    0        unsigned int 
  c               1   12[BANK0 ] unsigned char 
  prec            1    8[BANK0 ] char 
  flag            1    7[BANK0 ] unsigned char 
  ap              1    6[BANK0 ] PTR void [1]
		 -> ?_sprintf(2), 
 Return value:  Size  Location     Type
                  2    0[BANK0 ] int 
 Registers used:
		wreg, fsr0l, fsr0h, status,2, status,0, btemp+1, pclath, cstack
 Tracked objects:
		On entry : 
		On exit  : 
		Unchanged: 
 Data sizes:     COMMON   BANK0   BANK1   BANK3   BANK2
      Params:         0       3       0       0       0
      Locals:         0       7       0       0       0
      Temps:          0       3       0       0       0
      Totals:         0      13       0       0       0
Total ram usage:       13 bytes
 Hardware stack levels used:    1
 Hardware stack levels required when called:    1
 This function calls:
		___lwdiv
		___lwmod
 This function is called by:
		_get_temp
 This function uses a non-reentrant model


 *************** function ___lwmod *****************
 Defined at:
		line 5 in file "D:\Program Files (x86)\Microchip\xc8\v2.05\pic\sources\c90\common\lwmod.c"
 Parameters:    Size  Location     Type
  divisor         2    8[COMMON] unsigned int 
  dividend        2   10[COMMON] unsigned int 
 Auto vars:     Size  Location     Type
  counter         1   13[COMMON] unsigned char 
 Return value:  Size  Location     Type
                  2    8[COMMON] unsigned int 
 Registers used:
		wreg, status,2, status,0
 Tracked objects:
		On entry : 
		On exit  : 
		Unchanged: 
 Data sizes:     COMMON   BANK0   BANK1   BANK3   BANK2
      Params:         4       0       0       0       0
      Locals:         1       0       0       0       0
      Temps:          1       0       0       0       0
      Totals:         6       0       0       0       0
Total ram usage:        6 bytes
 Hardware stack levels used:    1
 This function calls:
		Nothing
 This function is called by:
		_sprintf
 This function uses a non-reentrant model


 *************** function ___lwdiv *****************
 Defined at:
		line 5 in file "D:\Program Files (x86)\Microchip\xc8\v2.05\pic\sources\c90\common\lwdiv.c"
 Parameters:    Size  Location     Type
  divisor         2    0[COMMON] unsigned int 
  dividend        2    2[COMMON] unsigned int 
 Auto vars:     Size  Location     Type
  quotient        2    5[COMMON] unsigned int 
  counter         1    7[COMMON] unsigned char 
 Return value:  Size  Location     Type
                  2    0[COMMON] unsigned int 
 Registers used:
		wreg, status,2, status,0
 Tracked objects:
		On entry : 
		On exit  : 
		Unchanged: 
 Data sizes:     COMMON   BANK0   BANK1   BANK3   BANK2
      Params:         4       0       0       0       0
      Locals:         3       0       0       0       0
      Temps:          1       0       0       0       0
      Totals:         8       0       0       0       0
Total ram usage:        8 bytes
 Hardware stack levels used:    1
 This function calls:
		Nothing
 This function is called by:
		_sprintf
 This function uses a non-reentrant model


 *************** function ___bmul *****************
 Defined at:
		line 4 in file "D:\Program Files (x86)\Microchip\xc8\v2.05\pic\sources\c90\common\Umul8.c"
 Parameters:    Size  Location     Type
  multiplier      1    wreg     unsigned char 
  multiplicand    1    0[COMMON] unsigned char 
 Auto vars:     Size  Location     Type
  multiplier      1    3[COMMON] unsigned char 
  product         1    2[COMMON] unsigned char 
 Return value:  Size  Location     Type
                  1    wreg      unsigned char 
 Registers used:
		wreg, status,2, status,0
 Tracked objects:
		On entry : 
		On exit  : 
		Unchanged: 
 Data sizes:     COMMON   BANK0   BANK1   BANK3   BANK2
      Params:         1       0       0       0       0
      Locals:         2       0       0       0       0
      Temps:          1       0       0       0       0
      Totals:         4       0       0       0       0
Total ram usage:        4 bytes
 Hardware stack levels used:    1
 This function calls:
		Nothing
 This function is called by:
		_get_temp
 This function uses a non-reentrant model


 *************** function _I2C_Master_RepeatedStart *****************
 Defined at:
		line 47 in file "./I2C.h"
 Parameters:    Size  Location     Type
		None
 Auto vars:     Size  Location     Type
		None
 Return value:  Size  Location     Type
                  1    wreg      void 
 Registers used:
		wreg, status,2, status,0, pclath, cstack
 Tracked objects:
		On entry : 
		On exit  : 
		Unchanged: 
 Data sizes:     COMMON   BANK0   BANK1   BANK3   BANK2
      Params:         0       0       0       0       0
      Locals:         0       0       0       0       0
      Temps:          0       0       0       0       0
      Totals:         0       0       0       0       0
Total ram usage:        0 bytes
 Hardware stack levels used:    1
 Hardware stack levels required when called:    1
 This function calls:
		_I2C_Master_Wait
 This function is called by:
		_get_time
		_get_temp
		_get_day
 This function uses a non-reentrant model


 *************** function _get_hall *****************
 Defined at:
		line 232 in file "mainMaster.c"
 Parameters:    Size  Location     Type
		None
 Auto vars:     Size  Location     Type
  key             1    7[COMMON] unsigned char 
 Return value:  Size  Location     Type
                  1    wreg      unsigned char 
 Registers used:
		wreg, status,2, status,0, pclath, cstack
 Tracked objects:
		On entry : 
		On exit  : 
		Unchanged: 
 Data sizes:     COMMON   BANK0   BANK1   BANK3   BANK2
      Params:         0       0       0       0       0
      Locals:         1       0       0       0       0
      Temps:          1       0       0       0       0
      Totals:         2       0       0       0       0
Total ram usage:        2 bytes
 Hardware stack levels used:    1
 Hardware stack levels required when called:    2
 This function calls:
		_I2C_Master_Read
		_I2C_Master_Start
		_I2C_Master_Stop
		_I2C_Master_Write
 This function is called by:
		_main
 This function uses a non-reentrant model


 *************** function _get_PIR *****************
 Defined at:
		line 256 in file "mainMaster.c"
 Parameters:    Size  Location     Type
		None
 Auto vars:     Size  Location     Type
  PIR             1    7[COMMON] unsigned char 
 Return value:  Size  Location     Type
                  1    wreg      unsigned char 
 Registers used:
		wreg, status,2, status,0, pclath, cstack
 Tracked objects:
		On entry : 
		On exit  : 
		Unchanged: 
 Data sizes:     COMMON   BANK0   BANK1   BANK3   BANK2
      Params:         0       0       0       0       0
      Locals:         1       0       0       0       0
      Temps:          1       0       0       0       0
      Totals:         2       0       0       0       0
Total ram usage:        2 bytes
 Hardware stack levels used:    1
 Hardware stack levels required when called:    2
 This function calls:
		_I2C_Master_Read
		_I2C_Master_Start
		_I2C_Master_Stop
		_I2C_Master_Write
 This function is called by:
		_main
 This function uses a non-reentrant model


 *************** function _get_IR *****************
 Defined at:
		line 268 in file "mainMaster.c"
 Parameters:    Size  Location     Type
		None
 Auto vars:     Size  Location     Type
  IR              1    7[COMMON] unsigned char 
 Return value:  Size  Location     Type
                  1    wreg      unsigned char 
 Registers used:
		wreg, status,2, status,0, pclath, cstack
 Tracked objects:
		On entry : 
		On exit  : 
		Unchanged: 
 Data sizes:     COMMON   BANK0   BANK1   BANK3   BANK2
      Params:         0       0       0       0       0
      Locals:         1       0       0       0       0
      Temps:          1       0       0       0       0
      Totals:         2       0       0       0       0
Total ram usage:        2 bytes
 Hardware stack levels used:    1
 Hardware stack levels required when called:    2
 This function calls:
		_I2C_Master_Read
		_I2C_Master_Start
		_I2C_Master_Stop
		_I2C_Master_Write
 This function is called by:
		_main
 This function uses a non-reentrant model


 *************** function _I2C_Master_Write *****************
 Defined at:
		line 65 in file "./I2C.h"
 Parameters:    Size  Location     Type
  d               2    0[COMMON] unsigned int 
 Auto vars:     Size  Location     Type
		None
 Return value:  Size  Location     Type
                  1    wreg      void 
 Registers used:
		wreg, status,2, status,0, pclath, cstack
 Tracked objects:
		On entry : 
		On exit  : 
		Unchanged: 
 Data sizes:     COMMON   BANK0   BANK1   BANK3   BANK2
      Params:         2       0       0       0       0
      Locals:         0       0       0       0       0
      Temps:          0       0       0       0       0
      Totals:         2       0       0       0       0
Total ram usage:        2 bytes
 Hardware stack levels used:    1
 Hardware stack levels required when called:    1
 This function calls:
		_I2C_Master_Wait
 This function is called by:
		_get_time
		_get_temp
		_get_hall
		_get_tripwire
		_get_PIR
		_get_IR
		_write_RTC
		_get_day
 This function uses a non-reentrant model


 *************** function _I2C_Master_Stop *****************
 Defined at:
		line 55 in file "./I2C.h"
 Parameters:    Size  Location     Type
		None
 Auto vars:     Size  Location     Type
		None
 Return value:  Size  Location     Type
                  1    wreg      void 
 Registers used:
		wreg, status,2, status,0, pclath, cstack
 Tracked objects:
		On entry : 
		On exit  : 
		Unchanged: 
 Data sizes:     COMMON   BANK0   BANK1   BANK3   BANK2
      Params:         0       0       0       0       0
      Locals:         0       0       0       0       0
      Temps:          0       0       0       0       0
      Totals:         0       0       0       0       0
Total ram usage:        0 bytes
 Hardware stack levels used:    1
 Hardware stack levels required when called:    1
 This function calls:
		_I2C_Master_Wait
 This function is called by:
		_get_time
		_get_temp
		_get_hall
		_get_tripwire
		_get_PIR
		_get_IR
		_write_RTC
		_get_day
 This function uses a non-reentrant model


 *************** function _I2C_Master_Start *****************
 Defined at:
		line 39 in file "./I2C.h"
 Parameters:    Size  Location     Type
		None
 Auto vars:     Size  Location     Type
		None
 Return value:  Size  Location     Type
                  1    wreg      void 
 Registers used:
		wreg, status,2, status,0, pclath, cstack
 Tracked objects:
		On entry : 
		On exit  : 
		Unchanged: 
 Data sizes:     COMMON   BANK0   BANK1   BANK3   BANK2
      Params:         0       0       0       0       0
      Locals:         0       0       0       0       0
      Temps:          0       0       0       0       0
      Totals:         0       0       0       0       0
Total ram usage:        0 bytes
 Hardware stack levels used:    1
 Hardware stack levels required when called:    1
 This function calls:
		_I2C_Master_Wait
 This function is called by:
		_get_time
		_get_temp
		_get_hall
		_get_tripwire
		_get_PIR
		_get_IR
		_write_RTC
		_get_day
 This function uses a non-reentrant model


 *************** function _I2C_Master_Read *****************
 Defined at:
		line 74 in file "./I2C.h"
 Parameters:    Size  Location     Type
  a               2    0[COMMON] unsigned short 
 Auto vars:     Size  Location     Type
  temp            2    4[COMMON] unsigned short 
 Return value:  Size  Location     Type
                  2    0[COMMON] unsigned short 
 Registers used:
		wreg, status,2, status,0, pclath, cstack
 Tracked objects:
		On entry : 
		On exit  : 
		Unchanged: 
 Data sizes:     COMMON   BANK0   BANK1   BANK3   BANK2
      Params:         2       0       0       0       0
      Locals:         2       0       0       0       0
      Temps:          2       0       0       0       0
      Totals:         6       0       0       0       0
Total ram usage:        6 bytes
 Hardware stack levels used:    1
 Hardware stack levels required when called:    1
 This function calls:
		_I2C_Master_Wait
 This function is called by:
		_get_time
		_get_temp
		_get_hall
		_get_tripwire
		_get_PIR
		_get_IR
		_get_day
 This function uses a non-reentrant model


 *************** function _I2C_Master_Wait *****************
 Defined at:
		line 32 in file "./I2C.h"
 Parameters:    Size  Location     Type
		None
 Auto vars:     Size  Location     Type
		None
 Return value:  Size  Location     Type
                  1    wreg      void 
 Registers used:
		wreg, status,2
 Tracked objects:
		On entry : 
		On exit  : 
		Unchanged: 
 Data sizes:     COMMON   BANK0   BANK1   BANK3   BANK2
      Params:         0       0       0       0       0
      Locals:         0       0       0       0       0
      Temps:          0       0       0       0       0
      Totals:         0       0       0       0       0
Total ram usage:        0 bytes
 Hardware stack levels used:    1
 This function calls:
		Nothing
 This function is called by:
		_I2C_Master_Start
		_I2C_Master_RepeatedStart
		_I2C_Master_Stop
		_I2C_Master_Write
		_I2C_Master_Read
 This function uses a non-reentrant model


 *************** function _UART_Write_Text *****************
 Defined at:
		line 60 in file "./UART.h"
 Parameters:    Size  Location     Type
  text            1    wreg     PTR unsigned char 
		 -> NULL(0), get_temp@temperature(6), get_time@string_time(6), 
 Auto vars:     Size  Location     Type
  text            1    4[COMMON] PTR unsigned char 
		 -> NULL(0), get_temp@temperature(6), get_time@string_time(6), 
  i               2    2[COMMON] int 
 Return value:  Size  Location     Type
                  1    wreg      void 
 Registers used:
		wreg, fsr0l, fsr0h, status,2, status,0, pclath, cstack
 Tracked objects:
		On entry : 
		On exit  : 
		Unchanged: 
 Data sizes:     COMMON   BANK0   BANK1   BANK3   BANK2
      Params:         0       0       0       0       0
      Locals:         3       0       0       0       0
      Temps:          1       0       0       0       0
      Totals:         4       0       0       0       0
Total ram usage:        4 bytes
 Hardware stack levels used:    1
 Hardware stack levels required when called:    1
 This function calls:
		_UART_Write
 This function is called by:
		_main
 This function uses a non-reentrant model


 *************** function _UART_Write *****************
 Defined at:
		line 54 in file "./UART.h"
 Parameters:    Size  Location     Type
  data            1    wreg     unsigned char 
 Auto vars:     Size  Location     Type
  data            1    0[COMMON] unsigned char 
 Return value:  Size  Location     Type
                  1    wreg      void 
 Registers used:
		wreg
 Tracked objects:
		On entry : 
		On exit  : 
		Unchanged: 
 Data sizes:     COMMON   BANK0   BANK1   BANK3   BANK2
      Params:         0       0       0       0       0
      Locals:         1       0       0       0       0
      Temps:          0       0       0       0       0
      Totals:         1       0       0       0       0
Total ram usage:        1 bytes
 Hardware stack levels used:    1
 This function calls:
		Nothing
 This function is called by:
		_UART_Write_Text
		_main
 This function uses a non-reentrant model


 *************** function _Lcd_Write_String *****************
 Defined at:
		line 100 in file "./LCD4bits.h"
 Parameters:    Size  Location     Type
  a               2    5[COMMON] PTR unsigned char 
		 -> NULL(0), get_temp@temperature(6), get_time@string_time(6), STR_9(7), 
		 -> STR_8(7), STR_7(8), STR_6(8), STR_5(9), 
		 -> STR_4(9), STR_3(12), STR_2(12), 
 Auto vars:     Size  Location     Type
  i               2   10[COMMON] int 
 Return value:  Size  Location     Type
                  1    wreg      void 
 Registers used:
		wreg, fsr0l, fsr0h, status,2, status,0, btemp+1, pclath, cstack
 Tracked objects:
		On entry : 
		On exit  : 
		Unchanged: 
 Data sizes:     COMMON   BANK0   BANK1   BANK3   BANK2
      Params:         2       0       0       0       0
      Locals:         2       0       0       0       0
      Temps:          3       0       0       0       0
      Totals:         7       0       0       0       0
Total ram usage:        7 bytes
 Hardware stack levels used:    1
 Hardware stack levels required when called:    2
 This function calls:
		_Lcd_Write_Char
 This function is called by:
		_main
 This function uses a non-reentrant model


 *************** function _Lcd_Write_Char *****************
 Defined at:
		line 84 in file "./LCD4bits.h"
 Parameters:    Size  Location     Type
  a               1    wreg     unsigned char 
 Auto vars:     Size  Location     Type
  a               1    4[COMMON] unsigned char 
  y               1    3[COMMON] unsigned char 
  temp            1    2[COMMON] unsigned char 
 Return value:  Size  Location     Type
                  1    wreg      void 
 Registers used:
		wreg, status,2, status,0, pclath, cstack
 Tracked objects:
		On entry : 
		On exit  : 
		Unchanged: 
 Data sizes:     COMMON   BANK0   BANK1   BANK3   BANK2
      Params:         0       0       0       0       0
      Locals:         3       0       0       0       0
      Temps:          1       0       0       0       0
      Totals:         4       0       0       0       0
Total ram usage:        4 bytes
 Hardware stack levels used:    1
 Hardware stack levels required when called:    1
 This function calls:
		_Lcd_Port
 This function is called by:
		_Lcd_Write_String
		_main
 This function uses a non-reentrant model


 *************** function _Lcd_Set_Cursor *****************
 Defined at:
		line 44 in file "./LCD4bits.h"
 Parameters:    Size  Location     Type
  a               1    wreg     unsigned char 
  b               1    4[COMMON] unsigned char 
 Auto vars:     Size  Location     Type
  a               1    7[COMMON] unsigned char 
  temp            1   10[COMMON] unsigned char 
  y               1    9[COMMON] unsigned char 
  z               1    8[COMMON] unsigned char 
 Return value:  Size  Location     Type
                  1    wreg      void 
 Registers used:
		wreg, status,2, status,0, pclath, cstack
 Tracked objects:
		On entry : 
		On exit  : 
		Unchanged: 
 Data sizes:     COMMON   BANK0   BANK1   BANK3   BANK2
      Params:         1       0       0       0       0
      Locals:         4       0       0       0       0
      Temps:          2       0       0       0       0
      Totals:         7       0       0       0       0
Total ram usage:        7 bytes
 Hardware stack levels used:    1
 Hardware stack levels required when called:    2
 This function calls:
		_Lcd_Cmd
 This function is called by:
		_main
 This function uses a non-reentrant model


 *************** function _Lcd_Clear *****************
 Defined at:
		line 38 in file "./LCD4bits.h"
 Parameters:    Size  Location     Type
		None
 Auto vars:     Size  Location     Type
		None
 Return value:  Size  Location     Type
                  1    wreg      void 
 Registers used:
		wreg, status,2, status,0, pclath, cstack
 Tracked objects:
		On entry : 
		On exit  : 
		Unchanged: 
 Data sizes:     COMMON   BANK0   BANK1   BANK3   BANK2
      Params:         0       0       0       0       0
      Locals:         0       0       0       0       0
      Temps:          0       0       0       0       0
      Totals:         0       0       0       0       0
Total ram usage:        0 bytes
 Hardware stack levels used:    1
 Hardware stack levels required when called:    2
 This function calls:
		_Lcd_Cmd
 This function is called by:
		_main
 This function uses a non-reentrant model


 *************** function _Lcd_Cmd *****************
 Defined at:
		line 29 in file "./LCD4bits.h"
 Parameters:    Size  Location     Type
  a               1    wreg     unsigned char 
 Auto vars:     Size  Location     Type
  a               1    3[COMMON] unsigned char 
 Return value:  Size  Location     Type
                  1    wreg      void 
 Registers used:
		wreg, status,2, status,0, pclath, cstack
 Tracked objects:
		On entry : 
		On exit  : 
		Unchanged: 
 Data sizes:     COMMON   BANK0   BANK1   BANK3   BANK2
      Params:         0       0       0       0       0
      Locals:         1       0       0       0       0
      Temps:          2       0       0       0       0
      Totals:         3       0       0       0       0
Total ram usage:        3 bytes
 Hardware stack levels used:    1
 Hardware stack levels required when called:    1
 This function calls:
		_Lcd_Port
 This function is called by:
		_Lcd_Clear
		_Lcd_Set_Cursor
		_Lcd_Init
		_Lcd_Shift_Right
		_Lcd_Shift_Left
 This function uses a non-reentrant model


 *************** function _Lcd_Port *****************
 Defined at:
		line 7 in file "./LCD4bits.h"
 Parameters:    Size  Location     Type
  a               1    wreg     unsigned char 
 Auto vars:     Size  Location     Type
  a               1    0[COMMON] unsigned char 
 Return value:  Size  Location     Type
                  1    wreg      void 
 Registers used:
		wreg
 Tracked objects:
		On entry : 
		On exit  : 
		Unchanged: 
 Data sizes:     COMMON   BANK0   BANK1   BANK3   BANK2
      Params:         0       0       0       0       0
      Locals:         1       0       0       0       0
      Temps:          0       0       0       0       0
      Totals:         1       0       0       0       0
Total ram usage:        1 bytes
 Hardware stack levels used:    1
 This function calls:
		Nothing
 This function is called by:
		_Lcd_Cmd
		_Lcd_Init
		_Lcd_Write_Char
 This function uses a non-reentrant model



MODULE INFORMATION

Module		Function		Class		Link	Load	Size
./LCD4bits.h
		_Lcd_Write_String		CODE           	01B7	0000	62
		_Lcd_Init      		CODE           	0293	0000	92
		_Lcd_Write_Char		CODE           	0107	0000	58
		_Lcd_Cmd       		CODE           	0EFE	0000	27
		_Lcd_Set_Cursor		CODE           	01F4	0000	75
		_Lcd_Clear     		CODE           	0068	0000	12
		_Lcd_Port      		CODE           	0EE4	0000	27

./LCD4bits.h estimated size: 353

D:\Program Files (x86)\Microchip\xc8\v2.05\pic\sources\c90\common\doprnt.c
		_sprintf       		CODE           	05C4	0000	217

D:\Program Files (x86)\Microchip\xc8\v2.05\pic\sources\c90\common\doprnt.c estimated size: 217

D:\Program Files (x86)\Microchip\xc8\v2.05\pic\sources\c90\common\lwmod.c
		___lwmod       		CODE           	009F	0000	51

D:\Program Files (x86)\Microchip\xc8\v2.05\pic\sources\c90\common\lwmod.c estimated size: 51

./UART.h
		_UART_Init     		CODE           	04EE	0000	215
		_UART_Write_Text		CODE           	0F18	0000	31
		_UART_Write    		CODE           	0EC9	0000	11

./UART.h estimated size: 257

mainMaster.c
		_get_hall      		CODE           	0F74	0000	32
		_get_temp      		CODE           	0451	0000	158
		_get_IR        		CODE           	0F36	0000	32
		_main          		CODE           	069C	0000	344
		_get_time      		CODE           	034C	0000	119
		_setup         		CODE           	0140	0000	60
		_get_PIR       		CODE           	0F55	0000	32
		_get_tripwire  		CODE           	0F93	0000	32

mainMaster.c estimated size: 809

D:\Program Files (x86)\Microchip\xc8\v2.05\pic\sources\c90\common\__lldiv.c
		___lldiv       		CODE           	02EE	0000	95

D:\Program Files (x86)\Microchip\xc8\v2.05\pic\sources\c90\common\__lldiv.c estimated size: 95

D:\Program Files (x86)\Microchip\xc8\v2.05\pic\sources\c90\common\strcat.c
		_strcat        		CODE           	0FB2	0000	37

D:\Program Files (x86)\Microchip\xc8\v2.05\pic\sources\c90\common\strcat.c estimated size: 37

shared
		__stringtab    		STRING         	0003	0000	17
		_dpowers       		STRING         	0013	0000	11
		__initialization		CODE           	07F3	0000	10

shared estimated size: 38

D:\Program Files (x86)\Microchip\xc8\v2.05\pic\sources\c90\common\lwdiv.c
		___lwdiv       		CODE           	017B	0000	61

D:\Program Files (x86)\Microchip\xc8\v2.05\pic\sources\c90\common\lwdiv.c estimated size: 61

D:\Program Files (x86)\Microchip\xc8\v2.05\pic\sources\c90\common\aldiv.c
		___aldiv       		CODE           	03C2	0000	144

D:\Program Files (x86)\Microchip\xc8\v2.05\pic\sources\c90\common\aldiv.c estimated size: 144

D:\Program Files (x86)\Microchip\xc8\v2.05\pic\sources\c90\common\strcmp.c
		_strcmp        		CODE           	0FD6	0000	43

D:\Program Files (x86)\Microchip\xc8\v2.05\pic\sources\c90\common\strcmp.c estimated size: 43

D:\Program Files (x86)\Microchip\xc8\v2.05\pic\sources\c90\common\Umul8.c
		___bmul        		CODE           	0ED3	0000	18

D:\Program Files (x86)\Microchip\xc8\v2.05\pic\sources\c90\common\Umul8.c estimated size: 18

./Oscilador.h
		_initOscilador 		CODE           	023E	0000	86

./Oscilador.h estimated size: 86

./I2C.h
		_I2C_Master_Read		CODE           	0073	0000	45
		_I2C_Master_Wait		CODE           	0EC0	0000	10
		_I2C_Master_Init		CODE           	00D1	0000	55
		_I2C_Master_Stop		CODE           	0EAA	0000	8
		_I2C_Master_RepeatedStart		CODE           	0EB1	0000	8
		_I2C_Master_Write		CODE           	0EB8	0000	9
		_I2C_Master_Start		CODE           	0EA3	0000	8

./I2C.h estimated size: 143

