Microchip MPLAB XC8 Compiler V2.05 ()

Linker command line:

-W-3 --edf=D:\Program Files (x86)\Microchip\xc8\v2.05\pic\dat\en_msgs.txt \
  -cs -h+dist/default/production\MasterProyecto.X.production.sym \
  --cmf=dist/default/production\MasterProyecto.X.production.cmf -z -Q16F887 \
  -oC:\Users\kit_s\AppData\Local\Temp\sfug.2 --defsym=__MPLAB_BUILD=1 \
  -Mdist/default/production/MasterProyecto.X.production.map -E1 -ver=XC8 \
  --acfsm=1493 -ASTACK=0110h-016Fh -pstack=STACK -ACODE=00h-07FFhx4 \
  -ASTRCODE=00h-01FFFh -ASTRING=00h-0FFhx32 -ACONST=00h-0FFhx32 \
  -AENTRY=00h-0FFhx32 -ACOMMON=070h-07Fh -ABANK0=020h-06Fh \
  -ABANK1=0A0h-0EFh -ABANK2=0110h-016Fh -ABANK3=0190h-01EFh \
  -ARAM=020h-06Fh,0A0h-0EFh,0110h-016Fh,0190h-01EFh \
  -AABS1=020h-07Fh,0A0h-0EFh,0110h-016Fh,0190h-01EFh -ASFR0=00h-01Fh \
  -ASFR1=080h-09Fh -ASFR2=0100h-010Fh -ASFR3=0180h-018Fh \
  -preset_vec=00h,intentry=04h,init,end_init -ppowerup=CODE -pcinit=CODE \
  -pfunctab=ENTRY -ACONFIG=02007h-02008h -pconfig=CONFIG -DCONFIG=2 \
  -AIDLOC=02000h-02003h -pidloc=IDLOC -DIDLOC=2 -AEEDATA=00h-0FFh/02100h \
  -peeprom_data=EEDATA -DEEDATA=2 -DCODE=2 -DSTRCODE=2 -DSTRING=2 -DCONST=2 \
  -DENTRY=2 -k C:\Users\kit_s\AppData\Local\Temp\sfug.o \
  dist/default/production\MasterProyecto.X.production.o 

Object code version is 3.11

Machine type is 16F887



                Name                               Link     Load   Length Selector   Space Scale
C:\Users\kit_s\AppData\Local\Temp\sfug.o
                end_init                              C        C        3        8       0
                reset_vec                             0        0        3        0       0
                config                             2007     2007        2     400E       0
dist/default/production\MasterProyecto.X.production.o
                cinit                                 F        F        E        8       0
                intentry                              4        4        8        8       0
                text37                              CA1      CA1       1F     1942       0
                text36                              C37      C37       1A     186E       0
                text35                              C51      C51       1A     18A2       0
                text34                              C1B      C1B        B     1836       0
                text33                              4B0      4B0       50        8       0
                text32                              E08      E08       39     1C10       0
                text31                              EB9      EB9       41     1D72       0
                text30                              BDD      BDD        6     17BA       0
                text29                              C11      C11        A     1822       0
                text28                              C08      C08        9     1810       0
                text27                              BE3      BE3        7     17C6       0
                text26                              BEA      BEA        7     17D4       0
                text25                              BF8      BF8        8     17F0       0
                text24                              C6B      C6B       1B     18D6       0
                text23                              7CE      7CE       2E      B66       0
                text22                              CC0      CC0       23     1980       0
                text21                              CE3      CE3       23     19C6       0
                text20                              BF1      BF1        7     17E2       0
                text19                              E41      E41       3A     1C82       0
                text18                              D06      D06       23     1A0C       0
                text17                              C26      C26       11     184C       0
                text16                              E7B      E7B       3E     1CF6       0
                text15                              D9C      D9C       34     1B38       0
                text14                              2FE      2FE       DA        8       0
                text13                              D4C      D4C       24     1A98       0
                text12                              5B3      5B3       A3      B66       0
                text11                              6E5      6E5       89      B66       0
                text10                              D29      D29       23     1A52       0
                text9                               C86      C86       1B     190C       0
                text8                               FA0      FA0       60     1F40       0
                text7                               DD0      DD0       38     1BA0       0
                text6                               76E      76E       60      B66       0
                text5                               656      656       8F      B66       0
                text4                               3D8      3D8       D8        8       0
                text3                               F4B      F4B       55     1E96       0
                text2                               EFA      EFA       51     1DF4       0
                text1                               D70      D70       2C     1AE0       0
                maintext                             1D       1D      2E1        8       0
                cstackBANK0                          20       20       21       20       1
                cstackCOMMON                         70       70        8       70       1
                clrtext                             C00      C00        8     1800       0
                bssBANK0                             41       41       1A       20       1
                bssCOMMON                            78       78        3       70       1
                strings                             500      500       B3      A00       0

TOTAL           Name                               Link     Load   Length     Space
        CLASS   STACK          

        CLASS   CODE           
                end_init                              C        C        3         0
                cinit                                 F        F        E         0
                intentry                              4        4        8         0
                reset_vec                             0        0        3         0
                text37                              CA1      CA1       1F         0
                text36                              C37      C37       1A         0
                text35                              C51      C51       1A         0
                text34                              C1B      C1B        B         0
                text33                              4B0      4B0       50         0
                text32                              E08      E08       39         0
                text31                              EB9      EB9       41         0
                text30                              BDD      BDD        6         0
                text29                              C11      C11        A         0
                text28                              C08      C08        9         0
                text27                              BE3      BE3        7         0
                text26                              BEA      BEA        7         0
                text25                              BF8      BF8        8         0
                text24                              C6B      C6B       1B         0
                text23                              7CE      7CE       2E         0
                text22                              CC0      CC0       23         0
                text21                              CE3      CE3       23         0
                text20                              BF1      BF1        7         0
                text19                              E41      E41       3A         0
                text18                              D06      D06       23         0
                text17                              C26      C26       11         0
                text16                              E7B      E7B       3E         0
                text15                              D9C      D9C       34         0
                text14                              2FE      2FE       DA         0
                text13                              D4C      D4C       24         0
                text12                              5B3      5B3       A3         0
                text11                              6E5      6E5       89         0
                text10                              D29      D29       23         0
                text9                               C86      C86       1B         0
                text8                               FA0      FA0       60         0
                text7                               DD0      DD0       38         0
                text6                               76E      76E       60         0
                text5                               656      656       8F         0
                text4                               3D8      3D8       D8         0
                text3                               F4B      F4B       55         0
                text2                               EFA      EFA       51         0
                text1                               D70      D70       2C         0
                maintext                             1D       1D      2E1         0
                clrtext                             C00      C00        8         0

        CLASS   STRCODE        

        CLASS   STRING         
                strings                             500      500       B3         0

        CLASS   CONST          

        CLASS   ENTRY          

        CLASS   COMMON         
                cstackCOMMON                         70       70        8         1
                bssCOMMON                            78       78        3         1

        CLASS   BANK0          
                cstackBANK0                          20       20       21         1
                bssBANK0                             41       41       1A         1

        CLASS   BANK1          

        CLASS   BANK2          

        CLASS   BANK3          

        CLASS   RAM            

        CLASS   ABS1           
                abs_s1                               7E       7E        2         1

        CLASS   SFR0           

        CLASS   SFR1           

        CLASS   SFR2           

        CLASS   SFR3           

        CLASS   CONFIG         
                config                             2007     2007        2         0

        CLASS   IDLOC          

        CLASS   EEDATA         



SEGMENTS        Name                           Load    Length   Top    Selector   Space  Class     Delta

                reset_vec                      000000  000003  000003         0       0  CODE        2
                intentry                       000004  0004FC  000500         8       0  CODE        2
                cstackBANK0                    000020  00003B  00005B        20       1  BANK0       1
                cstackCOMMON                   000070  00000B  00007B        70       1  COMMON      1
                strings                        000500  0000B3  0005B3       A00       0  STRING      2
                text12                         0005B3  000249  0007FC       B66       0  CODE        2
                text30                         000BDD  000006  000BE3      17BA       0  CODE        2
                text27                         000BE3  000007  000BEA      17C6       0  CODE        2
                text26                         000BEA  000007  000BF1      17D4       0  CODE        2
                text20                         000BF1  000007  000BF8      17E2       0  CODE        2
                text25                         000BF8  000008  000C00      17F0       0  CODE        2
                clrtext                        000C00  000008  000C08      1800       0  CODE        2
                text28                         000C08  000009  000C11      1810       0  CODE        2
                text29                         000C11  00000A  000C1B      1822       0  CODE        2
                text34                         000C1B  00000B  000C26      1836       0  CODE        2
                text17                         000C26  000011  000C37      184C       0  CODE        2
                text36                         000C37  00001A  000C51      186E       0  CODE        2
                text35                         000C51  00001A  000C6B      18A2       0  CODE        2
                text24                         000C6B  00001B  000C86      18D6       0  CODE        2
                text9                          000C86  00001B  000CA1      190C       0  CODE        2
                text37                         000CA1  00001F  000CC0      1942       0  CODE        2
                text22                         000CC0  000023  000CE3      1980       0  CODE        2
                text21                         000CE3  000023  000D06      19C6       0  CODE        2
                text18                         000D06  000023  000D29      1A0C       0  CODE        2
                text10                         000D29  000023  000D4C      1A52       0  CODE        2
                text13                         000D4C  000024  000D70      1A98       0  CODE        2
                text1                          000D70  00002C  000D9C      1AE0       0  CODE        2
                text15                         000D9C  000034  000DD0      1B38       0  CODE        2
                text7                          000DD0  000038  000E08      1BA0       0  CODE        2
                text32                         000E08  000039  000E41      1C10       0  CODE        2
                text19                         000E41  00003A  000E7B      1C82       0  CODE        2
                text16                         000E7B  00003E  000EB9      1CF6       0  CODE        2
                text31                         000EB9  000041  000EFA      1D72       0  CODE        2
                text2                          000EFA  000051  000F4B      1DF4       0  CODE        2
                text3                          000F4B  000055  000FA0      1E96       0  CODE        2
                text8                          000FA0  000060  001000      1F40       0  CODE        2
                config                         002007  000002  002009      400E       0  CONFIG      2


UNUSED ADDRESS RANGES

        Name                Unused          Largest block    Delta
        BANK0            005B-006F             15           1
        BANK1            00A0-00EF             50           1
        BANK2            0110-016F             60           1
        BANK3            0190-01EF             60           1
        CODE             0003-0003              1           2
                         07FC-0BDC              4
                         1000-1FFF            800
        COMMON           007B-007D              3           1
        CONST            0003-0003              1           2
                         07FC-0BDC            100
                         1000-1FFF            100
        EEDATA           2100-21FF            100           2
        ENTRY            0003-0003              1           2
                         07FC-0BDC            100
                         1000-1FFF            100
        IDLOC            2000-2003              4           2
        RAM              005B-006F             15           1
                         00A0-00EF             50
                         0110-016F             60
                         0190-01EF             60
        SFR0             0000-001F             20           1
        SFR1             0080-009F             20           1
        SFR2             0100-010F             10           1
        SFR3             0180-018F             10           1
        STACK            0110-016F             60           1
        STRCODE          0003-0003              1           2
                         07FC-0BDC            3E1
                         1000-1FFF           1000
        STRING           0003-0003              1           2
                         07FC-0BDC            100
                         1000-1FFF            100

                                  Symbol Table

?_I2C_Master_Read                  cstackCOMMON 0073
?___aldiv                          cstackBANK0  0020
?___lldiv                          cstackBANK0  0020
?___lwdiv                          cstackCOMMON 0073
?___lwmod                          cstackBANK0  0023
?_sprintf                          cstackBANK0  0029
?_strcmp                           cstackCOMMON 0073
I2C_Master_Init@c                  cstackBANK0  002D
I2C_Master_Read@a                  cstackCOMMON 0073
I2C_Master_Read@temp               cstackBANK0  0020
I2C_Master_Write@d                 cstackCOMMON 0073
Lcd_Cmd@a                          cstackCOMMON 0076
Lcd_Port@a                         cstackCOMMON 0073
Lcd_Set_Cursor@a                   cstackBANK0  0022
Lcd_Set_Cursor@b                   cstackCOMMON 0077
Lcd_Set_Cursor@temp                cstackBANK0  0025
Lcd_Set_Cursor@y                   cstackBANK0  0024
Lcd_Set_Cursor@z                   cstackBANK0  0023
Lcd_Write_Char@a                   cstackCOMMON 0077
Lcd_Write_Char@temp                cstackCOMMON 0075
Lcd_Write_Char@y                   cstackCOMMON 0076
Lcd_Write_String@a                 cstackBANK0  0020
Lcd_Write_String@i                 cstackBANK0  0025
UART_Init@baudrate                 cstackBANK0  002E
UART_Init@x                        cstackCOMMON 0074
UART_Write@data                    cstackCOMMON 0073
_ANSEL                             (abs)        0188
_ANSELH                            (abs)        0189
_BRGH                              (abs)        04C2
_CREN                              (abs)        00C4
_GIE                               (abs)        005F
_I2C_Master_Init                   text7        0DD0
_I2C_Master_Read                   text23       07CE
_I2C_Master_RepeatedStart          text20       0BF1
_I2C_Master_Start                  text27       0BE3
_I2C_Master_Stop                   text26       0BEA
_I2C_Master_Wait                   text28       0C08
_I2C_Master_Write                  text25       0BF8
_INTCONbits                        (abs)        000B
_IR                                bssBANK0     004C
_Lcd_Clear                         text34       0C1B
_Lcd_Cmd                           text35       0C51
_Lcd_Init                          text6        076E
_Lcd_Port                          text36       0C37
_Lcd_Set_Cursor                    text33       04B0
_Lcd_Write_Char                    text32       0E08
_Lcd_Write_String                  text31       0EB9
_OPTION_REGbits                    (abs)        0081
_OSCCONbits                        (abs)        008F
_PEIE                              (abs)        005E
_PIR                               bssBANK0     004D
_PORTA                             (abs)        0005
_PORTAbits                         (abs)        0005
_PORTB                             (abs)        0006
_PORTBbits                         (abs)        0006
_PORTC                             (abs)        0007
_PORTCbits                         (abs)        0007
_PORTDbits                         (abs)        0008
_RCEN                              (abs)        048B
_RCIF                              (abs)        0065
_RCREG                             (abs)        001A
_RCSTAbits                         (abs)        0018
_SPBRG                             (abs)        0099
_SPEN                              (abs)        00C7
_SSPADD                            (abs)        0093
_SSPBUF                            (abs)        0013
_SSPCON                            (abs)        0014
_SSPCON2                           (abs)        0091
_SSPCON2bits                       (abs)        0091
_SSPCONbits                        (abs)        0014
_SSPIE                             (abs)        0463
_SSPIF                             (abs)        0063
_SSPSTAT                           (abs)        0094
_SYNC                              (abs)        04C4
_TMR0                              (abs)        0001
_TRISA                             (abs)        0085
_TRISB                             (abs)        0086
_TRISC                             (abs)        0087
_TRISC3                            (abs)        043B
_TRISC4                            (abs)        043C
_TRISC6                            (abs)        043E
_TRISC7                            (abs)        043F
_TRISCbits                         (abs)        0087
_TRISD                             (abs)        0088
_TRMT                              (abs)        04C1
_TXEN                              (abs)        04C5
_TXREG                             (abs)        0019
_UART_Init                         text4        03D8
_UART_TX_Empty                     text30       0BDD
_UART_Write                        text29       0C11
__CFG_BOR4V$BOR40V                 (abs)        0000
__CFG_BOREN$OFF                    (abs)        0000
__CFG_CP$OFF                       (abs)        0000
__CFG_CPD$OFF                      (abs)        0000
__CFG_FCMEN$OFF                    (abs)        0000
__CFG_FOSC$INTRC_NOCLKOUT          (abs)        0000
__CFG_IESO$OFF                     (abs)        0000
__CFG_LVP$OFF                      (abs)        0000
__CFG_MCLRE$ON                     (abs)        0000
__CFG_PWRTE$OFF                    (abs)        0000
__CFG_WDTE$OFF                     (abs)        0000
__CFG_WRT$OFF                      (abs)        0000
__Habs1                            abs1         0000
__Hbank0                           bank0        0000
__Hbank1                           bank1        0000
__Hbank2                           bank2        0000
__Hbank3                           bank3        0000
__HbssBANK0                        bssBANK0     0000
__HbssCOMMON                       bssCOMMON    0000
__Hcinit                           cinit        001D
__Hclrtext                         clrtext      0000
__Hcode                            code         0000
__Hcommon                          common       0000
__Hconfig                          config       2009
__HcstackBANK0                     cstackBANK0  0000
__HcstackCOMMON                    cstackCOMMON 0000
__Heeprom_data                     eeprom_data  0000
__Hend_init                        end_init     000F
__Hfunctab                         functab      0000
__Hidloc                           idloc        0000
__Hinit                            init         000C
__Hintentry                        intentry     000C
__Hmaintext                        maintext     0000
__Hpowerup                         powerup      0000
__Hram                             ram          0000
__Hreset_vec                       reset_vec    0003
__Hsfr0                            sfr0         0000
__Hsfr1                            sfr1         0000
__Hsfr2                            sfr2         0000
__Hsfr3                            sfr3         0000
__Hspace_0                         (abs)        2009
__Hspace_1                         (abs)        007B
__Hspace_2                         (abs)        0000
__Hspace_3                         (abs)        0000
__Hstack                           stack        0000
__Hstrings                         strings      0000
__Htext                            text         0000
__Labs1                            abs1         0000
__Lbank0                           bank0        0000
__Lbank1                           bank1        0000
__Lbank2                           bank2        0000
__Lbank3                           bank3        0000
__LbssBANK0                        bssBANK0     0000
__LbssCOMMON                       bssCOMMON    0000
__Lcinit                           cinit        000F
__Lclrtext                         clrtext      0000
__Lcode                            code         0000
__Lcommon                          common       0000
__Lconfig                          config       2007
__LcstackBANK0                     cstackBANK0  0000
__LcstackCOMMON                    cstackCOMMON 0000
__Leeprom_data                     eeprom_data  0000
__Lend_init                        end_init     000C
__Lfunctab                         functab      0000
__Lidloc                           idloc        0000
__Linit                            init         000C
__Lintentry                        intentry     0004
__Lmaintext                        maintext     0000
__Lpowerup                         powerup      0000
__Lram                             ram          0000
__Lreset_vec                       reset_vec    0000
__Lsfr0                            sfr0         0000
__Lsfr1                            sfr1         0000
__Lsfr2                            sfr2         0000
__Lsfr3                            sfr3         0000
__Lspace_0                         (abs)        0000
__Lspace_1                         (abs)        0000
__Lspace_2                         (abs)        0000
__Lspace_3                         (abs)        0000
__Lstack                           stack        0000
__Lstrings                         strings      0000
__Ltext                            text         0000
__S0                               (abs)        2009
__S1                               (abs)        007B
__S2                               (abs)        0000
__S3                               (abs)        0000
___aldiv                           text5        0656
___aldiv@counter                   cstackBANK0  0028
___aldiv@dividend                  cstackBANK0  0024
___aldiv@divisor                   cstackBANK0  0020
___aldiv@quotient                  cstackBANK0  002A
___aldiv@sign                      cstackBANK0  0029
___bmul                            text17       0C26
___bmul@multiplicand               cstackCOMMON 0073
___bmul@multiplier                 cstackCOMMON 0076
___bmul@product                    cstackCOMMON 0075
___int_sp                          stack        0000
___latbits                         (abs)        0002
___lldiv                           text8        0FA0
___lldiv@counter                   cstackBANK0  002C
___lldiv@dividend                  cstackBANK0  0024
___lldiv@divisor                   cstackBANK0  0020
___lldiv@quotient                  cstackBANK0  0028
___lwdiv                           text16       0E7B
___lwdiv@counter                   cstackBANK0  0020
___lwdiv@dividend                  cstackCOMMON 0075
___lwdiv@divisor                   cstackCOMMON 0073
___lwdiv@quotient                  cstackBANK0  0021
___lwmod                           text15       0D9C
___lwmod@counter                   cstackBANK0  0028
___lwmod@dividend                  cstackBANK0  0025
___lwmod@divisor                   cstackBANK0  0023
___sp                              stack        0000
___stackhi                         (abs)        0000
___stacklo                         (abs)        0000
__end_of_I2C_Master_Init           text7        0E08
__end_of_I2C_Master_Read           text23       07FC
__end_of_I2C_Master_RepeatedStart  text20       0BF8
__end_of_I2C_Master_Start          text27       0BEA
__end_of_I2C_Master_Stop           text26       0BF1
__end_of_I2C_Master_Wait           text28       0C11
__end_of_I2C_Master_Write          text25       0C00
__end_of_Lcd_Clear                 text34       0C26
__end_of_Lcd_Cmd                   text35       0C6B
__end_of_Lcd_Init                  text6        07CE
__end_of_Lcd_Port                  text36       0C51
__end_of_Lcd_Set_Cursor            text33       0500
__end_of_Lcd_Write_Char            text32       0E41
__end_of_Lcd_Write_String          text31       0EFA
__end_of_UART_Init                 text4        04B0
__end_of_UART_TX_Empty             text30       0BE3
__end_of_UART_Write                text29       0C1B
__end_of___aldiv                   text5        06E5
__end_of___bmul                    text17       0C37
__end_of___lldiv                   text8        1000
__end_of___lwdiv                   text16       0EB9
__end_of___lwmod                   text15       0DD0
__end_of__initialization           cinit        0019
__end_of__stringtab                strings      0510
__end_of_close_door                text24       0C86
__end_of_dpowers                   strings      051A
__end_of_get_IR                    text22       0CE3
__end_of_get_PIR                   text21       0D06
__end_of_get_day                   text19       0E7B
__end_of_get_hall                  text18       0D29
__end_of_get_temp                  text12       0656
__end_of_get_time                  text11       076E
__end_of_get_tripwire              text10       0D4C
__end_of_initOscilador             text3        0FA0
__end_of_main                      maintext     02FE
__end_of_manual_pwm                text37       0CC0
__end_of_open_door                 text9        0CA1
__end_of_setup                     text2        0F4B
__end_of_sprintf                   text14       03D8
__end_of_strcat                    text13       0D70
__end_of_strcmp                    text1        0D9C
__initialization                   cinit        000F
__pbssBANK0                        bssBANK0     0041
__pbssCOMMON                       bssCOMMON    0078
__pcstackBANK0                     cstackBANK0  0020
__pcstackCOMMON                    cstackCOMMON 0070
__pintentry                        intentry     0004
__pmaintext                        maintext     001D
__pstrings                         strings      0500
__ptext1                           text1        0D70
__ptext10                          text10       0D29
__ptext11                          text11       06E5
__ptext12                          text12       05B3
__ptext13                          text13       0D4C
__ptext14                          text14       02FE
__ptext15                          text15       0D9C
__ptext16                          text16       0E7B
__ptext17                          text17       0C26
__ptext18                          text18       0D06
__ptext19                          text19       0E41
__ptext2                           text2        0EFA
__ptext20                          text20       0BF1
__ptext21                          text21       0CE3
__ptext22                          text22       0CC0
__ptext23                          text23       07CE
__ptext24                          text24       0C6B
__ptext25                          text25       0BF8
__ptext26                          text26       0BEA
__ptext27                          text27       0BE3
__ptext28                          text28       0C08
__ptext29                          text29       0C11
__ptext3                           text3        0F4B
__ptext30                          text30       0BDD
__ptext31                          text31       0EB9
__ptext32                          text32       0E08
__ptext33                          text33       04B0
__ptext34                          text34       0C1B
__ptext35                          text35       0C51
__ptext36                          text36       0C37
__ptext37                          text37       0CA1
__ptext4                           text4        03D8
__ptext5                           text5        0656
__ptext6                           text6        076E
__ptext7                           text7        0DD0
__ptext8                           text8        0FA0
__ptext9                           text9        0C86
__size_of_I2C_Master_Init          (abs)        0000
__size_of_I2C_Master_Read          (abs)        0000
__size_of_I2C_Master_RepeatedStart (abs)        0000
__size_of_I2C_Master_Start         (abs)        0000
__size_of_I2C_Master_Stop          (abs)        0000
__size_of_I2C_Master_Wait          (abs)        0000
__size_of_I2C_Master_Write         (abs)        0000
__size_of_Lcd_Clear                (abs)        0000
__size_of_Lcd_Cmd                  (abs)        0000
__size_of_Lcd_Init                 (abs)        0000
__size_of_Lcd_Port                 (abs)        0000
__size_of_Lcd_Set_Cursor           (abs)        0000
__size_of_Lcd_Write_Char           (abs)        0000
__size_of_Lcd_Write_String         (abs)        0000
__size_of_UART_Init                (abs)        0000
__size_of_UART_TX_Empty            (abs)        0000
__size_of_UART_Write               (abs)        0000
__size_of___aldiv                  (abs)        0000
__size_of___bmul                   (abs)        0000
__size_of___lldiv                  (abs)        0000
__size_of___lwdiv                  (abs)        0000
__size_of___lwmod                  (abs)        0000
__size_of_close_door               (abs)        0000
__size_of_get_IR                   (abs)        0000
__size_of_get_PIR                  (abs)        0000
__size_of_get_day                  (abs)        0000
__size_of_get_hall                 (abs)        0000
__size_of_get_temp                 (abs)        0000
__size_of_get_time                 (abs)        0000
__size_of_get_tripwire             (abs)        0000
__size_of_initOscilador            (abs)        0000
__size_of_main                     (abs)        0000
__size_of_manual_pwm               (abs)        0000
__size_of_open_door                (abs)        0000
__size_of_setup                    (abs)        0000
__size_of_sprintf                  (abs)        0000
__size_of_strcat                   (abs)        0000
__size_of_strcmp                   (abs)        0000
__stringbase                       strings      050F
__stringtab                        strings      0500
_alarm                             bssBANK0     0044
_bank                              bssBANK0     0043
_change                            bssBANK0     0048
_change1                           bssBANK0     0047
_close_door                        text24       0C6B
_cont                              bssBANK0     0042
_day1                              bssBANK0     004B
_day2                              bssBANK0     004E
_door                              bssCOMMON    007A
_dpowers                           strings      0510
_get_IR                            text22       0CC0
_get_PIR                           text21       0CE3
_get_day                           text19       0E41
_get_hall                          text18       0D06
_get_temp                          text12       05B3
_get_time                          text11       06E5
_get_tripwire                      text10       0D29
_i                                 bssBANK0     004A
_initOscilador                     text3        0F4B
_j                                 bssBANK0     0049
_main                              maintext     001D
_manual_pwm                        text37       0CA1
_open_door                         text9        0C86
_setup                             text2        0EFA
_sprintf                           text14       02FE
_state                             bssCOMMON    0078
_strcat                            text13       0D4C
_strcmp                            text1        0D70
_temp                              bssBANK0     004F
_time                              bssBANK0     0055
_trip                              bssCOMMON    0079
_val                               bssBANK0     0041
btemp                              (abs)        007E
clear_ram0                         clrtext      0C00
end_of_initialization              cinit        0019
get_IR@IR                          cstackBANK0  0022
get_PIR@PIR                        cstackBANK0  0022
get_day@d                          cstackBANK0  0022
get_hall@key                       cstackBANK0  0022
get_temp@decimal                   cstackBANK0  0039
get_temp@tempLSB                   cstackBANK0  003E
get_temp@tempMSB                   cstackBANK0  003C
get_temp@temp_string               cstackBANK0  003D
get_time@hour                      cstackBANK0  0024
get_time@min                       cstackBANK0  0025
get_time@time_string               cstackBANK0  0026
get_tripwire@trip                  cstackBANK0  0022
initOscilador@option               cstackCOMMON 0075
interrupt_function                 intentry     0004
intlevel0                          functab      0000
intlevel1                          functab      0000
intlevel2                          functab      0000
intlevel3                          functab      0000
intlevel4                          functab      0000
intlevel5                          functab      0000
reset_vec                          reset_vec    0000
saved_w                            (abs)        007E
sprintf@ap                         cstackBANK0  002F
sprintf@c                          cstackBANK0  0035
sprintf@f                          cstackBANK0  0029
sprintf@flag                       cstackBANK0  0030
sprintf@prec                       cstackBANK0  0031
sprintf@sp                         cstackBANK0  0034
sprintf@val                        cstackBANK0  0032
start                              init         000C
start_initialization               cinit        000F
strcat@cp                          cstackCOMMON 0076
strcat@from                        cstackCOMMON 0073
strcat@to                          cstackCOMMON 0075
strcmp@r                           cstackBANK0  0020
strcmp@s1                          cstackBANK0  0021
strcmp@s2                          cstackCOMMON 0073
wtemp0                             (abs)        007E


FUNCTION INFORMATION:

 *************** function _main *****************
 Defined at:
		line 75 in file "mainMaster.c"
 Parameters:    Size  Location     Type
		None
 Auto vars:     Size  Location     Type
		None
 Return value:  Size  Location     Type
                  1    wreg      void 
 Registers used:
		wreg, fsr0l, fsr0h, status,2, status,0, btemp+1, pclath, cstack
 Tracked objects:
		On entry : 
		On exit  : 
		Unchanged: 
 Data sizes:     COMMON   BANK0   BANK1   BANK3   BANK2
      Params:         0       0       0       0       0
      Locals:         0       0       0       0       0
      Temps:          0       2       0       0       0
      Totals:         0       2       0       0       0
Total ram usage:        2 bytes
 Hardware stack levels required when called:    5
 This function calls:
		_Lcd_Clear
		_Lcd_Set_Cursor
		_Lcd_Write_Char
		_Lcd_Write_String
		_UART_TX_Empty
		_UART_Write
		_close_door
		_get_IR
		_get_PIR
		_get_day
		_get_hall
		_get_temp
		_get_time
		_get_tripwire
		_open_door
		_setup
		_strcmp
 This function is called by:
		Startup code after reset
 This function uses a non-reentrant model


 *************** function _strcmp *****************
 Defined at:
		line 33 in file "D:\Program Files (x86)\Microchip\xc8\v2.05\pic\sources\c90\common\strcmp.c"
 Parameters:    Size  Location     Type
  s1              1    wreg     PTR const unsigned char 
		 -> temp(6), 
  s2              1    3[COMMON] PTR const unsigned char 
		 -> STR_9(6), 
 Auto vars:     Size  Location     Type
  s1              1    1[BANK0 ] PTR const unsigned char 
		 -> temp(6), 
  r               1    0[BANK0 ] char 
 Return value:  Size  Location     Type
                  2    3[COMMON] int 
 Registers used:
		wreg, fsr0l, fsr0h, status,2, status,0, pclath
 Tracked objects:
		On entry : 
		On exit  : 
		Unchanged: 
 Data sizes:     COMMON   BANK0   BANK1   BANK3   BANK2
      Params:         2       0       0       0       0
      Locals:         0       2       0       0       0
      Temps:          3       0       0       0       0
      Totals:         5       2       0       0       0
Total ram usage:        7 bytes
 Hardware stack levels used:    2
 Hardware stack levels required when called:    1
 This function calls:
		Nothing
 This function is called by:
		_main
 This function uses a non-reentrant model


 *************** function _setup *****************
 Defined at:
		line 303 in file "mainMaster.c"
 Parameters:    Size  Location     Type
		None
 Auto vars:     Size  Location     Type
		None
 Return value:  Size  Location     Type
                  1    wreg      void 
 Registers used:
		wreg, fsr0l, fsr0h, status,2, status,0, pclath, cstack
 Tracked objects:
		On entry : 
		On exit  : 
		Unchanged: 
 Data sizes:     COMMON   BANK0   BANK1   BANK3   BANK2
      Params:         0       0       0       0       0
      Locals:         0       0       0       0       0
      Temps:          0       0       0       0       0
      Totals:         0       0       0       0       0
Total ram usage:        0 bytes
 Hardware stack levels used:    1
 Hardware stack levels required when called:    4
 This function calls:
		_I2C_Master_Init
		_Lcd_Init
		_UART_Init
		_initOscilador
 This function is called by:
		_main
 This function uses a non-reentrant model


 *************** function _initOscilador *****************
 Defined at:
		line 11 in file "./Oscilador.h"
 Parameters:    Size  Location     Type
  option          1    wreg     unsigned char 
 Auto vars:     Size  Location     Type
  option          1    5[COMMON] unsigned char 
 Return value:  Size  Location     Type
                  1    wreg      void 
 Registers used:
		wreg, fsr0l, fsr0h, status,2, status,0
 Tracked objects:
		On entry : 
		On exit  : 
		Unchanged: 
 Data sizes:     COMMON   BANK0   BANK1   BANK3   BANK2
      Params:         0       0       0       0       0
      Locals:         1       0       0       0       0
      Temps:          2       0       0       0       0
      Totals:         3       0       0       0       0
Total ram usage:        3 bytes
 Hardware stack levels used:    1
 Hardware stack levels required when called:    1
 This function calls:
		Nothing
 This function is called by:
		_setup
 This function uses a non-reentrant model


 *************** function _UART_Init *****************
 Defined at:
		line 8 in file "./UART.h"
 Parameters:    Size  Location     Type
  baudrate        4   14[BANK0 ] const long 
 Auto vars:     Size  Location     Type
  x               2    4[COMMON] unsigned int 
 Return value:  Size  Location     Type
                  1    wreg      unsigned char 
 Registers used:
		wreg, status,2, status,0, pclath, cstack
 Tracked objects:
		On entry : 
		On exit  : 
		Unchanged: 
 Data sizes:     COMMON   BANK0   BANK1   BANK3   BANK2
      Params:         0       4       0       0       0
      Locals:         2       0       0       0       0
      Temps:          0      12       0       0       0
      Totals:         2      16       0       0       0
Total ram usage:       18 bytes
 Hardware stack levels used:    1
 Hardware stack levels required when called:    2
 This function calls:
		___aldiv
 This function is called by:
		_setup
 This function uses a non-reentrant model


 *************** function ___aldiv *****************
 Defined at:
		line 5 in file "D:\Program Files (x86)\Microchip\xc8\v2.05\pic\sources\c90\common\aldiv.c"
 Parameters:    Size  Location     Type
  divisor         4    0[BANK0 ] long 
  dividend        4    4[BANK0 ] long 
 Auto vars:     Size  Location     Type
  quotient        4   10[BANK0 ] long 
  sign            1    9[BANK0 ] unsigned char 
  counter         1    8[BANK0 ] unsigned char 
 Return value:  Size  Location     Type
                  4    0[BANK0 ] long 
 Registers used:
		wreg, status,2, status,0
 Tracked objects:
		On entry : 
		On exit  : 
		Unchanged: 
 Data sizes:     COMMON   BANK0   BANK1   BANK3   BANK2
      Params:         0       8       0       0       0
      Locals:         0       6       0       0       0
      Temps:          1       0       0       0       0
      Totals:         1      14       0       0       0
Total ram usage:       15 bytes
 Hardware stack levels used:    1
 Hardware stack levels required when called:    1
 This function calls:
		Nothing
 This function is called by:
		_UART_Init
 This function uses a non-reentrant model


 *************** function _Lcd_Init *****************
 Defined at:
		line 65 in file "./LCD4bits.h"
 Parameters:    Size  Location     Type
		None
 Auto vars:     Size  Location     Type
		None
 Return value:  Size  Location     Type
                  1    wreg      void 
 Registers used:
		wreg, status,2, status,0, pclath, cstack
 Tracked objects:
		On entry : 
		On exit  : 
		Unchanged: 
 Data sizes:     COMMON   BANK0   BANK1   BANK3   BANK2
      Params:         0       0       0       0       0
      Locals:         0       0       0       0       0
      Temps:          0       2       0       0       0
      Totals:         0       2       0       0       0
Total ram usage:        2 bytes
 Hardware stack levels used:    1
 Hardware stack levels required when called:    3
 This function calls:
		_Lcd_Cmd
		_Lcd_Port
 This function is called by:
		_setup
 This function uses a non-reentrant model


 *************** function _I2C_Master_Init *****************
 Defined at:
		line 16 in file "./I2C.h"
 Parameters:    Size  Location     Type
  c               4   13[BANK0 ] const unsigned long 
 Auto vars:     Size  Location     Type
		None
 Return value:  Size  Location     Type
                  1    wreg      void 
 Registers used:
		wreg, status,2, status,0, pclath, cstack
 Tracked objects:
		On entry : 
		On exit  : 
		Unchanged: 
 Data sizes:     COMMON   BANK0   BANK1   BANK3   BANK2
      Params:         0       4       0       0       0
      Locals:         0       0       0       0       0
      Temps:          4       0       0       0       0
      Totals:         4       4       0       0       0
Total ram usage:        8 bytes
 Hardware stack levels used:    1
 Hardware stack levels required when called:    2
 This function calls:
		___lldiv
 This function is called by:
		_setup
 This function uses a non-reentrant model


 *************** function ___lldiv *****************
 Defined at:
		line 5 in file "D:\Program Files (x86)\Microchip\xc8\v2.05\pic\sources\c90\common\__lldiv.c"
 Parameters:    Size  Location     Type
  divisor         4    0[BANK0 ] unsigned long 
  dividend        4    4[BANK0 ] unsigned long 
 Auto vars:     Size  Location     Type
  quotient        4    8[BANK0 ] unsigned long 
  counter         1   12[BANK0 ] unsigned char 
 Return value:  Size  Location     Type
                  4    0[BANK0 ] unsigned long 
 Registers used:
		wreg, status,2, status,0
 Tracked objects:
		On entry : 
		On exit  : 
		Unchanged: 
 Data sizes:     COMMON   BANK0   BANK1   BANK3   BANK2
      Params:         0       8       0       0       0
      Locals:         0       5       0       0       0
      Temps:          1       0       0       0       0
      Totals:         1      13       0       0       0
Total ram usage:       14 bytes
 Hardware stack levels used:    1
 Hardware stack levels required when called:    1
 This function calls:
		Nothing
 This function is called by:
		_I2C_Master_Init
 This function uses a non-reentrant model


 *************** function _open_door *****************
 Defined at:
		line 457 in file "mainMaster.c"
 Parameters:    Size  Location     Type
		None
 Auto vars:     Size  Location     Type
		None
 Return value:  Size  Location     Type
                  1    wreg      void 
 Registers used:
		wreg, status,2, status,0, pclath, cstack
 Tracked objects:
		On entry : 
		On exit  : 
		Unchanged: 
 Data sizes:     COMMON   BANK0   BANK1   BANK3   BANK2
      Params:         0       0       0       0       0
      Locals:         0       0       0       0       0
      Temps:          0       0       0       0       0
      Totals:         0       0       0       0       0
Total ram usage:        0 bytes
 Hardware stack levels used:    1
 Hardware stack levels required when called:    3
 This function calls:
		_I2C_Master_Start
		_I2C_Master_Stop
		_I2C_Master_Write
 This function is called by:
		_main
 This function uses a non-reentrant model


 *************** function _get_tripwire *****************
 Defined at:
		line 421 in file "mainMaster.c"
 Parameters:    Size  Location     Type
		None
 Auto vars:     Size  Location     Type
  trip            1    2[BANK0 ] unsigned char 
 Return value:  Size  Location     Type
                  1    wreg      unsigned char 
 Registers used:
		wreg, status,2, status,0, pclath, cstack
 Tracked objects:
		On entry : 
		On exit  : 
		Unchanged: 
 Data sizes:     COMMON   BANK0   BANK1   BANK3   BANK2
      Params:         0       0       0       0       0
      Locals:         0       1       0       0       0
      Temps:          1       0       0       0       0
      Totals:         1       1       0       0       0
Total ram usage:        2 bytes
 Hardware stack levels used:    1
 Hardware stack levels required when called:    3
 This function calls:
		_I2C_Master_Read
		_I2C_Master_Start
		_I2C_Master_Stop
		_I2C_Master_Write
 This function is called by:
		_main
 This function uses a non-reentrant model


 *************** function _get_time *****************
 Defined at:
		line 346 in file "mainMaster.c"
 Parameters:    Size  Location     Type
  time_string     1    wreg     PTR unsigned char 
		 -> time(6), 
 Auto vars:     Size  Location     Type
  time_string     1    6[BANK0 ] PTR unsigned char 
		 -> time(6), 
  min             1    5[BANK0 ] unsigned char 
  hour            1    4[BANK0 ] unsigned char 
 Return value:  Size  Location     Type
                  1    wreg      void 
 Registers used:
		wreg, fsr0l, fsr0h, status,2, status,0, pclath, cstack
 Tracked objects:
		On entry : 
		On exit  : 
		Unchanged: 
 Data sizes:     COMMON   BANK0   BANK1   BANK3   BANK2
      Params:         0       0       0       0       0
      Locals:         0       3       0       0       0
      Temps:          0       2       0       0       0
      Totals:         0       5       0       0       0
Total ram usage:        5 bytes
 Hardware stack levels used:    1
 Hardware stack levels required when called:    3
 This function calls:
		_I2C_Master_Read
		_I2C_Master_RepeatedStart
		_I2C_Master_Start
		_I2C_Master_Stop
		_I2C_Master_Write
 This function is called by:
		_main
 This function uses a non-reentrant model


 *************** function _get_temp *****************
 Defined at:
		line 382 in file "mainMaster.c"
 Parameters:    Size  Location     Type
  temp_string     1    wreg     PTR unsigned char 
		 -> temp(6), 
 Auto vars:     Size  Location     Type
  temp_string     1   29[BANK0 ] PTR unsigned char 
		 -> temp(6), 
  decimal         3   25[BANK0 ] unsigned char [3]
  tempLSB         1   30[BANK0 ] unsigned char 
  tempMSB         1   28[BANK0 ] unsigned char 
 Return value:  Size  Location     Type
                  1    wreg      void 
 Registers used:
		wreg, fsr0l, fsr0h, status,2, status,0, btemp+1, pclath, cstack
 Tracked objects:
		On entry : 
		On exit  : 
		Unchanged: 
 Data sizes:     COMMON   BANK0   BANK1   BANK3   BANK2
      Params:         0       0       0       0       0
      Locals:         0       6       0       0       0
      Temps:          0       3       0       0       0
      Totals:         0       9       0       0       0
Total ram usage:        9 bytes
 Hardware stack levels used:    1
 Hardware stack levels required when called:    3
 This function calls:
		_I2C_Master_Read
		_I2C_Master_RepeatedStart
		_I2C_Master_Start
		_I2C_Master_Stop
		_I2C_Master_Write
		___bmul
		_sprintf
		_strcat
 This function is called by:
		_main
 This function uses a non-reentrant model


 *************** function _strcat *****************
 Defined at:
		line 8 in file "D:\Program Files (x86)\Microchip\xc8\v2.05\pic\sources\c90\common\strcat.c"
 Parameters:    Size  Location     Type
  to              1    wreg     PTR unsigned char 
		 -> temp(6), 
  from            1    3[COMMON] PTR const unsigned char 
		 -> get_temp@decimal(3), 
 Auto vars:     Size  Location     Type
  to              1    5[COMMON] PTR unsigned char 
		 -> temp(6), 
  cp              1    6[COMMON] PTR unsigned char 
		 -> temp(6), 
 Return value:  Size  Location     Type
                  1    wreg      PTR unsigned char 
 Registers used:
		wreg, fsr0l, fsr0h, status,2, status,0
 Tracked objects:
		On entry : 
		On exit  : 
		Unchanged: 
 Data sizes:     COMMON   BANK0   BANK1   BANK3   BANK2
      Params:         1       0       0       0       0
      Locals:         2       0       0       0       0
      Temps:          1       0       0       0       0
      Totals:         4       0       0       0       0
Total ram usage:        4 bytes
 Hardware stack levels used:    1
 Hardware stack levels required when called:    1
 This function calls:
		Nothing
 This function is called by:
		_get_temp
 This function uses a non-reentrant model


 *************** function _sprintf *****************
 Defined at:
		line 500 in file "D:\Program Files (x86)\Microchip\xc8\v2.05\pic\sources\c90\common\doprnt.c"
 Parameters:    Size  Location     Type
  sp              1    wreg     PTR unsigned char 
		 -> get_temp@decimal(3), temp(6), 
  f               1    9[BANK0 ] PTR const unsigned char 
		 -> STR_20(4), STR_19(5), STR_18(3), 
 Auto vars:     Size  Location     Type
  sp              1   20[BANK0 ] PTR unsigned char 
		 -> get_temp@decimal(3), temp(6), 
  tmpval          4    0        struct .
  val             2   18[BANK0 ] unsigned int 
  cp              2    0        PTR const unsigned char 
  len             2    0        unsigned int 
  c               1   21[BANK0 ] unsigned char 
  prec            1   17[BANK0 ] char 
  flag            1   16[BANK0 ] unsigned char 
  ap              1   15[BANK0 ] PTR void [1]
		 -> ?_sprintf(2), 
 Return value:  Size  Location     Type
                  2    9[BANK0 ] int 
 Registers used:
		wreg, fsr0l, fsr0h, status,2, status,0, btemp+1, pclath, cstack
 Tracked objects:
		On entry : 
		On exit  : 
		Unchanged: 
 Data sizes:     COMMON   BANK0   BANK1   BANK3   BANK2
      Params:         0       3       0       0       0
      Locals:         0       7       0       0       0
      Temps:          0       3       0       0       0
      Totals:         0      13       0       0       0
Total ram usage:       13 bytes
 Hardware stack levels used:    1
 Hardware stack levels required when called:    2
 This function calls:
		___lwdiv
		___lwmod
 This function is called by:
		_get_temp
 This function uses a non-reentrant model


 *************** function ___lwmod *****************
 Defined at:
		line 5 in file "D:\Program Files (x86)\Microchip\xc8\v2.05\pic\sources\c90\common\lwmod.c"
 Parameters:    Size  Location     Type
  divisor         2    3[BANK0 ] unsigned int 
  dividend        2    5[BANK0 ] unsigned int 
 Auto vars:     Size  Location     Type
  counter         1    8[BANK0 ] unsigned char 
 Return value:  Size  Location     Type
                  2    3[BANK0 ] unsigned int 
 Registers used:
		wreg, status,2, status,0
 Tracked objects:
		On entry : 
		On exit  : 
		Unchanged: 
 Data sizes:     COMMON   BANK0   BANK1   BANK3   BANK2
      Params:         0       4       0       0       0
      Locals:         0       1       0       0       0
      Temps:          0       1       0       0       0
      Totals:         0       6       0       0       0
Total ram usage:        6 bytes
 Hardware stack levels used:    1
 Hardware stack levels required when called:    1
 This function calls:
		Nothing
 This function is called by:
		_sprintf
 This function uses a non-reentrant model


 *************** function ___lwdiv *****************
 Defined at:
		line 5 in file "D:\Program Files (x86)\Microchip\xc8\v2.05\pic\sources\c90\common\lwdiv.c"
 Parameters:    Size  Location     Type
  divisor         2    3[COMMON] unsigned int 
  dividend        2    5[COMMON] unsigned int 
 Auto vars:     Size  Location     Type
  quotient        2    1[BANK0 ] unsigned int 
  counter         1    0[BANK0 ] unsigned char 
 Return value:  Size  Location     Type
                  2    3[COMMON] unsigned int 
 Registers used:
		wreg, status,2, status,0
 Tracked objects:
		On entry : 
		On exit  : 
		Unchanged: 
 Data sizes:     COMMON   BANK0   BANK1   BANK3   BANK2
      Params:         4       0       0       0       0
      Locals:         0       3       0       0       0
      Temps:          1       0       0       0       0
      Totals:         5       3       0       0       0
Total ram usage:        8 bytes
 Hardware stack levels used:    1
 Hardware stack levels required when called:    1
 This function calls:
		Nothing
 This function is called by:
		_sprintf
 This function uses a non-reentrant model


 *************** function ___bmul *****************
 Defined at:
		line 4 in file "D:\Program Files (x86)\Microchip\xc8\v2.05\pic\sources\c90\common\Umul8.c"
 Parameters:    Size  Location     Type
  multiplier      1    wreg     unsigned char 
  multiplicand    1    3[COMMON] unsigned char 
 Auto vars:     Size  Location     Type
  multiplier      1    6[COMMON] unsigned char 
  product         1    5[COMMON] unsigned char 
 Return value:  Size  Location     Type
                  1    wreg      unsigned char 
 Registers used:
		wreg, status,2, status,0
 Tracked objects:
		On entry : 
		On exit  : 
		Unchanged: 
 Data sizes:     COMMON   BANK0   BANK1   BANK3   BANK2
      Params:         1       0       0       0       0
      Locals:         2       0       0       0       0
      Temps:          1       0       0       0       0
      Totals:         4       0       0       0       0
Total ram usage:        4 bytes
 Hardware stack levels used:    1
 Hardware stack levels required when called:    1
 This function calls:
		Nothing
 This function is called by:
		_get_temp
 This function uses a non-reentrant model


 *************** function _get_hall *****************
 Defined at:
		line 409 in file "mainMaster.c"
 Parameters:    Size  Location     Type
		None
 Auto vars:     Size  Location     Type
  key             1    2[BANK0 ] unsigned char 
 Return value:  Size  Location     Type
                  1    wreg      unsigned char 
 Registers used:
		wreg, status,2, status,0, pclath, cstack
 Tracked objects:
		On entry : 
		On exit  : 
		Unchanged: 
 Data sizes:     COMMON   BANK0   BANK1   BANK3   BANK2
      Params:         0       0       0       0       0
      Locals:         0       1       0       0       0
      Temps:          1       0       0       0       0
      Totals:         1       1       0       0       0
Total ram usage:        2 bytes
 Hardware stack levels used:    1
 Hardware stack levels required when called:    3
 This function calls:
		_I2C_Master_Read
		_I2C_Master_Start
		_I2C_Master_Stop
		_I2C_Master_Write
 This function is called by:
		_main
 This function uses a non-reentrant model


 *************** function _get_day *****************
 Defined at:
		line 367 in file "mainMaster.c"
 Parameters:    Size  Location     Type
		None
 Auto vars:     Size  Location     Type
  d               1    2[BANK0 ] unsigned char 
 Return value:  Size  Location     Type
                  1    wreg      unsigned char 
 Registers used:
		wreg, status,2, status,0, pclath, cstack
 Tracked objects:
		On entry : 
		On exit  : 
		Unchanged: 
 Data sizes:     COMMON   BANK0   BANK1   BANK3   BANK2
      Params:         0       0       0       0       0
      Locals:         0       1       0       0       0
      Temps:          1       0       0       0       0
      Totals:         1       1       0       0       0
Total ram usage:        2 bytes
 Hardware stack levels used:    1
 Hardware stack levels required when called:    3
 This function calls:
		_I2C_Master_Read
		_I2C_Master_RepeatedStart
		_I2C_Master_Start
		_I2C_Master_Stop
		_I2C_Master_Write
 This function is called by:
		_main
 This function uses a non-reentrant model


 *************** function _I2C_Master_RepeatedStart *****************
 Defined at:
		line 47 in file "./I2C.h"
 Parameters:    Size  Location     Type
		None
 Auto vars:     Size  Location     Type
		None
 Return value:  Size  Location     Type
                  1    wreg      void 
 Registers used:
		wreg, status,2, status,0, pclath, cstack
 Tracked objects:
		On entry : 
		On exit  : 
		Unchanged: 
 Data sizes:     COMMON   BANK0   BANK1   BANK3   BANK2
      Params:         0       0       0       0       0
      Locals:         0       0       0       0       0
      Temps:          0       0       0       0       0
      Totals:         0       0       0       0       0
Total ram usage:        0 bytes
 Hardware stack levels used:    1
 Hardware stack levels required when called:    2
 This function calls:
		_I2C_Master_Wait
 This function is called by:
		_get_time
		_get_day
		_get_temp
 This function uses a non-reentrant model


 *************** function _get_PIR *****************
 Defined at:
		line 433 in file "mainMaster.c"
 Parameters:    Size  Location     Type
		None
 Auto vars:     Size  Location     Type
  PIR             1    2[BANK0 ] unsigned char 
 Return value:  Size  Location     Type
                  1    wreg      unsigned char 
 Registers used:
		wreg, status,2, status,0, pclath, cstack
 Tracked objects:
		On entry : 
		On exit  : 
		Unchanged: 
 Data sizes:     COMMON   BANK0   BANK1   BANK3   BANK2
      Params:         0       0       0       0       0
      Locals:         0       1       0       0       0
      Temps:          1       0       0       0       0
      Totals:         1       1       0       0       0
Total ram usage:        2 bytes
 Hardware stack levels used:    1
 Hardware stack levels required when called:    3
 This function calls:
		_I2C_Master_Read
		_I2C_Master_Start
		_I2C_Master_Stop
		_I2C_Master_Write
 This function is called by:
		_main
 This function uses a non-reentrant model


 *************** function _get_IR *****************
 Defined at:
		line 445 in file "mainMaster.c"
 Parameters:    Size  Location     Type
		None
 Auto vars:     Size  Location     Type
  IR              1    2[BANK0 ] unsigned char 
 Return value:  Size  Location     Type
                  1    wreg      unsigned char 
 Registers used:
		wreg, status,2, status,0, pclath, cstack
 Tracked objects:
		On entry : 
		On exit  : 
		Unchanged: 
 Data sizes:     COMMON   BANK0   BANK1   BANK3   BANK2
      Params:         0       0       0       0       0
      Locals:         0       1       0       0       0
      Temps:          1       0       0       0       0
      Totals:         1       1       0       0       0
Total ram usage:        2 bytes
 Hardware stack levels used:    1
 Hardware stack levels required when called:    3
 This function calls:
		_I2C_Master_Read
		_I2C_Master_Start
		_I2C_Master_Stop
		_I2C_Master_Write
 This function is called by:
		_main
 This function uses a non-reentrant model


 *************** function _I2C_Master_Read *****************
 Defined at:
		line 74 in file "./I2C.h"
 Parameters:    Size  Location     Type
  a               2    3[COMMON] unsigned short 
 Auto vars:     Size  Location     Type
  temp            2    0[BANK0 ] unsigned short 
 Return value:  Size  Location     Type
                  2    3[COMMON] unsigned short 
 Registers used:
		wreg, status,2, status,0, pclath, cstack
 Tracked objects:
		On entry : 
		On exit  : 
		Unchanged: 
 Data sizes:     COMMON   BANK0   BANK1   BANK3   BANK2
      Params:         2       0       0       0       0
      Locals:         0       2       0       0       0
      Temps:          2       0       0       0       0
      Totals:         4       2       0       0       0
Total ram usage:        6 bytes
 Hardware stack levels used:    1
 Hardware stack levels required when called:    2
 This function calls:
		_I2C_Master_Wait
 This function is called by:
		_get_time
		_get_day
		_get_temp
		_get_hall
		_get_tripwire
		_get_PIR
		_get_IR
 This function uses a non-reentrant model


 *************** function _close_door *****************
 Defined at:
		line 466 in file "mainMaster.c"
 Parameters:    Size  Location     Type
		None
 Auto vars:     Size  Location     Type
		None
 Return value:  Size  Location     Type
                  1    wreg      void 
 Registers used:
		wreg, status,2, status,0, pclath, cstack
 Tracked objects:
		On entry : 
		On exit  : 
		Unchanged: 
 Data sizes:     COMMON   BANK0   BANK1   BANK3   BANK2
      Params:         0       0       0       0       0
      Locals:         0       0       0       0       0
      Temps:          0       0       0       0       0
      Totals:         0       0       0       0       0
Total ram usage:        0 bytes
 Hardware stack levels used:    1
 Hardware stack levels required when called:    3
 This function calls:
		_I2C_Master_Start
		_I2C_Master_Stop
		_I2C_Master_Write
 This function is called by:
		_main
 This function uses a non-reentrant model


 *************** function _I2C_Master_Write *****************
 Defined at:
		line 65 in file "./I2C.h"
 Parameters:    Size  Location     Type
  d               2    3[COMMON] unsigned int 
 Auto vars:     Size  Location     Type
		None
 Return value:  Size  Location     Type
                  1    wreg      void 
 Registers used:
		wreg, status,2, status,0, pclath, cstack
 Tracked objects:
		On entry : 
		On exit  : 
		Unchanged: 
 Data sizes:     COMMON   BANK0   BANK1   BANK3   BANK2
      Params:         2       0       0       0       0
      Locals:         0       0       0       0       0
      Temps:          0       0       0       0       0
      Totals:         2       0       0       0       0
Total ram usage:        2 bytes
 Hardware stack levels used:    1
 Hardware stack levels required when called:    2
 This function calls:
		_I2C_Master_Wait
 This function is called by:
		_get_time
		_get_day
		_get_temp
		_get_hall
		_get_tripwire
		_get_PIR
		_get_IR
		_open_door
		_close_door
		_write_RTC
 This function uses a non-reentrant model


 *************** function _I2C_Master_Stop *****************
 Defined at:
		line 55 in file "./I2C.h"
 Parameters:    Size  Location     Type
		None
 Auto vars:     Size  Location     Type
		None
 Return value:  Size  Location     Type
                  1    wreg      void 
 Registers used:
		wreg, status,2, status,0, pclath, cstack
 Tracked objects:
		On entry : 
		On exit  : 
		Unchanged: 
 Data sizes:     COMMON   BANK0   BANK1   BANK3   BANK2
      Params:         0       0       0       0       0
      Locals:         0       0       0       0       0
      Temps:          0       0       0       0       0
      Totals:         0       0       0       0       0
Total ram usage:        0 bytes
 Hardware stack levels used:    1
 Hardware stack levels required when called:    2
 This function calls:
		_I2C_Master_Wait
 This function is called by:
		_get_time
		_get_day
		_get_temp
		_get_hall
		_get_tripwire
		_get_PIR
		_get_IR
		_open_door
		_close_door
		_write_RTC
 This function uses a non-reentrant model


 *************** function _I2C_Master_Start *****************
 Defined at:
		line 39 in file "./I2C.h"
 Parameters:    Size  Location     Type
		None
 Auto vars:     Size  Location     Type
		None
 Return value:  Size  Location     Type
                  1    wreg      void 
 Registers used:
		wreg, status,2, status,0, pclath, cstack
 Tracked objects:
		On entry : 
		On exit  : 
		Unchanged: 
 Data sizes:     COMMON   BANK0   BANK1   BANK3   BANK2
      Params:         0       0       0       0       0
      Locals:         0       0       0       0       0
      Temps:          0       0       0       0       0
      Totals:         0       0       0       0       0
Total ram usage:        0 bytes
 Hardware stack levels used:    1
 Hardware stack levels required when called:    2
 This function calls:
		_I2C_Master_Wait
 This function is called by:
		_get_time
		_get_day
		_get_temp
		_get_hall
		_get_tripwire
		_get_PIR
		_get_IR
		_open_door
		_close_door
		_write_RTC
 This function uses a non-reentrant model


 *************** function _I2C_Master_Wait *****************
 Defined at:
		line 32 in file "./I2C.h"
 Parameters:    Size  Location     Type
		None
 Auto vars:     Size  Location     Type
		None
 Return value:  Size  Location     Type
                  1    wreg      void 
 Registers used:
		wreg, status,2
 Tracked objects:
		On entry : 
		On exit  : 
		Unchanged: 
 Data sizes:     COMMON   BANK0   BANK1   BANK3   BANK2
      Params:         0       0       0       0       0
      Locals:         0       0       0       0       0
      Temps:          0       0       0       0       0
      Totals:         0       0       0       0       0
Total ram usage:        0 bytes
 Hardware stack levels used:    1
 Hardware stack levels required when called:    1
 This function calls:
		Nothing
 This function is called by:
		_I2C_Master_Start
		_I2C_Master_RepeatedStart
		_I2C_Master_Stop
		_I2C_Master_Write
		_I2C_Master_Read
 This function uses a non-reentrant model


 *************** function _UART_Write *****************
 Defined at:
		line 54 in file "./UART.h"
 Parameters:    Size  Location     Type
  data            1    wreg     unsigned char 
 Auto vars:     Size  Location     Type
  data            1    3[COMMON] unsigned char 
 Return value:  Size  Location     Type
                  1    wreg      void 
 Registers used:
		wreg
 Tracked objects:
		On entry : 
		On exit  : 
		Unchanged: 
 Data sizes:     COMMON   BANK0   BANK1   BANK3   BANK2
      Params:         0       0       0       0       0
      Locals:         1       0       0       0       0
      Temps:          0       0       0       0       0
      Totals:         1       0       0       0       0
Total ram usage:        1 bytes
 Hardware stack levels used:    1
 Hardware stack levels required when called:    1
 This function calls:
		Nothing
 This function is called by:
		_main
		_UART_Write_Text
 This function uses a non-reentrant model


 *************** function _UART_TX_Empty *****************
 Defined at:
		line 31 in file "./UART.h"
 Parameters:    Size  Location     Type
		None
 Auto vars:     Size  Location     Type
		None
 Return value:  Size  Location     Type
                  1    wreg      unsigned char 
 Registers used:
		wreg
 Tracked objects:
		On entry : 
		On exit  : 
		Unchanged: 
 Data sizes:     COMMON   BANK0   BANK1   BANK3   BANK2
      Params:         0       0       0       0       0
      Locals:         0       0       0       0       0
      Temps:          0       0       0       0       0
      Totals:         0       0       0       0       0
Total ram usage:        0 bytes
 Hardware stack levels used:    1
 Hardware stack levels required when called:    1
 This function calls:
		Nothing
 This function is called by:
		_main
 This function uses a non-reentrant model


 *************** function _Lcd_Write_String *****************
 Defined at:
		line 100 in file "./LCD4bits.h"
 Parameters:    Size  Location     Type
  a               2    0[BANK0 ] PTR unsigned char 
		 -> NULL(0), STR_17(7), STR_16(7), STR_15(8), 
		 -> STR_14(8), STR_13(9), STR_12(9), STR_11(12), 
		 -> STR_10(12), STR_8(10), STR_7(10), STR_6(10), 
		 -> STR_5(10), STR_4(10), STR_3(10), STR_2(10), 
		 -> STR_1(10), time(6), temp(6), 
 Auto vars:     Size  Location     Type
  i               2    5[BANK0 ] int 
 Return value:  Size  Location     Type
                  1    wreg      void 
 Registers used:
		wreg, fsr0l, fsr0h, status,2, status,0, btemp+1, pclath, cstack
 Tracked objects:
		On entry : 
		On exit  : 
		Unchanged: 
 Data sizes:     COMMON   BANK0   BANK1   BANK3   BANK2
      Params:         0       2       0       0       0
      Locals:         0       2       0       0       0
      Temps:          0       3       0       0       0
      Totals:         0       7       0       0       0
Total ram usage:        7 bytes
 Hardware stack levels used:    1
 Hardware stack levels required when called:    3
 This function calls:
		_Lcd_Write_Char
 This function is called by:
		_main
 This function uses a non-reentrant model


 *************** function _Lcd_Write_Char *****************
 Defined at:
		line 84 in file "./LCD4bits.h"
 Parameters:    Size  Location     Type
  a               1    wreg     unsigned char 
 Auto vars:     Size  Location     Type
  a               1    7[COMMON] unsigned char 
  y               1    6[COMMON] unsigned char 
  temp            1    5[COMMON] unsigned char 
 Return value:  Size  Location     Type
                  1    wreg      void 
 Registers used:
		wreg, status,2, status,0, pclath, cstack
 Tracked objects:
		On entry : 
		On exit  : 
		Unchanged: 
 Data sizes:     COMMON   BANK0   BANK1   BANK3   BANK2
      Params:         0       0       0       0       0
      Locals:         3       0       0       0       0
      Temps:          1       0       0       0       0
      Totals:         4       0       0       0       0
Total ram usage:        4 bytes
 Hardware stack levels used:    1
 Hardware stack levels required when called:    2
 This function calls:
		_Lcd_Port
 This function is called by:
		_Lcd_Write_String
		_main
 This function uses a non-reentrant model


 *************** function _Lcd_Set_Cursor *****************
 Defined at:
		line 44 in file "./LCD4bits.h"
 Parameters:    Size  Location     Type
  a               1    wreg     unsigned char 
  b               1    7[COMMON] unsigned char 
 Auto vars:     Size  Location     Type
  a               1    2[BANK0 ] unsigned char 
  temp            1    5[BANK0 ] unsigned char 
  y               1    4[BANK0 ] unsigned char 
  z               1    3[BANK0 ] unsigned char 
 Return value:  Size  Location     Type
                  1    wreg      void 
 Registers used:
		wreg, status,2, status,0, pclath, cstack
 Tracked objects:
		On entry : 
		On exit  : 
		Unchanged: 
 Data sizes:     COMMON   BANK0   BANK1   BANK3   BANK2
      Params:         1       0       0       0       0
      Locals:         0       4       0       0       0
      Temps:          0       2       0       0       0
      Totals:         1       6       0       0       0
Total ram usage:        7 bytes
 Hardware stack levels used:    1
 Hardware stack levels required when called:    3
 This function calls:
		_Lcd_Cmd
 This function is called by:
		_main
 This function uses a non-reentrant model


 *************** function _Lcd_Clear *****************
 Defined at:
		line 38 in file "./LCD4bits.h"
 Parameters:    Size  Location     Type
		None
 Auto vars:     Size  Location     Type
		None
 Return value:  Size  Location     Type
                  1    wreg      void 
 Registers used:
		wreg, status,2, status,0, pclath, cstack
 Tracked objects:
		On entry : 
		On exit  : 
		Unchanged: 
 Data sizes:     COMMON   BANK0   BANK1   BANK3   BANK2
      Params:         0       0       0       0       0
      Locals:         0       0       0       0       0
      Temps:          0       0       0       0       0
      Totals:         0       0       0       0       0
Total ram usage:        0 bytes
 Hardware stack levels used:    1
 Hardware stack levels required when called:    3
 This function calls:
		_Lcd_Cmd
 This function is called by:
		_main
 This function uses a non-reentrant model


 *************** function _Lcd_Cmd *****************
 Defined at:
		line 29 in file "./LCD4bits.h"
 Parameters:    Size  Location     Type
  a               1    wreg     unsigned char 
 Auto vars:     Size  Location     Type
  a               1    6[COMMON] unsigned char 
 Return value:  Size  Location     Type
                  1    wreg      void 
 Registers used:
		wreg, status,2, status,0, pclath, cstack
 Tracked objects:
		On entry : 
		On exit  : 
		Unchanged: 
 Data sizes:     COMMON   BANK0   BANK1   BANK3   BANK2
      Params:         0       0       0       0       0
      Locals:         1       0       0       0       0
      Temps:          2       0       0       0       0
      Totals:         3       0       0       0       0
Total ram usage:        3 bytes
 Hardware stack levels used:    1
 Hardware stack levels required when called:    2
 This function calls:
		_Lcd_Port
 This function is called by:
		_Lcd_Clear
		_Lcd_Set_Cursor
		_Lcd_Init
		_Lcd_Shift_Right
		_Lcd_Shift_Left
 This function uses a non-reentrant model


 *************** function _Lcd_Port *****************
 Defined at:
		line 7 in file "./LCD4bits.h"
 Parameters:    Size  Location     Type
  a               1    wreg     unsigned char 
 Auto vars:     Size  Location     Type
  a               1    3[COMMON] unsigned char 
 Return value:  Size  Location     Type
                  1    wreg      void 
 Registers used:
		wreg
 Tracked objects:
		On entry : 
		On exit  : 
		Unchanged: 
 Data sizes:     COMMON   BANK0   BANK1   BANK3   BANK2
      Params:         0       0       0       0       0
      Locals:         1       0       0       0       0
      Temps:          0       0       0       0       0
      Totals:         1       0       0       0       0
Total ram usage:        1 bytes
 Hardware stack levels used:    1
 Hardware stack levels required when called:    1
 This function calls:
		Nothing
 This function is called by:
		_Lcd_Cmd
		_Lcd_Init
		_Lcd_Write_Char
 This function uses a non-reentrant model


 *************** function _manual_pwm *****************
 Defined at:
		line 56 in file "mainMaster.c"
 Parameters:    Size  Location     Type
		None
 Auto vars:     Size  Location     Type
		None
 Return value:  Size  Location     Type
                  1    wreg      void 
 Registers used:
		wreg, status,2, status,0
 Tracked objects:
		On entry : 
		On exit  : 
		Unchanged: 
 Data sizes:     COMMON   BANK0   BANK1   BANK3   BANK2
      Params:         0       0       0       0       0
      Locals:         0       0       0       0       0
      Temps:          3       0       0       0       0
      Totals:         3       0       0       0       0
Total ram usage:        3 bytes
 Hardware stack levels used:    1
 This function calls:
		Nothing
 This function is called by:
		Interrupt level 1
 This function uses a non-reentrant model



MODULE INFORMATION

Module		Function		Class		Link	Load	Size
./LCD4bits.h
		_Lcd_Write_String		CODE           	0EB9	0000	66
		_Lcd_Init      		CODE           	076E	0000	97
		_Lcd_Write_Char		CODE           	0E08	0000	58
		_Lcd_Cmd       		CODE           	0C51	0000	27
		_Lcd_Set_Cursor		CODE           	04B0	0000	81
		_Lcd_Clear     		CODE           	0C1B	0000	12
		_Lcd_Port      		CODE           	0C37	0000	27

./LCD4bits.h estimated size: 368

D:\Program Files (x86)\Microchip\xc8\v2.05\pic\sources\c90\common\doprnt.c
		_sprintf       		CODE           	02FE	0000	219

D:\Program Files (x86)\Microchip\xc8\v2.05\pic\sources\c90\common\doprnt.c estimated size: 219

D:\Program Files (x86)\Microchip\xc8\v2.05\pic\sources\c90\common\lwmod.c
		___lwmod       		CODE           	0D9C	0000	53

D:\Program Files (x86)\Microchip\xc8\v2.05\pic\sources\c90\common\lwmod.c estimated size: 53

./UART.h
		_UART_TX_Empty 		CODE           	0BDD	0000	7
		_UART_Init     		CODE           	03D8	0000	217
		_UART_Write    		CODE           	0C11	0000	11

./UART.h estimated size: 235

mainMaster.c
		_get_hall      		CODE           	0D06	0000	36
		_get_temp      		CODE           	05B3	0000	164
		_get_IR        		CODE           	0CC0	0000	36
		_main          		CODE           	001D	0000	738
		_get_day       		CODE           	0E41	0000	59
		_manual_pwm    		CODE           	0CA1	0000	32
		_get_time      		CODE           	06E5	0000	138
		_open_door     		CODE           	0C86	0000	28
		_setup         		CODE           	0EFA	0000	82
		_get_PIR       		CODE           	0CE3	0000	36
		_get_tripwire  		CODE           	0D29	0000	36
		_close_door    		CODE           	0C6B	0000	28

mainMaster.c estimated size: 1413

D:\Program Files (x86)\Microchip\xc8\v2.05\pic\sources\c90\common\__lldiv.c
		___lldiv       		CODE           	0FA0	0000	97

D:\Program Files (x86)\Microchip\xc8\v2.05\pic\sources\c90\common\__lldiv.c estimated size: 97

D:\Program Files (x86)\Microchip\xc8\v2.05\pic\sources\c90\common\strcat.c
		_strcat        		CODE           	0D4C	0000	37

D:\Program Files (x86)\Microchip\xc8\v2.05\pic\sources\c90\common\strcat.c estimated size: 37

shared
		__stringtab    		STRING         	0500	0000	17
		_dpowers       		STRING         	0510	0000	11
		__initialization		CODE           	000F	0000	11

shared estimated size: 39

D:\Program Files (x86)\Microchip\xc8\v2.05\pic\sources\c90\common\lwdiv.c
		___lwdiv       		CODE           	0E7B	0000	63

D:\Program Files (x86)\Microchip\xc8\v2.05\pic\sources\c90\common\lwdiv.c estimated size: 63

D:\Program Files (x86)\Microchip\xc8\v2.05\pic\sources\c90\common\aldiv.c
		___aldiv       		CODE           	0656	0000	144

D:\Program Files (x86)\Microchip\xc8\v2.05\pic\sources\c90\common\aldiv.c estimated size: 144

D:\Program Files (x86)\Microchip\xc8\v2.05\pic\sources\c90\common\strcmp.c
		_strcmp        		CODE           	0D70	0000	45

D:\Program Files (x86)\Microchip\xc8\v2.05\pic\sources\c90\common\strcmp.c estimated size: 45

D:\Program Files (x86)\Microchip\xc8\v2.05\pic\sources\c90\common\Umul8.c
		___bmul        		CODE           	0C26	0000	18

D:\Program Files (x86)\Microchip\xc8\v2.05\pic\sources\c90\common\Umul8.c estimated size: 18

./Oscilador.h
		_initOscilador 		CODE           	0F4B	0000	86

./Oscilador.h estimated size: 86

./I2C.h
		_I2C_Master_Read		CODE           	07CE	0000	47
		_I2C_Master_Wait		CODE           	0C08	0000	10
		_I2C_Master_Init		CODE           	0DD0	0000	57
		_I2C_Master_Stop		CODE           	0BEA	0000	8
		_I2C_Master_RepeatedStart		CODE           	0BF1	0000	8
		_I2C_Master_Write		CODE           	0BF8	0000	9
		_I2C_Master_Start		CODE           	0BE3	0000	8

./I2C.h estimated size: 147

